Archive member included to satisfy reference by file (symbol)

c:/st/stm32cubeide_1.5.1/stm32cubeide/plugins/com.st.stm32cube.ide.mcu.externaltools.gnu-tools-for-stm32.7-2018-q2-update.win32_1.5.0.202011040924/tools/bin/../lib/gcc/arm-none-eabi/7.3.1/../../../../arm-none-eabi/lib/thumb/v7e-m/fpv4-sp/hard\libc_nano.a(lib_a-errno.o)
                              Core/Src/syscalls.o (__errno)
c:/st/stm32cubeide_1.5.1/stm32cubeide/plugins/com.st.stm32cube.ide.mcu.externaltools.gnu-tools-for-stm32.7-2018-q2-update.win32_1.5.0.202011040924/tools/bin/../lib/gcc/arm-none-eabi/7.3.1/../../../../arm-none-eabi/lib/thumb/v7e-m/fpv4-sp/hard\libc_nano.a(lib_a-exit.o)
                              c:/st/stm32cubeide_1.5.1/stm32cubeide/plugins/com.st.stm32cube.ide.mcu.externaltools.gnu-tools-for-stm32.7-2018-q2-update.win32_1.5.0.202011040924/tools/bin/../lib/gcc/arm-none-eabi/7.3.1/../../../../arm-none-eabi/lib/thumb/v7e-m/fpv4-sp/hard/crt0.o (exit)
c:/st/stm32cubeide_1.5.1/stm32cubeide/plugins/com.st.stm32cube.ide.mcu.externaltools.gnu-tools-for-stm32.7-2018-q2-update.win32_1.5.0.202011040924/tools/bin/../lib/gcc/arm-none-eabi/7.3.1/../../../../arm-none-eabi/lib/thumb/v7e-m/fpv4-sp/hard\libc_nano.a(lib_a-impure.o)
                              c:/st/stm32cubeide_1.5.1/stm32cubeide/plugins/com.st.stm32cube.ide.mcu.externaltools.gnu-tools-for-stm32.7-2018-q2-update.win32_1.5.0.202011040924/tools/bin/../lib/gcc/arm-none-eabi/7.3.1/../../../../arm-none-eabi/lib/thumb/v7e-m/fpv4-sp/hard\libc_nano.a(lib_a-exit.o) (_global_impure_ptr)
c:/st/stm32cubeide_1.5.1/stm32cubeide/plugins/com.st.stm32cube.ide.mcu.externaltools.gnu-tools-for-stm32.7-2018-q2-update.win32_1.5.0.202011040924/tools/bin/../lib/gcc/arm-none-eabi/7.3.1/../../../../arm-none-eabi/lib/thumb/v7e-m/fpv4-sp/hard\libc_nano.a(lib_a-init.o)
                              c:/st/stm32cubeide_1.5.1/stm32cubeide/plugins/com.st.stm32cube.ide.mcu.externaltools.gnu-tools-for-stm32.7-2018-q2-update.win32_1.5.0.202011040924/tools/bin/../lib/gcc/arm-none-eabi/7.3.1/../../../../arm-none-eabi/lib/thumb/v7e-m/fpv4-sp/hard/crt0.o (__libc_init_array)
c:/st/stm32cubeide_1.5.1/stm32cubeide/plugins/com.st.stm32cube.ide.mcu.externaltools.gnu-tools-for-stm32.7-2018-q2-update.win32_1.5.0.202011040924/tools/bin/../lib/gcc/arm-none-eabi/7.3.1/../../../../arm-none-eabi/lib/thumb/v7e-m/fpv4-sp/hard\libc_nano.a(lib_a-memset.o)
                              c:/st/stm32cubeide_1.5.1/stm32cubeide/plugins/com.st.stm32cube.ide.mcu.externaltools.gnu-tools-for-stm32.7-2018-q2-update.win32_1.5.0.202011040924/tools/bin/../lib/gcc/arm-none-eabi/7.3.1/../../../../arm-none-eabi/lib/thumb/v7e-m/fpv4-sp/hard/crt0.o (memset)

Allocating common symbols
Common symbol       size              file

hcan                0x28              Core/Src/main.o
uwTick              0x4               Drivers/STM32F3xx_HAL_Driver/Src/stm32f3xx_hal.o
pFlash              0x20              Drivers/STM32F3xx_HAL_Driver/Src/stm32f3xx_hal_flash.o

Discarded input sections

 .text          0x0000000000000000        0x0 c:/st/stm32cubeide_1.5.1/stm32cubeide/plugins/com.st.stm32cube.ide.mcu.externaltools.gnu-tools-for-stm32.7-2018-q2-update.win32_1.5.0.202011040924/tools/bin/../lib/gcc/arm-none-eabi/7.3.1/thumb/v7e-m/fpv4-sp/hard/crti.o
 .data          0x0000000000000000        0x0 c:/st/stm32cubeide_1.5.1/stm32cubeide/plugins/com.st.stm32cube.ide.mcu.externaltools.gnu-tools-for-stm32.7-2018-q2-update.win32_1.5.0.202011040924/tools/bin/../lib/gcc/arm-none-eabi/7.3.1/thumb/v7e-m/fpv4-sp/hard/crti.o
 .bss           0x0000000000000000        0x0 c:/st/stm32cubeide_1.5.1/stm32cubeide/plugins/com.st.stm32cube.ide.mcu.externaltools.gnu-tools-for-stm32.7-2018-q2-update.win32_1.5.0.202011040924/tools/bin/../lib/gcc/arm-none-eabi/7.3.1/thumb/v7e-m/fpv4-sp/hard/crti.o
 .data          0x0000000000000000        0x4 c:/st/stm32cubeide_1.5.1/stm32cubeide/plugins/com.st.stm32cube.ide.mcu.externaltools.gnu-tools-for-stm32.7-2018-q2-update.win32_1.5.0.202011040924/tools/bin/../lib/gcc/arm-none-eabi/7.3.1/thumb/v7e-m/fpv4-sp/hard/crtbegin.o
 .text          0x0000000000000000       0x74 c:/st/stm32cubeide_1.5.1/stm32cubeide/plugins/com.st.stm32cube.ide.mcu.externaltools.gnu-tools-for-stm32.7-2018-q2-update.win32_1.5.0.202011040924/tools/bin/../lib/gcc/arm-none-eabi/7.3.1/../../../../arm-none-eabi/lib/thumb/v7e-m/fpv4-sp/hard/crt0.o
 .data          0x0000000000000000        0x0 c:/st/stm32cubeide_1.5.1/stm32cubeide/plugins/com.st.stm32cube.ide.mcu.externaltools.gnu-tools-for-stm32.7-2018-q2-update.win32_1.5.0.202011040924/tools/bin/../lib/gcc/arm-none-eabi/7.3.1/../../../../arm-none-eabi/lib/thumb/v7e-m/fpv4-sp/hard/crt0.o
 .bss           0x0000000000000000        0x0 c:/st/stm32cubeide_1.5.1/stm32cubeide/plugins/com.st.stm32cube.ide.mcu.externaltools.gnu-tools-for-stm32.7-2018-q2-update.win32_1.5.0.202011040924/tools/bin/../lib/gcc/arm-none-eabi/7.3.1/../../../../arm-none-eabi/lib/thumb/v7e-m/fpv4-sp/hard/crt0.o
[...]
Memory Configuration

Name             Origin             Length             Attributes
CCMRAM           0x0000000010000000 0x0000000000001000 xrw
RAM              0x0000000020000000 0x0000000000003000 xrw
FLASH            0x0000000008000000 0x0000000000002000 xr
*default*        0x0000000000000000 0xffffffffffffffff

Linker script and memory map

LOAD c:/st/stm32cubeide_1.5.1/stm32cubeide/plugins/com.st.stm32cube.ide.mcu.externaltools.gnu-tools-for-stm32.7-2018-q2-update.win32_1.5.0.202011040924/tools/bin/../lib/gcc/arm-none-eabi/7.3.1/thumb/v7e-m/fpv4-sp/hard/crti.o
LOAD c:/st/stm32cubeide_1.5.1/stm32cubeide/plugins/com.st.stm32cube.ide.mcu.externaltools.gnu-tools-for-stm32.7-2018-q2-update.win32_1.5.0.202011040924/tools/bin/../lib/gcc/arm-none-eabi/7.3.1/thumb/v7e-m/fpv4-sp/hard/crtbegin.o
LOAD c:/st/stm32cubeide_1.5.1/stm32cubeide/plugins/com.st.stm32cube.ide.mcu.externaltools.gnu-tools-for-stm32.7-2018-q2-update.win32_1.5.0.202011040924/tools/bin/../lib/gcc/arm-none-eabi/7.3.1/../../../../arm-none-eabi/lib/thumb/v7e-m/fpv4-sp/hard/crt0.o
LOAD App/app.o
LOAD App/hooks.o
LOAD App/led.o
LOAD Core/Src/main.o
LOAD Core/Src/stm32f3xx_hal_msp.o
LOAD Core/Src/stm32f3xx_it.o
LOAD Core/Src/syscalls.o
LOAD Core/Src/sysmem.o
LOAD Core/Src/system_stm32f3xx.o
LOAD Core/Startup/startup_stm32f303k8tx.o
LOAD Drivers/STM32F3xx_HAL_Driver/Src/stm32f3xx_hal.o
LOAD Drivers/STM32F3xx_HAL_Driver/Src/stm32f3xx_hal_can.o
LOAD Drivers/STM32F3xx_HAL_Driver/Src/stm32f3xx_hal_cortex.o
LOAD Drivers/STM32F3xx_HAL_Driver/Src/stm32f3xx_hal_dma.o
LOAD Drivers/STM32F3xx_HAL_Driver/Src/stm32f3xx_hal_exti.o
LOAD Drivers/STM32F3xx_HAL_Driver/Src/stm32f3xx_hal_flash.o
LOAD Drivers/STM32F3xx_HAL_Driver/Src/stm32f3xx_hal_flash_ex.o
LOAD Drivers/STM32F3xx_HAL_Driver/Src/stm32f3xx_hal_gpio.o
LOAD Drivers/STM32F3xx_HAL_Driver/Src/stm32f3xx_hal_i2c.o
LOAD Drivers/STM32F3xx_HAL_Driver/Src/stm32f3xx_hal_i2c_ex.o
LOAD Drivers/STM32F3xx_HAL_Driver/Src/stm32f3xx_hal_pwr.o
LOAD Drivers/STM32F3xx_HAL_Driver/Src/stm32f3xx_hal_pwr_ex.o
LOAD Drivers/STM32F3xx_HAL_Driver/Src/stm32f3xx_hal_rcc.o
LOAD Drivers/STM32F3xx_HAL_Driver/Src/stm32f3xx_hal_rcc_ex.o
LOAD Drivers/STM32F3xx_HAL_Driver/Src/stm32f3xx_hal_tim.o
LOAD Drivers/STM32F3xx_HAL_Driver/Src/stm32f3xx_hal_tim_ex.o
LOAD Drivers/STM32F3xx_HAL_Driver/Src/stm32f3xx_ll_dma.o
LOAD Drivers/STM32F3xx_HAL_Driver/Src/stm32f3xx_ll_exti.o
LOAD Drivers/STM32F3xx_HAL_Driver/Src/stm32f3xx_ll_gpio.o
LOAD Drivers/STM32F3xx_HAL_Driver/Src/stm32f3xx_ll_rcc.o
LOAD Drivers/STM32F3xx_HAL_Driver/Src/stm32f3xx_ll_usart.o
LOAD Drivers/STM32F3xx_HAL_Driver/Src/stm32f3xx_ll_utils.o
LOAD Loader/ARMCM4_STM32F3/GCC/cpu_comp.o
LOAD Loader/ARMCM4_STM32F3/can.o
LOAD Loader/ARMCM4_STM32F3/cpu.o
LOAD Loader/ARMCM4_STM32F3/flash.o
LOAD Loader/ARMCM4_STM32F3/nvm.o
LOAD Loader/ARMCM4_STM32F3/rs232.o
LOAD Loader/ARMCM4_STM32F3/timer.o
LOAD Loader/ARMCM4_STM32F3/usb.o
LOAD Loader/assert.o
LOAD Loader/backdoor.o
LOAD Loader/boot.o
LOAD Loader/com.o
LOAD Loader/cop.o
LOAD Loader/file.o
LOAD Loader/net.o
LOAD Loader/xcp.o
START GROUP
LOAD c:/st/stm32cubeide_1.5.1/stm32cubeide/plugins/com.st.stm32cube.ide.mcu.externaltools.gnu-tools-for-stm32.7-2018-q2-update.win32_1.5.0.202011040924/tools/bin/../lib/gcc/arm-none-eabi/7.3.1/../../../../arm-none-eabi/lib/thumb/v7e-m/fpv4-sp/hard\libc_nano.a
LOAD c:/st/stm32cubeide_1.5.1/stm32cubeide/plugins/com.st.stm32cube.ide.mcu.externaltools.gnu-tools-for-stm32.7-2018-q2-update.win32_1.5.0.202011040924/tools/bin/../lib/gcc/arm-none-eabi/7.3.1/../../../../arm-none-eabi/lib/thumb/v7e-m/fpv4-sp/hard\libm.a
END GROUP
START GROUP
LOAD c:/st/stm32cubeide_1.5.1/stm32cubeide/plugins/com.st.stm32cube.ide.mcu.externaltools.gnu-tools-for-stm32.7-2018-q2-update.win32_1.5.0.202011040924/tools/bin/../lib/gcc/arm-none-eabi/7.3.1/thumb/v7e-m/fpv4-sp/hard\libgcc.a
LOAD c:/st/stm32cubeide_1.5.1/stm32cubeide/plugins/com.st.stm32cube.ide.mcu.externaltools.gnu-tools-for-stm32.7-2018-q2-update.win32_1.5.0.202011040924/tools/bin/../lib/gcc/arm-none-eabi/7.3.1/../../../../arm-none-eabi/lib/thumb/v7e-m/fpv4-sp/hard\libc_nano.a
END GROUP
START GROUP
LOAD c:/st/stm32cubeide_1.5.1/stm32cubeide/plugins/com.st.stm32cube.ide.mcu.externaltools.gnu-tools-for-stm32.7-2018-q2-update.win32_1.5.0.202011040924/tools/bin/../lib/gcc/arm-none-eabi/7.3.1/thumb/v7e-m/fpv4-sp/hard\libgcc.a
LOAD c:/st/stm32cubeide_1.5.1/stm32cubeide/plugins/com.st.stm32cube.ide.mcu.externaltools.gnu-tools-for-stm32.7-2018-q2-update.win32_1.5.0.202011040924/tools/bin/../lib/gcc/arm-none-eabi/7.3.1/../../../../arm-none-eabi/lib/thumb/v7e-m/fpv4-sp/hard\libc_nano.a
LOAD c:/st/stm32cubeide_1.5.1/stm32cubeide/plugins/com.st.stm32cube.ide.mcu.externaltools.gnu-tools-for-stm32.7-2018-q2-update.win32_1.5.0.202011040924/tools/bin/../lib/gcc/arm-none-eabi/7.3.1/../../../../arm-none-eabi/lib/thumb/v7e-m/fpv4-sp/hard\libnosys.a
END GROUP
START GROUP
LOAD c:/st/stm32cubeide_1.5.1/stm32cubeide/plugins/com.st.stm32cube.ide.mcu.externaltools.gnu-tools-for-stm32.7-2018-q2-update.win32_1.5.0.202011040924/tools/bin/../lib/gcc/arm-none-eabi/7.3.1/thumb/v7e-m/fpv4-sp/hard\libgcc.a
LOAD c:/st/stm32cubeide_1.5.1/stm32cubeide/plugins/com.st.stm32cube.ide.mcu.externaltools.gnu-tools-for-stm32.7-2018-q2-update.win32_1.5.0.202011040924/tools/bin/../lib/gcc/arm-none-eabi/7.3.1/../../../../arm-none-eabi/lib/thumb/v7e-m/fpv4-sp/hard\libc_nano.a
LOAD c:/st/stm32cubeide_1.5.1/stm32cubeide/plugins/com.st.stm32cube.ide.mcu.externaltools.gnu-tools-for-stm32.7-2018-q2-update.win32_1.5.0.202011040924/tools/bin/../lib/gcc/arm-none-eabi/7.3.1/../../../../arm-none-eabi/lib/thumb/v7e-m/fpv4-sp/hard\libnosys.a
END GROUP
LOAD c:/st/stm32cubeide_1.5.1/stm32cubeide/plugins/com.st.stm32cube.ide.mcu.externaltools.gnu-tools-for-stm32.7-2018-q2-update.win32_1.5.0.202011040924/tools/bin/../lib/gcc/arm-none-eabi/7.3.1/thumb/v7e-m/fpv4-sp/hard/crtend.o
LOAD c:/st/stm32cubeide_1.5.1/stm32cubeide/plugins/com.st.stm32cube.ide.mcu.externaltools.gnu-tools-for-stm32.7-2018-q2-update.win32_1.5.0.202011040924/tools/bin/../lib/gcc/arm-none-eabi/7.3.1/thumb/v7e-m/fpv4-sp/hard/crtn.o
                0x0000000020003000                _estack = (ORIGIN (RAM) + LENGTH (RAM))
                0x0000000000000200                _Min_Heap_Size = 0x200
                0x0000000000000400                _Min_Stack_Size = 0x400

.isr_vector     0x0000000008000000      0x188
                0x0000000008000000                . = ALIGN (0x4)
 *(.isr_vector)
 .isr_vector    0x0000000008000000      0x188 Core/Startup/startup_stm32f303k8tx.o
                0x0000000008000000                g_pfnVectors
                0x0000000008000188                . = ALIGN (0x4)

.text           0x0000000008000188     0x1a64
                0x0000000008000188                . = ALIGN (0x4)
 *(.text)
 .text          0x0000000008000188       0x40 c:/st/stm32cubeide_1.5.1/stm32cubeide/plugins/com.st.stm32cube.ide.mcu.externaltools.gnu-tools-for-stm32.7-2018-q2-update.win32_1.5.0.202011040924/tools/bin/../lib/gcc/arm-none-eabi/7.3.1/thumb/v7e-m/fpv4-sp/hard/crtbegin.o
 *(.text*)
 .text.AppInit  0x00000000080001c8        0x4 App/app.o
                0x00000000080001c8                AppInit
 .text.AppTask  0x00000000080001cc        0x4 App/app.o
                0x00000000080001cc                AppTask
 .text.CpuUserProgramStartHook
                0x00000000080001d0       0x16 App/hooks.o
                0x00000000080001d0                CpuUserProgramStartHook
 .text.CopInitHook
                0x00000000080001e6        0x6 App/hooks.o
                0x00000000080001e6                CopInitHook
 .text.CopServiceHook
                0x00000000080001ec        0x4 App/hooks.o
                0x00000000080001ec                CopServiceHook
 .text.LedBlinkInit
                0x00000000080001f0        0xc App/led.o
                0x00000000080001f0                LedBlinkInit
 .text.LedBlinkTask
                0x00000000080001fc       0x44 App/led.o
                0x00000000080001fc                LedBlinkTask
 .text.LedBlinkExit
                0x0000000008000240        0xc App/led.o
                0x0000000008000240                LedBlinkExit
 .text.LL_AHB1_GRP1_EnableClock
                0x000000000800024c       0x1c Core/Src/main.o
 .text.SystemClock_Config
                0x0000000008000268       0xa8 Core/Src/main.o
                0x0000000008000268                SystemClock_Config
 .text.startup.main
                0x0000000008000310       0xfc Core/Src/main.o
                0x0000000008000310                main
 .text.HAL_MspInit
                0x000000000800040c       0x30 Core/Src/stm32f3xx_hal_msp.o
                0x000000000800040c                HAL_MspInit
 .text.HAL_CAN_MspInit
                0x000000000800043c       0x64 Core/Src/stm32f3xx_hal_msp.o
                0x000000000800043c                HAL_CAN_MspInit
 .text.HAL_MspDeInit
                0x00000000080004a0       0x54 Core/Src/stm32f3xx_hal_msp.o
                0x00000000080004a0                HAL_MspDeInit
 .text.NMI_Handler
                0x00000000080004f4        0x2 Core/Src/stm32f3xx_it.o
                0x00000000080004f4                NMI_Handler
 .text.HardFault_Handler
                0x00000000080004f6        0x2 Core/Src/stm32f3xx_it.o
                0x00000000080004f6                HardFault_Handler
 .text.MemManage_Handler
                0x00000000080004f8        0x2 Core/Src/stm32f3xx_it.o
                0x00000000080004f8                MemManage_Handler
 .text.BusFault_Handler
                0x00000000080004fa        0x2 Core/Src/stm32f3xx_it.o
                0x00000000080004fa                BusFault_Handler
 .text.UsageFault_Handler
                0x00000000080004fc        0x2 Core/Src/stm32f3xx_it.o
                0x00000000080004fc                UsageFault_Handler
 .text.SVC_Handler
                0x00000000080004fe        0x2 Core/Src/stm32f3xx_it.o
                0x00000000080004fe                SVC_Handler
 .text.DebugMon_Handler
                0x0000000008000500        0x2 Core/Src/stm32f3xx_it.o
                0x0000000008000500                DebugMon_Handler
 .text.PendSV_Handler
                0x0000000008000502        0x2 Core/Src/stm32f3xx_it.o
                0x0000000008000502                PendSV_Handler
 .text.SysTick_Handler
                0x0000000008000504        0x4 Core/Src/stm32f3xx_it.o
                0x0000000008000504                SysTick_Handler
 .text.SystemInit
                0x0000000008000508       0x1c Core/Src/system_stm32f3xx.o
                0x0000000008000508                SystemInit
 .text.Reset_Handler
                0x0000000008000524       0x50 Core/Startup/startup_stm32f303k8tx.o
                0x0000000008000524                Reset_Handler
 .text.Default_Handler
                0x0000000008000574        0x2 Core/Startup/startup_stm32f303k8tx.o
                0x0000000008000574                RTC_Alarm_IRQHandler
                0x0000000008000574                TIM1_CC_IRQHandler
                0x0000000008000574                PVD_IRQHandler
                0x0000000008000574                TAMP_STAMP_IRQHandler
                0x0000000008000574                EXTI3_IRQHandler
                0x0000000008000574                EXTI0_IRQHandler
                0x0000000008000574                FPU_IRQHandler
                0x0000000008000574                CAN_TX_IRQHandler
                0x0000000008000574                TIM1_UP_TIM16_IRQHandler
                0x0000000008000574                ADC1_2_IRQHandler
                0x0000000008000574                SPI1_IRQHandler
                0x0000000008000574                CAN_SCE_IRQHandler
                0x0000000008000574                DMA1_Channel4_IRQHandler
                0x0000000008000574                USART3_IRQHandler
                0x0000000008000574                DMA1_Channel7_IRQHandler
                0x0000000008000574                TIM7_DAC2_IRQHandler
                0x0000000008000574                CAN_RX1_IRQHandler
                0x0000000008000574                I2C1_EV_IRQHandler
                0x0000000008000574                DMA1_Channel6_IRQHandler
                0x0000000008000574                TIM3_IRQHandler
                0x0000000008000574                RCC_IRQHandler
                0x0000000008000574                DMA1_Channel1_IRQHandler
                0x0000000008000574                Default_Handler
                0x0000000008000574                EXTI15_10_IRQHandler
                0x0000000008000574                COMP2_IRQHandler
                0x0000000008000574                TIM6_DAC1_IRQHandler
                0x0000000008000574                EXTI9_5_IRQHandler
                0x0000000008000574                RTC_WKUP_IRQHandler
                0x0000000008000574                DMA1_Channel5_IRQHandler
                0x0000000008000574                EXTI4_IRQHandler
                0x0000000008000574                TIM1_TRG_COM_TIM17_IRQHandler
                0x0000000008000574                DMA1_Channel3_IRQHandler
                0x0000000008000574                WWDG_IRQHandler
                0x0000000008000574                TIM2_IRQHandler
                0x0000000008000574                EXTI1_IRQHandler
                0x0000000008000574                COMP4_6_IRQHandler
                0x0000000008000574                USART2_IRQHandler
                0x0000000008000574                DMA1_Channel2_IRQHandler
                0x0000000008000574                FLASH_IRQHandler
                0x0000000008000574                USART1_IRQHandler
                0x0000000008000574                CAN_RX0_IRQHandler
                0x0000000008000574                I2C1_ER_IRQHandler
                0x0000000008000574                EXTI2_TSC_IRQHandler
                0x0000000008000574                TIM1_BRK_TIM15_IRQHandler
 *fill*         0x0000000008000576        0x2 
 .text.HAL_DeInit
                0x0000000008000578       0x24 Drivers/STM32F3xx_HAL_Driver/Src/stm32f3xx_hal.o
                0x0000000008000578                HAL_DeInit
 .text.HAL_InitTick
                0x000000000800059c       0x48 Drivers/STM32F3xx_HAL_Driver/Src/stm32f3xx_hal.o
                0x000000000800059c                HAL_InitTick
 .text.HAL_Init
                0x00000000080005e4       0x24 Drivers/STM32F3xx_HAL_Driver/Src/stm32f3xx_hal.o
                0x00000000080005e4                HAL_Init
 .text.HAL_IncTick
                0x0000000008000608       0x18 Drivers/STM32F3xx_HAL_Driver/Src/stm32f3xx_hal.o
                0x0000000008000608                HAL_IncTick
 .text.HAL_CAN_Init
                0x0000000008000620       0xf6 Drivers/STM32F3xx_HAL_Driver/Src/stm32f3xx_hal_can.o
                0x0000000008000620                HAL_CAN_Init
 .text.HAL_CAN_ConfigFilter
                0x0000000008000716       0xd8 Drivers/STM32F3xx_HAL_Driver/Src/stm32f3xx_hal_can.o
                0x0000000008000716                HAL_CAN_ConfigFilter
 .text.HAL_CAN_Start
                0x00000000080007ee       0x56 Drivers/STM32F3xx_HAL_Driver/Src/stm32f3xx_hal_can.o
                0x00000000080007ee                HAL_CAN_Start
 .text.HAL_CAN_AddTxMessage
                0x0000000008000844       0x9a Drivers/STM32F3xx_HAL_Driver/Src/stm32f3xx_hal_can.o
                0x0000000008000844                HAL_CAN_AddTxMessage
 .text.HAL_CAN_IsTxMessagePending
                0x00000000080008de       0x20 Drivers/STM32F3xx_HAL_Driver/Src/stm32f3xx_hal_can.o
                0x00000000080008de                HAL_CAN_IsTxMessagePending
 .text.HAL_CAN_GetRxMessage
                0x00000000080008fe       0xec Drivers/STM32F3xx_HAL_Driver/Src/stm32f3xx_hal_can.o
                0x00000000080008fe                HAL_CAN_GetRxMessage
 *fill*         0x00000000080009ea        0x2 
 .text.HAL_NVIC_SetPriorityGrouping
                0x00000000080009ec       0x24 Drivers/STM32F3xx_HAL_Driver/Src/stm32f3xx_hal_cortex.o
                0x00000000080009ec                HAL_NVIC_SetPriorityGrouping
 .text.HAL_NVIC_SetPriority
                0x0000000008000a10       0x68 Drivers/STM32F3xx_HAL_Driver/Src/stm32f3xx_hal_cortex.o
                0x0000000008000a10                HAL_NVIC_SetPriority
 .text.HAL_SYSTICK_Config
                0x0000000008000a78       0x2c Drivers/STM32F3xx_HAL_Driver/Src/stm32f3xx_hal_cortex.o
                0x0000000008000a78                HAL_SYSTICK_Config
 .text.FLASH_SetErrorCode
                0x0000000008000aa4       0x38 Drivers/STM32F3xx_HAL_Driver/Src/stm32f3xx_hal_flash.o
 .text.HAL_FLASH_Unlock
                0x0000000008000adc       0x24 Drivers/STM32F3xx_HAL_Driver/Src/stm32f3xx_hal_flash.o
                0x0000000008000adc                HAL_FLASH_Unlock
 .text.HAL_FLASH_Lock
                0x0000000008000b00       0x14 Drivers/STM32F3xx_HAL_Driver/Src/stm32f3xx_hal_flash.o
                0x0000000008000b00                HAL_FLASH_Lock
 .text.FLASH_WaitForLastOperation
                0x0000000008000b14       0x50 Drivers/STM32F3xx_HAL_Driver/Src/stm32f3xx_hal_flash.o
                0x0000000008000b14                FLASH_WaitForLastOperation
 .text.HAL_FLASH_Program
                0x0000000008000b64       0xa0 Drivers/STM32F3xx_HAL_Driver/Src/stm32f3xx_hal_flash.o
                0x0000000008000b64                HAL_FLASH_Program
 .text.FLASH_MassErase
                0x0000000008000c04       0x24 Drivers/STM32F3xx_HAL_Driver/Src/stm32f3xx_hal_flash_ex.o
 .text.FLASH_PageErase
                0x0000000008000c28       0x24 Drivers/STM32F3xx_HAL_Driver/Src/stm32f3xx_hal_flash_ex.o
                0x0000000008000c28                FLASH_PageErase
 .text.HAL_FLASHEx_Erase
                0x0000000008000c4c       0x98 Drivers/STM32F3xx_HAL_Driver/Src/stm32f3xx_hal_flash_ex.o
                0x0000000008000c4c                HAL_FLASHEx_Erase
 .text.HAL_GPIO_Init
                0x0000000008000ce4      0x180 Drivers/STM32F3xx_HAL_Driver/Src/stm32f3xx_hal_gpio.o
                0x0000000008000ce4                HAL_GPIO_Init
 .text.LL_GPIO_DeInit
                0x0000000008000e64       0xac Drivers/STM32F3xx_HAL_Driver/Src/stm32f3xx_ll_gpio.o
                0x0000000008000e64                LL_GPIO_DeInit
 .text.LL_GPIO_Init
                0x0000000008000f10      0x140 Drivers/STM32F3xx_HAL_Driver/Src/stm32f3xx_ll_gpio.o
                0x0000000008000f10                LL_GPIO_Init
 .text.LL_RCC_DeInit
                0x0000000008001050       0x84 Drivers/STM32F3xx_HAL_Driver/Src/stm32f3xx_ll_rcc.o
                0x0000000008001050                LL_RCC_DeInit
 .text.RCC_GetHCLKClockFreq
                0x00000000080010d4       0x18 Drivers/STM32F3xx_HAL_Driver/Src/stm32f3xx_ll_rcc.o
                0x00000000080010d4                RCC_GetHCLKClockFreq
 .text.RCC_GetPCLK1ClockFreq
                0x00000000080010ec       0x18 Drivers/STM32F3xx_HAL_Driver/Src/stm32f3xx_ll_rcc.o
                0x00000000080010ec                RCC_GetPCLK1ClockFreq
 .text.RCC_GetPCLK2ClockFreq
                0x0000000008001104       0x18 Drivers/STM32F3xx_HAL_Driver/Src/stm32f3xx_ll_rcc.o
                0x0000000008001104                RCC_GetPCLK2ClockFreq
 .text.RCC_PLL_GetFreqDomain_SYS
                0x000000000800111c       0x44 Drivers/STM32F3xx_HAL_Driver/Src/stm32f3xx_ll_rcc.o
                0x000000000800111c                RCC_PLL_GetFreqDomain_SYS
 .text.RCC_GetSystemClockFreq
                0x0000000008001160       0x1c Drivers/STM32F3xx_HAL_Driver/Src/stm32f3xx_ll_rcc.o
                0x0000000008001160                RCC_GetSystemClockFreq
 .text.LL_RCC_GetSystemClocksFreq
                0x000000000800117c       0x20 Drivers/STM32F3xx_HAL_Driver/Src/stm32f3xx_ll_rcc.o
                0x000000000800117c                LL_RCC_GetSystemClocksFreq
 .text.LL_RCC_GetUSARTClockFreq
                0x000000000800119c       0x58 Drivers/STM32F3xx_HAL_Driver/Src/stm32f3xx_ll_rcc.o
                0x000000000800119c                LL_RCC_GetUSARTClockFreq
 .text.LL_USART_Init
                0x00000000080011f4       0xb4 Drivers/STM32F3xx_HAL_Driver/Src/stm32f3xx_ll_usart.o
                0x00000000080011f4                LL_USART_Init
 .text.LL_SetSystemCoreClock
                0x00000000080012a8        0xc Drivers/STM32F3xx_HAL_Driver/Src/stm32f3xx_ll_utils.o
                0x00000000080012a8                LL_SetSystemCoreClock
 .text.CpuIrqDisable
                0x00000000080012b4        0x4 Loader/ARMCM4_STM32F3/GCC/cpu_comp.o
                0x00000000080012b4                CpuIrqDisable
 .text.CpuIrqEnable
                0x00000000080012b8        0x4 Loader/ARMCM4_STM32F3/GCC/cpu_comp.o
                0x00000000080012b8                CpuIrqEnable
 .text.CanInit  0x00000000080012bc       0xc4 Loader/ARMCM4_STM32F3/can.o
                0x00000000080012bc                CanInit
 .text.CanTransmitPacket
                0x0000000008001380       0x48 Loader/ARMCM4_STM32F3/can.o
                0x0000000008001380                CanTransmitPacket
 .text.CanReceivePacket
                0x00000000080013c8       0x34 Loader/ARMCM4_STM32F3/can.o
                0x00000000080013c8                CanReceivePacket
 .text.CpuInit  0x00000000080013fc        0x4 Loader/ARMCM4_STM32F3/cpu.o
                0x00000000080013fc                CpuInit
 .text.CpuStartUserProgram
                0x0000000008001400       0x44 Loader/ARMCM4_STM32F3/cpu.o
                0x0000000008001400                CpuStartUserProgram
 .text.CpuMemCopy
                0x0000000008001444       0x22 Loader/ARMCM4_STM32F3/cpu.o
                0x0000000008001444                CpuMemCopy
 .text.FlashWriteBlock
                0x0000000008001466       0x4e Loader/ARMCM4_STM32F3/flash.o
 .text.FlashSwitchBlock
                0x00000000080014b4       0x48 Loader/ARMCM4_STM32F3/flash.o
 .text.FlashAddToBlock
                0x00000000080014fc       0x7a Loader/ARMCM4_STM32F3/flash.o
 *fill*         0x0000000008001576        0x2 
 .text.FlashInit
                0x0000000008001578       0x18 Loader/ARMCM4_STM32F3/flash.o
                0x0000000008001578                FlashInit
 .text.FlashWrite
                0x0000000008001590       0x50 Loader/ARMCM4_STM32F3/flash.o
                0x0000000008001590                FlashWrite
 .text.FlashErase
                0x00000000080015e0       0x80 Loader/ARMCM4_STM32F3/flash.o
                0x00000000080015e0                FlashErase
 .text.FlashWriteChecksum
                0x0000000008001660       0x48 Loader/ARMCM4_STM32F3/flash.o
                0x0000000008001660                FlashWriteChecksum
 .text.FlashVerifyChecksum
                0x00000000080016a8       0x58 Loader/ARMCM4_STM32F3/flash.o
                0x00000000080016a8                FlashVerifyChecksum
 .text.FlashDone
                0x0000000008001700       0x34 Loader/ARMCM4_STM32F3/flash.o
                0x0000000008001700                FlashDone
 .text.FlashGetUserProgBaseAddress
                0x0000000008001734        0x8 Loader/ARMCM4_STM32F3/flash.o
                0x0000000008001734                FlashGetUserProgBaseAddress
 .text.NvmInit  0x000000000800173c        0x4 Loader/ARMCM4_STM32F3/nvm.o
                0x000000000800173c                NvmInit
 .text.NvmWrite
                0x0000000008001740        0x4 Loader/ARMCM4_STM32F3/nvm.o
                0x0000000008001740                NvmWrite
 .text.NvmErase
                0x0000000008001744        0x4 Loader/ARMCM4_STM32F3/nvm.o
                0x0000000008001744                NvmErase
 .text.NvmVerifyChecksum
                0x0000000008001748        0x4 Loader/ARMCM4_STM32F3/nvm.o
                0x0000000008001748                NvmVerifyChecksum
 .text.NvmGetUserProgBaseAddress
                0x000000000800174c        0x4 Loader/ARMCM4_STM32F3/nvm.o
                0x000000000800174c                NvmGetUserProgBaseAddress
 .text.NvmDone  0x0000000008001750       0x12 Loader/ARMCM4_STM32F3/nvm.o
                0x0000000008001750                NvmDone
 *fill*         0x0000000008001762        0x2 
 .text.TimerReset
                0x0000000008001764       0x10 Loader/ARMCM4_STM32F3/timer.o
                0x0000000008001764                TimerReset
 .text.TimerInit
                0x0000000008001774       0x24 Loader/ARMCM4_STM32F3/timer.o
                0x0000000008001774                TimerInit
 .text.TimerUpdate
                0x0000000008001798       0x1c Loader/ARMCM4_STM32F3/timer.o
                0x0000000008001798                TimerUpdate
 .text.TimerGet
                0x00000000080017b4       0x10 Loader/ARMCM4_STM32F3/timer.o
                0x00000000080017b4                TimerGet
 .text.HAL_GetTick
                0x00000000080017c4       0x10 Loader/ARMCM4_STM32F3/timer.o
                0x00000000080017c4                HAL_GetTick
 .text.AssertFailure
                0x00000000080017d4        0x8 Loader/assert.o
                0x00000000080017d4                AssertFailure
 .text.BackDoorCheck
                0x00000000080017dc       0x44 Loader/backdoor.o
                0x00000000080017dc                BackDoorCheck
 .text.BackDoorRestartTimer
                0x0000000008001820       0x1c Loader/backdoor.o
                0x0000000008001820                BackDoorRestartTimer
 .text.BackDoorInit
                0x000000000800183c       0x18 Loader/backdoor.o
                0x000000000800183c                BackDoorInit
 .text.BootInit
                0x0000000008001854       0x1e Loader/boot.o
                0x0000000008001854                BootInit
 .text.BootTask
                0x0000000008001872       0x16 Loader/boot.o
                0x0000000008001872                BootTask
 .text.ComInit  0x0000000008001888       0x18 Loader/com.o
                0x0000000008001888                ComInit
 .text.ComTask  0x00000000080018a0       0x2c Loader/com.o
                0x00000000080018a0                ComTask
 .text.ComFree  0x00000000080018cc        0x2 Loader/com.o
                0x00000000080018cc                ComFree
 *fill*         0x00000000080018ce        0x2 
 .text.ComTransmitPacket
                0x00000000080018d0       0x1c Loader/com.o
                0x00000000080018d0                ComTransmitPacket
 .text.ComGetActiveInterfaceMaxRxLen
                0x00000000080018ec       0x1c Loader/com.o
                0x00000000080018ec                ComGetActiveInterfaceMaxRxLen
 .text.ComGetActiveInterfaceMaxTxLen
                0x0000000008001908        0x4 Loader/com.o
                0x0000000008001908                ComGetActiveInterfaceMaxTxLen
 .text.ComIsConnected
                0x000000000800190c        0xe Loader/com.o
                0x000000000800190c                ComIsConnected
 .text.CopInit  0x000000000800191a        0x4 Loader/cop.o
                0x000000000800191a                CopInit
 .text.CopService
                0x000000000800191e        0x4 Loader/cop.o
                0x000000000800191e                CopService
 *fill*         0x0000000008001922        0x2 
 .text.XcpSetCtoError
                0x0000000008001924       0x14 Loader/xcp.o
 .text.XcpInit  0x0000000008001938       0x18 Loader/xcp.o
                0x0000000008001938                XcpInit
 .text.XcpIsConnected
                0x0000000008001950       0x10 Loader/xcp.o
                0x0000000008001950                XcpIsConnected
 .text.XcpPacketTransmitted
                0x0000000008001960       0x10 Loader/xcp.o
                0x0000000008001960                XcpPacketTransmitted
 .text.XcpPacketReceived
                0x0000000008001970      0x20c Loader/xcp.o
                0x0000000008001970                XcpPacketReceived
 .text.__libc_init_array
                0x0000000008001b7c       0x48 c:/st/stm32cubeide_1.5.1/stm32cubeide/plugins/com.st.stm32cube.ide.mcu.externaltools.gnu-tools-for-stm32.7-2018-q2-update.win32_1.5.0.202011040924/tools/bin/../lib/gcc/arm-none-eabi/7.3.1/../../../../arm-none-eabi/lib/thumb/v7e-m/fpv4-sp/hard\libc_nano.a(lib_a-init.o)
                0x0000000008001b7c                __libc_init_array
 .text.memset   0x0000000008001bc4       0x10 c:/st/stm32cubeide_1.5.1/stm32cubeide/plugins/com.st.stm32cube.ide.mcu.externaltools.gnu-tools-for-stm32.7-2018-q2-update.win32_1.5.0.202011040924/tools/bin/../lib/gcc/arm-none-eabi/7.3.1/../../../../arm-none-eabi/lib/thumb/v7e-m/fpv4-sp/hard\libc_nano.a(lib_a-memset.o)
                0x0000000008001bc4                memset
 *(.glue_7)
 .glue_7        0x0000000008001bd4        0x0 linker stubs
 *(.glue_7t)
 .glue_7t       0x0000000008001bd4        0x0 linker stubs
 *(.eh_frame)
 .eh_frame      0x0000000008001bd4        0x0 c:/st/stm32cubeide_1.5.1/stm32cubeide/plugins/com.st.stm32cube.ide.mcu.externaltools.gnu-tools-for-stm32.7-2018-q2-update.win32_1.5.0.202011040924/tools/bin/../lib/gcc/arm-none-eabi/7.3.1/thumb/v7e-m/fpv4-sp/hard/crtbegin.o
 *(.init)
 .init          0x0000000008001bd4        0x4 c:/st/stm32cubeide_1.5.1/stm32cubeide/plugins/com.st.stm32cube.ide.mcu.externaltools.gnu-tools-for-stm32.7-2018-q2-update.win32_1.5.0.202011040924/tools/bin/../lib/gcc/arm-none-eabi/7.3.1/thumb/v7e-m/fpv4-sp/hard/crti.o
                0x0000000008001bd4                _init
 .init          0x0000000008001bd8        0x8 c:/st/stm32cubeide_1.5.1/stm32cubeide/plugins/com.st.stm32cube.ide.mcu.externaltools.gnu-tools-for-stm32.7-2018-q2-update.win32_1.5.0.202011040924/tools/bin/../lib/gcc/arm-none-eabi/7.3.1/thumb/v7e-m/fpv4-sp/hard/crtn.o
 *(.fini)
 .fini          0x0000000008001be0        0x4 c:/st/stm32cubeide_1.5.1/stm32cubeide/plugins/com.st.stm32cube.ide.mcu.externaltools.gnu-tools-for-stm32.7-2018-q2-update.win32_1.5.0.202011040924/tools/bin/../lib/gcc/arm-none-eabi/7.3.1/thumb/v7e-m/fpv4-sp/hard/crti.o
                0x0000000008001be0                _fini
 .fini          0x0000000008001be4        0x8 c:/st/stm32cubeide_1.5.1/stm32cubeide/plugins/com.st.stm32cube.ide.mcu.externaltools.gnu-tools-for-stm32.7-2018-q2-update.win32_1.5.0.202011040924/tools/bin/../lib/gcc/arm-none-eabi/7.3.1/thumb/v7e-m/fpv4-sp/hard/crtn.o
                0x0000000008001bec                . = ALIGN (0x4)
                0x0000000008001bec                _etext = .

.vfp11_veneer   0x0000000008001bec        0x0
 .vfp11_veneer  0x0000000008001bec        0x0 linker stubs

.v4_bx          0x0000000008001bec        0x0
 .v4_bx         0x0000000008001bec        0x0 linker stubs

.iplt           0x0000000008001bec        0x0
 .iplt          0x0000000008001bec        0x0 c:/st/stm32cubeide_1.5.1/stm32cubeide/plugins/com.st.stm32cube.ide.mcu.externaltools.gnu-tools-for-stm32.7-2018-q2-update.win32_1.5.0.202011040924/tools/bin/../lib/gcc/arm-none-eabi/7.3.1/thumb/v7e-m/fpv4-sp/hard/crtbegin.o

.rodata         0x0000000008001bec       0x8c
                0x0000000008001bec                . = ALIGN (0x4)
 *(.rodata)
 *(.rodata*)
 .rodata.AHBPrescTable
                0x0000000008001bec       0x10 Core/Src/system_stm32f3xx.o
                0x0000000008001bec                AHBPrescTable
 .rodata.APBPrescTable
                0x0000000008001bfc        0x8 Core/Src/system_stm32f3xx.o
                0x0000000008001bfc                APBPrescTable
 .rodata.CanInit.str1.1
                0x0000000008001c04       0x43 Loader/ARMCM4_STM32F3/can.o
 .rodata.canTiming
                0x0000000008001c47       0x24 Loader/ARMCM4_STM32F3/can.o
 .rodata.CSWTCH.9
                0x0000000008001c6b        0x3 Loader/com.o
 .rodata.xcpStationId
                0x0000000008001c6e        0x8 Loader/xcp.o
                0x0000000008001c78                . = ALIGN (0x4)
 *fill*         0x0000000008001c76        0x2 

.rel.dyn        0x0000000008001c78        0x0
 .rel.iplt      0x0000000008001c78        0x0 c:/st/stm32cubeide_1.5.1/stm32cubeide/plugins/com.st.stm32cube.ide.mcu.externaltools.gnu-tools-for-stm32.7-2018-q2-update.win32_1.5.0.202011040924/tools/bin/../lib/gcc/arm-none-eabi/7.3.1/thumb/v7e-m/fpv4-sp/hard/crtbegin.o

.ARM.extab      0x0000000008001c78        0x0
                0x0000000008001c78                . = ALIGN (0x4)
 *(.ARM.extab* .gnu.linkonce.armextab.*)
                0x0000000008001c78                . = ALIGN (0x4)

.ARM            0x0000000008001c78        0x0
                0x0000000008001c78                . = ALIGN (0x4)
                0x0000000008001c78                __exidx_start = .
 *(.ARM.exidx*)
                0x0000000008001c78                __exidx_end = .
                0x0000000008001c78                . = ALIGN (0x4)

.preinit_array  0x0000000008001c78        0x0
                0x0000000008001c78                . = ALIGN (0x4)
                0x0000000008001c78                PROVIDE (__preinit_array_start = .)
 *(.preinit_array*)
                0x0000000008001c78                PROVIDE (__preinit_array_end = .)
                0x0000000008001c78                . = ALIGN (0x4)

.init_array     0x0000000008001c78        0x4
                0x0000000008001c78                . = ALIGN (0x4)
                0x0000000008001c78                PROVIDE (__init_array_start = .)
 *(SORT_BY_NAME(.init_array.*))
 *(.init_array*)
 .init_array    0x0000000008001c78        0x4 c:/st/stm32cubeide_1.5.1/stm32cubeide/plugins/com.st.stm32cube.ide.mcu.externaltools.gnu-tools-for-stm32.7-2018-q2-update.win32_1.5.0.202011040924/tools/bin/../lib/gcc/arm-none-eabi/7.3.1/thumb/v7e-m/fpv4-sp/hard/crtbegin.o
                0x0000000008001c7c                PROVIDE (__init_array_end = .)
                0x0000000008001c7c                . = ALIGN (0x4)

.fini_array     0x0000000008001c7c        0x4
                0x0000000008001c7c                . = ALIGN (0x4)
                [!provide]                        PROVIDE (__fini_array_start = .)
 *(SORT_BY_NAME(.fini_array.*))
 *(.fini_array*)
 .fini_array    0x0000000008001c7c        0x4 c:/st/stm32cubeide_1.5.1/stm32cubeide/plugins/com.st.stm32cube.ide.mcu.externaltools.gnu-tools-for-stm32.7-2018-q2-update.win32_1.5.0.202011040924/tools/bin/../lib/gcc/arm-none-eabi/7.3.1/thumb/v7e-m/fpv4-sp/hard/crtbegin.o
                [!provide]                        PROVIDE (__fini_array_end = .)
                0x0000000008001c80                . = ALIGN (0x4)
                0x0000000008001c80                _sidata = LOADADDR (.data)

.data           0x0000000020000000       0x10 load address 0x0000000008001c80
                0x0000000020000000                . = ALIGN (0x4)
                0x0000000020000000                _sdata = .
 *(.data)
 *(.data*)
 .data.SystemCoreClock
                0x0000000020000000        0x4 Core/Src/system_stm32f3xx.o
                0x0000000020000000                SystemCoreClock
 .data.uwTickFreq
                0x0000000020000004        0x1 Drivers/STM32F3xx_HAL_Driver/Src/stm32f3xx_hal.o
                0x0000000020000004                uwTickFreq
 *fill*         0x0000000020000005        0x3 
 .data.uwTickPrio
                0x0000000020000008        0x4 Drivers/STM32F3xx_HAL_Driver/Src/stm32f3xx_hal.o
                0x0000000020000008                uwTickPrio
 .data.comActiveInterface
                0x000000002000000c        0x1 Loader/com.o
                0x0000000020000010                . = ALIGN (0x4)
 *fill*         0x000000002000000d        0x3 
                0x0000000020000010                _edata = .

.igot.plt       0x0000000020000010        0x0 load address 0x0000000008001c90
 .igot.plt      0x0000000020000010        0x0 c:/st/stm32cubeide_1.5.1/stm32cubeide/plugins/com.st.stm32cube.ide.mcu.externaltools.gnu-tools-for-stm32.7-2018-q2-update.win32_1.5.0.202011040924/tools/bin/../lib/gcc/arm-none-eabi/7.3.1/thumb/v7e-m/fpv4-sp/hard/crtbegin.o
                0x0000000020000010                . = ALIGN (0x4)

.bss            0x0000000020000010      0x518 load address 0x0000000008001c90
                0x0000000020000010                _sbss = .
                0x0000000020000010                __bss_start__ = _sbss
 *(.bss)
 .bss           0x0000000020000010       0x1c c:/st/stm32cubeide_1.5.1/stm32cubeide/plugins/com.st.stm32cube.ide.mcu.externaltools.gnu-tools-for-stm32.7-2018-q2-update.win32_1.5.0.202011040924/tools/bin/../lib/gcc/arm-none-eabi/7.3.1/thumb/v7e-m/fpv4-sp/hard/crtbegin.o
 *(.bss*)
 .bss.ledBlinkIntervalMs
                0x000000002000002c        0x2 App/led.o
 .bss.ledOn.7673
                0x000000002000002e        0x1 App/led.o
 *fill*         0x000000002000002f        0x1 
 .bss.nextBlinkEvent.7674
                0x0000000020000030        0x4 App/led.o
 .bss.canHandle
                0x0000000020000034       0x28 Loader/ARMCM4_STM32F3/can.o
 .bss.blockInfo
                0x000000002000005c      0x204 Loader/ARMCM4_STM32F3/flash.o
 .bss.bootBlockInfo
                0x0000000020000260      0x204 Loader/ARMCM4_STM32F3/flash.o
 .bss.millisecond_counter
                0x0000000020000464        0x4 Loader/ARMCM4_STM32F3/timer.o
 .bss.backdoorExtensionTime
                0x0000000020000468        0x4 Loader/backdoor.o
 .bss.backdoorOpen
                0x000000002000046c        0x1 Loader/backdoor.o
 *fill*         0x000000002000046d        0x3 
 .bss.backdoorOpenTime
                0x0000000020000470        0x4 Loader/backdoor.o
 .bss.xcpCtoReqPacket.5491
                0x0000000020000474       0x40 Loader/com.o
 .bss.xcpInfo   0x00000000200004b4       0x4c Loader/xcp.o
 *(COMMON)
 COMMON         0x0000000020000500        0x4 Drivers/STM32F3xx_HAL_Driver/Src/stm32f3xx_hal.o
                0x0000000020000500                uwTick
 *fill*         0x0000000020000504        0x4 
 COMMON         0x0000000020000508       0x20 Drivers/STM32F3xx_HAL_Driver/Src/stm32f3xx_hal_flash.o
                0x0000000020000508                pFlash
                0x0000000020000528                . = ALIGN (0x4)
                0x0000000020000528                _ebss = .
                0x0000000020000528                __bss_end__ = _ebss

._user_heap_stack
                0x0000000020000528      0x600 load address 0x0000000008001c90
                0x0000000020000528                . = ALIGN (0x8)
                [!provide]                        PROVIDE (end = .)
                0x0000000020000528                PROVIDE (_end = .)
                0x0000000020000728                . = (. + _Min_Heap_Size)
 *fill*         0x0000000020000528      0x200 
                0x0000000020000b28                . = (. + _Min_Stack_Size)
 *fill*         0x0000000020000728      0x400 
                0x0000000020000b28                . = ALIGN (0x8)

/DISCARD/
 libc.a(*)
 libm.a(*)
 libgcc.a(*)

.ARM.attributes
                0x0000000000000000       0x30
 *(.ARM.attributes)
 .ARM.attributes
                0x0000000000000000       0x22 c:/st/stm32cubeide_1.5.1/stm32cubeide/plugins/com.st.stm32cube.ide.mcu.externaltools.gnu-tools-for-stm32.7-2018-q2-update.win32_1.5.0.202011040924/tools/bin/../lib/gcc/arm-none-eabi/7.3.1/thumb/v7e-m/fpv4-sp/hard/crti.o
 .ARM.attributes
                0x0000000000000022       0x34 c:/st/stm32cubeide_1.5.1/stm32cubeide/plugins/com.st.stm32cube.ide.mcu.externaltools.gnu-tools-for-stm32.7-2018-q2-update.win32_1.5.0.202011040924/tools/bin/../lib/gcc/arm-none-eabi/7.3.1/thumb/v7e-m/fpv4-sp/hard/crtbegin.o
 .ARM.attributes
                0x0000000000000056       0x39 App/app.o
 .ARM.attributes
                0x000000000000008f       0x39 App/hooks.o
 .ARM.attributes
                0x00000000000000c8       0x39 App/led.o
 .ARM.attributes
                0x0000000000000101       0x39 Core/Src/main.o
 .ARM.attributes
                0x000000000000013a       0x39 Core/Src/stm32f3xx_hal_msp.o
 .ARM.attributes
                0x0000000000000173       0x39 Core/Src/stm32f3xx_it.o
 .ARM.attributes
                0x00000000000001ac       0x39 Core/Src/system_stm32f3xx.o
 .ARM.attributes
                0x00000000000001e5       0x21 Core/Startup/startup_stm32f303k8tx.o
 .ARM.attributes
                0x0000000000000206       0x39 Drivers/STM32F3xx_HAL_Driver/Src/stm32f3xx_hal.o
 .ARM.attributes
                0x000000000000023f       0x39 Drivers/STM32F3xx_HAL_Driver/Src/stm32f3xx_hal_can.o
 .ARM.attributes
                0x0000000000000278       0x39 Drivers/STM32F3xx_HAL_Driver/Src/stm32f3xx_hal_cortex.o
 .ARM.attributes
                0x00000000000002b1       0x39 Drivers/STM32F3xx_HAL_Driver/Src/stm32f3xx_hal_flash.o
 .ARM.attributes
                0x00000000000002ea       0x39 Drivers/STM32F3xx_HAL_Driver/Src/stm32f3xx_hal_flash_ex.o
 .ARM.attributes
                0x0000000000000323       0x39 Drivers/STM32F3xx_HAL_Driver/Src/stm32f3xx_hal_gpio.o
 .ARM.attributes
                0x000000000000035c       0x39 Drivers/STM32F3xx_HAL_Driver/Src/stm32f3xx_ll_gpio.o
 .ARM.attributes
                0x0000000000000395       0x39 Drivers/STM32F3xx_HAL_Driver/Src/stm32f3xx_ll_rcc.o
 .ARM.attributes
                0x00000000000003ce       0x39 Drivers/STM32F3xx_HAL_Driver/Src/stm32f3xx_ll_usart.o
 .ARM.attributes
                0x0000000000000407       0x39 Drivers/STM32F3xx_HAL_Driver/Src/stm32f3xx_ll_utils.o
 .ARM.attributes
                0x0000000000000440       0x39 Loader/ARMCM4_STM32F3/GCC/cpu_comp.o
 .ARM.attributes
                0x0000000000000479       0x39 Loader/ARMCM4_STM32F3/can.o
 .ARM.attributes
                0x00000000000004b2       0x39 Loader/ARMCM4_STM32F3/cpu.o
 .ARM.attributes
                0x00000000000004eb       0x39 Loader/ARMCM4_STM32F3/flash.o
 .ARM.attributes
                0x0000000000000524       0x39 Loader/ARMCM4_STM32F3/nvm.o
 .ARM.attributes
                0x000000000000055d       0x39 Loader/ARMCM4_STM32F3/timer.o
 .ARM.attributes
                0x0000000000000596       0x39 Loader/assert.o
 .ARM.attributes
                0x00000000000005cf       0x39 Loader/backdoor.o
 .ARM.attributes
                0x0000000000000608       0x39 Loader/boot.o
 .ARM.attributes
                0x0000000000000641       0x39 Loader/com.o
 .ARM.attributes
                0x000000000000067a       0x39 Loader/cop.o
 .ARM.attributes
                0x00000000000006b3       0x39 Loader/xcp.o
 .ARM.attributes
                0x00000000000006ec       0x34 c:/st/stm32cubeide_1.5.1/stm32cubeide/plugins/com.st.stm32cube.ide.mcu.externaltools.gnu-tools-for-stm32.7-2018-q2-update.win32_1.5.0.202011040924/tools/bin/../lib/gcc/arm-none-eabi/7.3.1/../../../../arm-none-eabi/lib/thumb/v7e-m/fpv4-sp/hard\libc_nano.a(lib_a-init.o)
 .ARM.attributes
                0x0000000000000720       0x34 c:/st/stm32cubeide_1.5.1/stm32cubeide/plugins/com.st.stm32cube.ide.mcu.externaltools.gnu-tools-for-stm32.7-2018-q2-update.win32_1.5.0.202011040924/tools/bin/../lib/gcc/arm-none-eabi/7.3.1/../../../../arm-none-eabi/lib/thumb/v7e-m/fpv4-sp/hard\libc_nano.a(lib_a-memset.o)
 .ARM.attributes
                0x0000000000000754       0x22 c:/st/stm32cubeide_1.5.1/stm32cubeide/plugins/com.st.stm32cube.ide.mcu.externaltools.gnu-tools-for-stm32.7-2018-q2-update.win32_1.5.0.202011040924/tools/bin/../lib/gcc/arm-none-eabi/7.3.1/thumb/v7e-m/fpv4-sp/hard/crtn.o
OUTPUT(openblt_stm32f303.elf elf32-littlearm)

.debug_info     0x0000000000000000     0xba58
 .debug_info    0x0000000000000000       0xb6 App/app.o
 .debug_info    0x00000000000000b6      0x312 App/hooks.o
 .debug_info    0x00000000000003c8      0x3a5 App/led.o
 .debug_info    0x000000000000076d      0xf57 Core/Src/main.o
 .debug_info    0x00000000000016c4      0x9f0 Core/Src/stm32f3xx_hal_msp.o
 .debug_info    0x00000000000020b4      0x237 Core/Src/stm32f3xx_it.o
 .debug_info    0x00000000000022eb      0x460 Core/Src/system_stm32f3xx.o
 .debug_info    0x000000000000274b       0x22 Core/Startup/startup_stm32f303k8tx.o
 .debug_info    0x000000000000276d      0x82c Drivers/STM32F3xx_HAL_Driver/Src/stm32f3xx_hal.o
 .debug_info    0x0000000000002f99     0x10e6 Drivers/STM32F3xx_HAL_Driver/Src/stm32f3xx_hal_can.o
 .debug_info    0x000000000000407f      0xcb5 Drivers/STM32F3xx_HAL_Driver/Src/stm32f3xx_hal_cortex.o
 .debug_info    0x0000000000004d34      0x6d9 Drivers/STM32F3xx_HAL_Driver/Src/stm32f3xx_hal_flash.o
 .debug_info    0x000000000000540d      0xb24 Drivers/STM32F3xx_HAL_Driver/Src/stm32f3xx_hal_flash_ex.o
 .debug_info    0x0000000000005f31      0x7ce Drivers/STM32F3xx_HAL_Driver/Src/stm32f3xx_hal_gpio.o
 .debug_info    0x00000000000066ff      0x9cf Drivers/STM32F3xx_HAL_Driver/Src/stm32f3xx_ll_gpio.o
 .debug_info    0x00000000000070ce      0x8f6 Drivers/STM32F3xx_HAL_Driver/Src/stm32f3xx_ll_rcc.o
 .debug_info    0x00000000000079c4      0x873 Drivers/STM32F3xx_HAL_Driver/Src/stm32f3xx_ll_usart.o
 .debug_info    0x0000000000008237      0xb5d Drivers/STM32F3xx_HAL_Driver/Src/stm32f3xx_ll_utils.o
 .debug_info    0x0000000000008d94       0x84 Loader/ARMCM4_STM32F3/GCC/cpu_comp.o
 .debug_info    0x0000000000008e18      0xad9 Loader/ARMCM4_STM32F3/can.o
 .debug_info    0x00000000000098f1      0x50b Loader/ARMCM4_STM32F3/cpu.o
 .debug_info    0x0000000000009dfc      0x8b5 Loader/ARMCM4_STM32F3/flash.o
 .debug_info    0x000000000000a6b1      0x252 Loader/ARMCM4_STM32F3/nvm.o
 .debug_info    0x000000000000a903      0x296 Loader/ARMCM4_STM32F3/timer.o
 .debug_info    0x000000000000ab99       0xc6 Loader/assert.o
 .debug_info    0x000000000000ac5f      0x188 Loader/backdoor.o
 .debug_info    0x000000000000ade7      0x156 Loader/boot.o
 .debug_info    0x000000000000af3d      0x29b Loader/com.o
 .debug_info    0x000000000000b1d8       0xb6 Loader/cop.o
 .debug_info    0x000000000000b28e      0x7ca Loader/xcp.o

.debug_abbrev   0x0000000000000000     0x3538
 .debug_abbrev  0x0000000000000000       0x66 App/app.o
 .debug_abbrev  0x0000000000000066      0x18b App/hooks.o
 .debug_abbrev  0x00000000000001f1      0x184 App/led.o
 .debug_abbrev  0x0000000000000375      0x331 Core/Src/main.o
 .debug_abbrev  0x00000000000006a6      0x24a Core/Src/stm32f3xx_hal_msp.o
 .debug_abbrev  0x00000000000008f0      0x126 Core/Src/stm32f3xx_it.o
 .debug_abbrev  0x0000000000000a16      0x12b Core/Src/system_stm32f3xx.o
 .debug_abbrev  0x0000000000000b41       0x12 Core/Startup/startup_stm32f303k8tx.o
 .debug_abbrev  0x0000000000000b53      0x240 Drivers/STM32F3xx_HAL_Driver/Src/stm32f3xx_hal.o
 .debug_abbrev  0x0000000000000d93      0x2a2 Drivers/STM32F3xx_HAL_Driver/Src/stm32f3xx_hal_can.o
 .debug_abbrev  0x0000000000001035      0x303 Drivers/STM32F3xx_HAL_Driver/Src/stm32f3xx_hal_cortex.o
 .debug_abbrev  0x0000000000001338      0x2d8 Drivers/STM32F3xx_HAL_Driver/Src/stm32f3xx_hal_flash.o
 .debug_abbrev  0x0000000000001610      0x2c9 Drivers/STM32F3xx_HAL_Driver/Src/stm32f3xx_hal_flash_ex.o
 .debug_abbrev  0x00000000000018d9      0x1eb Drivers/STM32F3xx_HAL_Driver/Src/stm32f3xx_hal_gpio.o
 .debug_abbrev  0x0000000000001ac4      0x246 Drivers/STM32F3xx_HAL_Driver/Src/stm32f3xx_ll_gpio.o
 .debug_abbrev  0x0000000000001d0a      0x2a0 Drivers/STM32F3xx_HAL_Driver/Src/stm32f3xx_ll_rcc.o
 .debug_abbrev  0x0000000000001faa      0x27a Drivers/STM32F3xx_HAL_Driver/Src/stm32f3xx_ll_usart.o
 .debug_abbrev  0x0000000000002224      0x363 Drivers/STM32F3xx_HAL_Driver/Src/stm32f3xx_ll_utils.o
 .debug_abbrev  0x0000000000002587       0x45 Loader/ARMCM4_STM32F3/GCC/cpu_comp.o
 .debug_abbrev  0x00000000000025cc      0x2b3 Loader/ARMCM4_STM32F3/can.o
 .debug_abbrev  0x000000000000287f      0x186 Loader/ARMCM4_STM32F3/cpu.o
 .debug_abbrev  0x0000000000002a05      0x2cc Loader/ARMCM4_STM32F3/flash.o
 .debug_abbrev  0x0000000000002cd1       0xdb Loader/ARMCM4_STM32F3/nvm.o
 .debug_abbrev  0x0000000000002dac      0x189 Loader/ARMCM4_STM32F3/timer.o
 .debug_abbrev  0x0000000000002f35       0x88 Loader/assert.o
 .debug_abbrev  0x0000000000002fbd       0xd9 Loader/backdoor.o
 .debug_abbrev  0x0000000000003096       0x71 Loader/boot.o
 .debug_abbrev  0x0000000000003107      0x183 Loader/com.o
 .debug_abbrev  0x000000000000328a       0x66 Loader/cop.o
 .debug_abbrev  0x00000000000032f0      0x248 Loader/xcp.o

.debug_aranges  0x0000000000000000      0x8f0
 .debug_aranges
                0x0000000000000000       0x28 App/app.o
 .debug_aranges
                0x0000000000000028       0x30 App/hooks.o
 .debug_aranges
                0x0000000000000058       0x30 App/led.o
 .debug_aranges
                0x0000000000000088       0x40 Core/Src/main.o
 .debug_aranges
                0x00000000000000c8       0x38 Core/Src/stm32f3xx_hal_msp.o
 .debug_aranges
                0x0000000000000100       0x48 Core/Src/stm32f3xx_it.o
 .debug_aranges
                0x0000000000000148       0x28 Core/Src/system_stm32f3xx.o
 .debug_aranges
                0x0000000000000170       0x28 Core/Startup/startup_stm32f303k8tx.o
 .debug_aranges
                0x0000000000000198       0xd8 Drivers/STM32F3xx_HAL_Driver/Src/stm32f3xx_hal.o
 .debug_aranges
                0x0000000000000270       0xc8 Drivers/STM32F3xx_HAL_Driver/Src/stm32f3xx_hal_can.o
 .debug_aranges
                0x0000000000000338       0x90 Drivers/STM32F3xx_HAL_Driver/Src/stm32f3xx_hal_cortex.o
 .debug_aranges
                0x00000000000003c8       0x78 Drivers/STM32F3xx_HAL_Driver/Src/stm32f3xx_hal_flash.o
 .debug_aranges
                0x0000000000000440       0x60 Drivers/STM32F3xx_HAL_Driver/Src/stm32f3xx_hal_flash_ex.o
 .debug_aranges
                0x00000000000004a0       0x58 Drivers/STM32F3xx_HAL_Driver/Src/stm32f3xx_hal_gpio.o
 .debug_aranges
                0x00000000000004f8       0x30 Drivers/STM32F3xx_HAL_Driver/Src/stm32f3xx_ll_gpio.o
 .debug_aranges
                0x0000000000000528       0x70 Drivers/STM32F3xx_HAL_Driver/Src/stm32f3xx_ll_rcc.o
 .debug_aranges
                0x0000000000000598       0x40 Drivers/STM32F3xx_HAL_Driver/Src/stm32f3xx_ll_usart.o
 .debug_aranges
                0x00000000000005d8       0x50 Drivers/STM32F3xx_HAL_Driver/Src/stm32f3xx_ll_utils.o
 .debug_aranges
                0x0000000000000628       0x28 Loader/ARMCM4_STM32F3/GCC/cpu_comp.o
 .debug_aranges
                0x0000000000000650       0x30 Loader/ARMCM4_STM32F3/can.o
 .debug_aranges
                0x0000000000000680       0x38 Loader/ARMCM4_STM32F3/cpu.o
 .debug_aranges
                0x00000000000006b8       0x68 Loader/ARMCM4_STM32F3/flash.o
 .debug_aranges
                0x0000000000000720       0x50 Loader/ARMCM4_STM32F3/nvm.o
 .debug_aranges
                0x0000000000000770       0x48 Loader/ARMCM4_STM32F3/timer.o
 .debug_aranges
                0x00000000000007b8       0x20 Loader/assert.o
 .debug_aranges
                0x00000000000007d8       0x40 Loader/backdoor.o
 .debug_aranges
                0x0000000000000818       0x28 Loader/boot.o
 .debug_aranges
                0x0000000000000840       0x48 Loader/com.o
 .debug_aranges
                0x0000000000000888       0x28 Loader/cop.o
 .debug_aranges
                0x00000000000008b0       0x40 Loader/xcp.o

.debug_ranges   0x0000000000000000      0xca8
 .debug_ranges  0x0000000000000000       0x18 App/app.o
 .debug_ranges  0x0000000000000018       0x20 App/hooks.o
 .debug_ranges  0x0000000000000038       0x20 App/led.o
 .debug_ranges  0x0000000000000058       0x68 Core/Src/main.o
 .debug_ranges  0x00000000000000c0       0x58 Core/Src/stm32f3xx_hal_msp.o
 .debug_ranges  0x0000000000000118       0x38 Core/Src/stm32f3xx_it.o
 .debug_ranges  0x0000000000000150       0x18 Core/Src/system_stm32f3xx.o
 .debug_ranges  0x0000000000000168       0x20 Core/Startup/startup_stm32f303k8tx.o
 .debug_ranges  0x0000000000000188       0xc8 Drivers/STM32F3xx_HAL_Driver/Src/stm32f3xx_hal.o
 .debug_ranges  0x0000000000000250       0xb8 Drivers/STM32F3xx_HAL_Driver/Src/stm32f3xx_hal_can.o
 .debug_ranges  0x0000000000000308      0x120 Drivers/STM32F3xx_HAL_Driver/Src/stm32f3xx_hal_cortex.o
 .debug_ranges  0x0000000000000428       0xc8 Drivers/STM32F3xx_HAL_Driver/Src/stm32f3xx_hal_flash.o
 .debug_ranges  0x00000000000004f0       0xf8 Drivers/STM32F3xx_HAL_Driver/Src/stm32f3xx_hal_flash_ex.o
 .debug_ranges  0x00000000000005e8       0x68 Drivers/STM32F3xx_HAL_Driver/Src/stm32f3xx_hal_gpio.o
 .debug_ranges  0x0000000000000650       0x88 Drivers/STM32F3xx_HAL_Driver/Src/stm32f3xx_ll_gpio.o
 .debug_ranges  0x00000000000006d8      0x110 Drivers/STM32F3xx_HAL_Driver/Src/stm32f3xx_ll_rcc.o
 .debug_ranges  0x00000000000007e8       0x78 Drivers/STM32F3xx_HAL_Driver/Src/stm32f3xx_ll_usart.o
 .debug_ranges  0x0000000000000860      0x120 Drivers/STM32F3xx_HAL_Driver/Src/stm32f3xx_ll_utils.o
 .debug_ranges  0x0000000000000980       0x18 Loader/ARMCM4_STM32F3/GCC/cpu_comp.o
 .debug_ranges  0x0000000000000998       0x38 Loader/ARMCM4_STM32F3/can.o
 .debug_ranges  0x00000000000009d0       0x28 Loader/ARMCM4_STM32F3/cpu.o
 .debug_ranges  0x00000000000009f8       0x70 Loader/ARMCM4_STM32F3/flash.o
 .debug_ranges  0x0000000000000a68       0x40 Loader/ARMCM4_STM32F3/nvm.o
 .debug_ranges  0x0000000000000aa8       0x38 Loader/ARMCM4_STM32F3/timer.o
 .debug_ranges  0x0000000000000ae0       0x10 Loader/assert.o
 .debug_ranges  0x0000000000000af0       0x30 Loader/backdoor.o
 .debug_ranges  0x0000000000000b20       0x18 Loader/boot.o
 .debug_ranges  0x0000000000000b38       0x38 Loader/com.o
 .debug_ranges  0x0000000000000b70       0x18 Loader/cop.o
 .debug_ranges  0x0000000000000b88      0x120 Loader/xcp.o

.debug_macro    0x0000000000000000    0x197e2
 .debug_macro   0x0000000000000000       0x91 App/app.o
 .debug_macro   0x0000000000000091      0xa66 App/app.o
 .debug_macro   0x0000000000000af7       0x1c App/app.o
 .debug_macro   0x0000000000000b13       0x1c App/app.o
 .debug_macro   0x0000000000000b2f       0x22 App/app.o
 .debug_macro   0x0000000000000b51       0x93 App/app.o
 .debug_macro   0x0000000000000be4       0x68 App/app.o
 .debug_macro   0x0000000000000c4c       0x1c App/app.o
 .debug_macro   0x0000000000000c68      0x1aa App/app.o
 .debug_macro   0x0000000000000e12       0x40 App/app.o
 .debug_macro   0x0000000000000e52      0x232 App/hooks.o
 .debug_macro   0x0000000000001084       0x2e App/hooks.o
 .debug_macro   0x00000000000010b2       0x28 App/hooks.o
 .debug_macro   0x00000000000010da       0x22 App/hooks.o
 .debug_macro   0x00000000000010fc       0x8e App/hooks.o
 .debug_macro   0x000000000000118a       0x51 App/hooks.o
 .debug_macro   0x00000000000011db       0xef App/hooks.o
 .debug_macro   0x00000000000012ca       0x6a App/hooks.o
 .debug_macro   0x0000000000001334      0x1df App/hooks.o
 .debug_macro   0x0000000000001513       0x1c App/hooks.o
 .debug_macro   0x000000000000152f       0x22 App/hooks.o
 .debug_macro   0x0000000000001551       0xdf App/hooks.o
 .debug_macro   0x0000000000001630      0xf07 App/hooks.o
 .debug_macro   0x0000000000002537    0x10bd9 App/hooks.o
 .debug_macro   0x0000000000013110       0x43 App/hooks.o
 .debug_macro   0x0000000000013153      0x151 App/hooks.o
 .debug_macro   0x00000000000132a4      0x174 App/hooks.o
 .debug_macro   0x0000000000013418       0x53 App/hooks.o
 .debug_macro   0x000000000001346b      0x8f9 App/hooks.o
 .debug_macro   0x0000000000013d64      0x304 App/hooks.o
 .debug_macro   0x0000000000014068      0x12f App/hooks.o
 .debug_macro   0x0000000000014197      0x11b App/hooks.o
 .debug_macro   0x00000000000142b2      0x1d5 App/hooks.o
 .debug_macro   0x0000000000014487      0x1bc App/hooks.o
 .debug_macro   0x0000000000014643       0x34 App/hooks.o
 .debug_macro   0x0000000000014677       0x3c App/hooks.o
 .debug_macro   0x00000000000146b3       0x57 App/hooks.o
 .debug_macro   0x000000000001470a      0x408 App/hooks.o
 .debug_macro   0x0000000000014b12       0xc5 App/hooks.o
 .debug_macro   0x0000000000014bd7      0x19f App/hooks.o
 .debug_macro   0x0000000000014d76      0x22c App/hooks.o
 .debug_macro   0x0000000000014fa2       0x5b App/hooks.o
 .debug_macro   0x0000000000014ffd       0xa5 App/hooks.o
 .debug_macro   0x00000000000150a2       0x81 App/hooks.o
 .debug_macro   0x0000000000015123       0xd3 App/hooks.o
 .debug_macro   0x00000000000151f6      0x285 App/hooks.o
 .debug_macro   0x000000000001547b      0x142 App/hooks.o
 .debug_macro   0x00000000000155bd      0x232 App/led.o
 .debug_macro   0x00000000000157ef      0x20d Core/Src/main.o
 .debug_macro   0x00000000000159fc      0x4c2 Core/Src/main.o
 .debug_macro   0x0000000000015ebe       0xe1 Core/Src/main.o
 .debug_macro   0x0000000000015f9f      0x29f Core/Src/main.o
 .debug_macro   0x000000000001623e       0xfe Core/Src/main.o
 .debug_macro   0x000000000001633c       0x28 Core/Src/main.o
 .debug_macro   0x0000000000016364       0x30 Core/Src/main.o
 .debug_macro   0x0000000000016394       0xa8 Core/Src/main.o
 .debug_macro   0x000000000001643c      0x287 Core/Src/main.o
 .debug_macro   0x00000000000166c3      0x2f7 Core/Src/main.o
 .debug_macro   0x00000000000169ba      0x203 Core/Src/stm32f3xx_hal_msp.o
 .debug_macro   0x0000000000016bbd      0x20d Core/Src/stm32f3xx_it.o
 .debug_macro   0x0000000000016dca      0x1a5 Core/Src/system_stm32f3xx.o
 .debug_macro   0x0000000000016f6f      0x1c3 Drivers/STM32F3xx_HAL_Driver/Src/stm32f3xx_hal.o
 .debug_macro   0x0000000000017132      0x1a7 Drivers/STM32F3xx_HAL_Driver/Src/stm32f3xx_hal_can.o
 .debug_macro   0x00000000000172d9      0x19f Drivers/STM32F3xx_HAL_Driver/Src/stm32f3xx_hal_cortex.o
 .debug_macro   0x0000000000017478      0x19f Drivers/STM32F3xx_HAL_Driver/Src/stm32f3xx_hal_flash.o
 .debug_macro   0x0000000000017617      0x1b1 Drivers/STM32F3xx_HAL_Driver/Src/stm32f3xx_hal_flash_ex.o
 .debug_macro   0x00000000000177c8      0x1d7 Drivers/STM32F3xx_HAL_Driver/Src/stm32f3xx_hal_gpio.o
 .debug_macro   0x000000000001799f      0x1e1 Drivers/STM32F3xx_HAL_Driver/Src/stm32f3xx_ll_gpio.o
 .debug_macro   0x0000000000017b80      0x13c Drivers/STM32F3xx_HAL_Driver/Src/stm32f3xx_ll_gpio.o
 .debug_macro   0x0000000000017cbc      0x1d3 Drivers/STM32F3xx_HAL_Driver/Src/stm32f3xx_ll_rcc.o
 .debug_macro   0x0000000000017e8f      0x4bc Drivers/STM32F3xx_HAL_Driver/Src/stm32f3xx_ll_rcc.o
 .debug_macro   0x000000000001834b      0x214 Drivers/STM32F3xx_HAL_Driver/Src/stm32f3xx_ll_usart.o
 .debug_macro   0x000000000001855f      0x2f1 Drivers/STM32F3xx_HAL_Driver/Src/stm32f3xx_ll_usart.o
 .debug_macro   0x0000000000018850      0x21d Drivers/STM32F3xx_HAL_Driver/Src/stm32f3xx_ll_utils.o
 .debug_macro   0x0000000000018a6d       0x91 Loader/ARMCM4_STM32F3/GCC/cpu_comp.o
 .debug_macro   0x0000000000018afe      0x234 Loader/ARMCM4_STM32F3/can.o
 .debug_macro   0x0000000000018d32      0x22b Loader/ARMCM4_STM32F3/cpu.o
 .debug_macro   0x0000000000018f5d      0x255 Loader/ARMCM4_STM32F3/flash.o
 .debug_macro   0x00000000000191b2       0x9b Loader/ARMCM4_STM32F3/nvm.o
 .debug_macro   0x000000000001924d      0x21f Loader/ARMCM4_STM32F3/timer.o
 .debug_macro   0x000000000001946c       0x91 Loader/assert.o
 .debug_macro   0x00000000000194fd       0x97 Loader/backdoor.o
 .debug_macro   0x0000000000019594       0x91 Loader/boot.o
 .debug_macro   0x0000000000019625       0x9b Loader/com.o
 .debug_macro   0x00000000000196c0       0x91 Loader/cop.o
 .debug_macro   0x0000000000019751       0x91 Loader/xcp.o

.debug_line     0x0000000000000000     0xae66
 .debug_line    0x0000000000000000      0x10d App/app.o
 .debug_line    0x000000000000010d      0x741 App/hooks.o
 .debug_line    0x000000000000084e      0x754 App/led.o
 .debug_line    0x0000000000000fa2      0x896 Core/Src/main.o
 .debug_line    0x0000000000001838      0x7af Core/Src/stm32f3xx_hal_msp.o
 .debug_line    0x0000000000001fe7      0x793 Core/Src/stm32f3xx_it.o
 .debug_line    0x000000000000277a      0x67a Core/Src/system_stm32f3xx.o
 .debug_line    0x0000000000002df4       0x85 Core/Startup/startup_stm32f303k8tx.o
 .debug_line    0x0000000000002e79      0x81b Drivers/STM32F3xx_HAL_Driver/Src/stm32f3xx_hal.o
 .debug_line    0x0000000000003694      0xa10 Drivers/STM32F3xx_HAL_Driver/Src/stm32f3xx_hal_can.o
 .debug_line    0x00000000000040a4      0x851 Drivers/STM32F3xx_HAL_Driver/Src/stm32f3xx_hal_cortex.o
 .debug_line    0x00000000000048f5      0x855 Drivers/STM32F3xx_HAL_Driver/Src/stm32f3xx_hal_flash.o
 .debug_line    0x000000000000514a      0x89e Drivers/STM32F3xx_HAL_Driver/Src/stm32f3xx_hal_flash_ex.o
 .debug_line    0x00000000000059e8      0x7f0 Drivers/STM32F3xx_HAL_Driver/Src/stm32f3xx_hal_gpio.o
 .debug_line    0x00000000000061d8      0x7e4 Drivers/STM32F3xx_HAL_Driver/Src/stm32f3xx_ll_gpio.o
 .debug_line    0x00000000000069bc      0x8eb Drivers/STM32F3xx_HAL_Driver/Src/stm32f3xx_ll_rcc.o
 .debug_line    0x00000000000072a7      0x79f Drivers/STM32F3xx_HAL_Driver/Src/stm32f3xx_ll_usart.o
 .debug_line    0x0000000000007a46      0x8b1 Drivers/STM32F3xx_HAL_Driver/Src/stm32f3xx_ll_utils.o
 .debug_line    0x00000000000082f7      0x155 Loader/ARMCM4_STM32F3/GCC/cpu_comp.o
 .debug_line    0x000000000000844c      0x7d1 Loader/ARMCM4_STM32F3/can.o
 .debug_line    0x0000000000008c1d      0x77e Loader/ARMCM4_STM32F3/cpu.o
 .debug_line    0x000000000000939b      0x8a2 Loader/ARMCM4_STM32F3/flash.o
 .debug_line    0x0000000000009c3d      0x1b8 Loader/ARMCM4_STM32F3/nvm.o
 .debug_line    0x0000000000009df5      0x794 Loader/ARMCM4_STM32F3/timer.o
 .debug_line    0x000000000000a589      0x122 Loader/assert.o
 .debug_line    0x000000000000a6ab      0x177 Loader/backdoor.o
 .debug_line    0x000000000000a822      0x137 Loader/boot.o
 .debug_line    0x000000000000a959      0x191 Loader/com.o
 .debug_line    0x000000000000aaea      0x12b Loader/cop.o
 .debug_line    0x000000000000ac15      0x251 Loader/xcp.o

.debug_str      0x0000000000000000    0x8729f
 .debug_str     0x0000000000000000     0x3aeb App/app.o
                                       0x3b4f (size before relaxing)
 .debug_str     0x0000000000003aeb    0x77981 App/hooks.o
                                      0x7b858 (size before relaxing)
 .debug_str     0x000000000007b46c       0x8c App/led.o
                                      0x7b88c (size before relaxing)
 .debug_str     0x000000000007b4f8     0x776b Core/Src/main.o
                                      0x8222d (size before relaxing)
 .debug_str     0x0000000000082c63       0xe5 Core/Src/stm32f3xx_hal_msp.o
                                      0x81f9c (size before relaxing)
 .debug_str     0x0000000000082d48       0xc9 Core/Src/stm32f3xx_it.o
                                      0x81bc6 (size before relaxing)
 .debug_str     0x0000000000082e11       0xc7 Core/Src/system_stm32f3xx.o
                                      0x7a3be (size before relaxing)
 .debug_str     0x0000000000082ed8       0x36 Core/Startup/startup_stm32f303k8tx.o
                                         0x80 (size before relaxing)
 .debug_str     0x0000000000082f0e      0x607 Drivers/STM32F3xx_HAL_Driver/Src/stm32f3xx_hal.o
                                      0x7aa3d (size before relaxing)
 .debug_str     0x0000000000083515      0x57b Drivers/STM32F3xx_HAL_Driver/Src/stm32f3xx_hal_can.o
                                      0x7ab5d (size before relaxing)
 .debug_str     0x0000000000083a90      0x265 Drivers/STM32F3xx_HAL_Driver/Src/stm32f3xx_hal_cortex.o
                                      0x7a9d9 (size before relaxing)
 .debug_str     0x0000000000083cf5      0x2c6 Drivers/STM32F3xx_HAL_Driver/Src/stm32f3xx_hal_flash.o
                                      0x7a623 (size before relaxing)
 .debug_str     0x0000000000083fbb      0x36e Drivers/STM32F3xx_HAL_Driver/Src/stm32f3xx_hal_flash_ex.o
                                      0x7a801 (size before relaxing)
 .debug_str     0x0000000000084329      0x270 Drivers/STM32F3xx_HAL_Driver/Src/stm32f3xx_hal_gpio.o
                                      0x7a682 (size before relaxing)
 .debug_str     0x0000000000084599      0x61e Drivers/STM32F3xx_HAL_Driver/Src/stm32f3xx_ll_gpio.o
                                      0x7b6ef (size before relaxing)
 .debug_str     0x0000000000084bb7      0x4e1 Drivers/STM32F3xx_HAL_Driver/Src/stm32f3xx_ll_rcc.o
                                      0x7cb41 (size before relaxing)
 .debug_str     0x0000000000085098      0x89f Drivers/STM32F3xx_HAL_Driver/Src/stm32f3xx_ll_usart.o
                                      0x7e68a (size before relaxing)
 .debug_str     0x0000000000085937      0xc55 Drivers/STM32F3xx_HAL_Driver/Src/stm32f3xx_ll_utils.o
                                      0x7f3b1 (size before relaxing)
 .debug_str     0x000000000008658c       0x67 Loader/ARMCM4_STM32F3/GCC/cpu_comp.o
                                       0x3b87 (size before relaxing)
 .debug_str     0x00000000000865f3      0x190 Loader/ARMCM4_STM32F3/can.o
                                      0x7d97b (size before relaxing)
 .debug_str     0x0000000000086783      0x179 Loader/ARMCM4_STM32F3/cpu.o
                                      0x7b292 (size before relaxing)
 .debug_str     0x00000000000868fc      0x3c6 Loader/ARMCM4_STM32F3/flash.o
                                      0x7b51c (size before relaxing)
 .debug_str     0x0000000000086cc2       0x6f Loader/ARMCM4_STM32F3/nvm.o
                                       0x3c6e (size before relaxing)
 .debug_str     0x0000000000086d31       0x6f Loader/ARMCM4_STM32F3/timer.o
                                      0x7b113 (size before relaxing)
 .debug_str     0x0000000000086da0       0x45 Loader/assert.o
                                       0x3b8e (size before relaxing)
 .debug_str     0x0000000000086de5      0x108 Loader/backdoor.o
                                       0x3c59 (size before relaxing)
 .debug_str     0x0000000000086eed       0x4d Loader/boot.o
                                       0x3bcb (size before relaxing)
 .debug_str     0x0000000000086f3a      0x13b Loader/com.o
                                       0x3cde (size before relaxing)
 .debug_str     0x0000000000087075       0x34 Loader/cop.o
                                       0x3b82 (size before relaxing)
 .debug_str     0x00000000000870a9      0x1f6 Loader/xcp.o
                                       0x3e36 (size before relaxing)

.comment        0x0000000000000000       0x7b
 .comment       0x0000000000000000       0x7b App/app.o
                                         0x7c (size before relaxing)
 .comment       0x000000000000007b       0x7c App/hooks.o
 .comment       0x000000000000007b       0x7c App/led.o
 .comment       0x000000000000007b       0x7c Core/Src/main.o
 .comment       0x000000000000007b       0x7c Core/Src/stm32f3xx_hal_msp.o
 .comment       0x000000000000007b       0x7c Core/Src/stm32f3xx_it.o
 .comment       0x000000000000007b       0x7c Core/Src/system_stm32f3xx.o
 .comment       0x000000000000007b       0x7c Drivers/STM32F3xx_HAL_Driver/Src/stm32f3xx_hal.o
 .comment       0x000000000000007b       0x7c Drivers/STM32F3xx_HAL_Driver/Src/stm32f3xx_hal_can.o
 .comment       0x000000000000007b       0x7c Drivers/STM32F3xx_HAL_Driver/Src/stm32f3xx_hal_cortex.o
 .comment       0x000000000000007b       0x7c Drivers/STM32F3xx_HAL_Driver/Src/stm32f3xx_hal_flash.o
 .comment       0x000000000000007b       0x7c Drivers/STM32F3xx_HAL_Driver/Src/stm32f3xx_hal_flash_ex.o
 .comment       0x000000000000007b       0x7c Drivers/STM32F3xx_HAL_Driver/Src/stm32f3xx_hal_gpio.o
 .comment       0x000000000000007b       0x7c Drivers/STM32F3xx_HAL_Driver/Src/stm32f3xx_ll_gpio.o
 .comment       0x000000000000007b       0x7c Drivers/STM32F3xx_HAL_Driver/Src/stm32f3xx_ll_rcc.o
 .comment       0x000000000000007b       0x7c Drivers/STM32F3xx_HAL_Driver/Src/stm32f3xx_ll_usart.o
 .comment       0x000000000000007b       0x7c Drivers/STM32F3xx_HAL_Driver/Src/stm32f3xx_ll_utils.o
 .comment       0x000000000000007b       0x7c Loader/ARMCM4_STM32F3/GCC/cpu_comp.o
 .comment       0x000000000000007b       0x7c Loader/ARMCM4_STM32F3/can.o
 .comment       0x000000000000007b       0x7c Loader/ARMCM4_STM32F3/cpu.o
 .comment       0x000000000000007b       0x7c Loader/ARMCM4_STM32F3/flash.o
 .comment       0x000000000000007b       0x7c Loader/ARMCM4_STM32F3/nvm.o
 .comment       0x000000000000007b       0x7c Loader/ARMCM4_STM32F3/timer.o
 .comment       0x000000000000007b       0x7c Loader/assert.o
 .comment       0x000000000000007b       0x7c Loader/backdoor.o
 .comment       0x000000000000007b       0x7c Loader/boot.o
 .comment       0x000000000000007b       0x7c Loader/com.o
 .comment       0x000000000000007b       0x7c Loader/cop.o
 .comment       0x000000000000007b       0x7c Loader/xcp.o

.debug_frame    0x0000000000000000     0x13e8
 .debug_frame   0x0000000000000000       0x30 App/app.o
 .debug_frame   0x0000000000000030       0x48 App/hooks.o
 .debug_frame   0x0000000000000078       0x48 App/led.o
 .debug_frame   0x00000000000000c0       0x84 Core/Src/main.o
 .debug_frame   0x0000000000000144       0x70 Core/Src/stm32f3xx_hal_msp.o
 .debug_frame   0x00000000000001b4       0xa0 Core/Src/stm32f3xx_it.o
 .debug_frame   0x0000000000000254       0x38 Core/Src/system_stm32f3xx.o
 .debug_frame   0x000000000000028c      0x1d4 Drivers/STM32F3xx_HAL_Driver/Src/stm32f3xx_hal.o
 .debug_frame   0x0000000000000460      0x2cc Drivers/STM32F3xx_HAL_Driver/Src/stm32f3xx_hal_can.o
 .debug_frame   0x000000000000072c      0x120 Drivers/STM32F3xx_HAL_Driver/Src/stm32f3xx_hal_cortex.o
 .debug_frame   0x000000000000084c      0x120 Drivers/STM32F3xx_HAL_Driver/Src/stm32f3xx_hal_flash.o
 .debug_frame   0x000000000000096c       0xf0 Drivers/STM32F3xx_HAL_Driver/Src/stm32f3xx_hal_flash_ex.o
 .debug_frame   0x0000000000000a5c       0xd8 Drivers/STM32F3xx_HAL_Driver/Src/stm32f3xx_hal_gpio.o
 .debug_frame   0x0000000000000b34       0x58 Drivers/STM32F3xx_HAL_Driver/Src/stm32f3xx_ll_gpio.o
 .debug_frame   0x0000000000000b8c      0x118 Drivers/STM32F3xx_HAL_Driver/Src/stm32f3xx_ll_rcc.o
 .debug_frame   0x0000000000000ca4       0x80 Drivers/STM32F3xx_HAL_Driver/Src/stm32f3xx_ll_usart.o
 .debug_frame   0x0000000000000d24       0xcc Drivers/STM32F3xx_HAL_Driver/Src/stm32f3xx_ll_utils.o
 .debug_frame   0x0000000000000df0       0x30 Loader/ARMCM4_STM32F3/GCC/cpu_comp.o
 .debug_frame   0x0000000000000e20       0x74 Loader/ARMCM4_STM32F3/can.o
 .debug_frame   0x0000000000000e94       0x80 Loader/ARMCM4_STM32F3/cpu.o
 .debug_frame   0x0000000000000f14      0x12c Loader/ARMCM4_STM32F3/flash.o
 .debug_frame   0x0000000000001040       0x90 Loader/ARMCM4_STM32F3/nvm.o
 .debug_frame   0x00000000000010d0       0x88 Loader/ARMCM4_STM32F3/timer.o
 .debug_frame   0x0000000000001158       0x28 Loader/assert.o
 .debug_frame   0x0000000000001180       0x84 Loader/backdoor.o
 .debug_frame   0x0000000000001204       0x48 Loader/boot.o
 .debug_frame   0x000000000000124c       0xa4 Loader/com.o
 .debug_frame   0x00000000000012f0       0x30 Loader/cop.o
 .debug_frame   0x0000000000001320       0x7c Loader/xcp.o
 .debug_frame   0x000000000000139c       0x2c c:/st/stm32cubeide_1.5.1/stm32cubeide/plugins/com.st.stm32cube.ide.mcu.externaltools.gnu-tools-for-stm32.7-2018-q2-update.win32_1.5.0.202011040924/tools/bin/../lib/gcc/arm-none-eabi/7.3.1/../../../../arm-none-eabi/lib/thumb/v7e-m/fpv4-sp/hard\libc_nano.a(lib_a-init.o)
 .debug_frame   0x00000000000013c8       0x20 c:/st/stm32cubeide_1.5.1/stm32cubeide/plugins/com.st.stm32cube.ide.mcu.externaltools.gnu-tools-for-stm32.7-2018-q2-update.win32_1.5.0.202011040924/tools/bin/../lib/gcc/arm-none-eabi/7.3.1/../../../../arm-none-eabi/lib/thumb/v7e-m/fpv4-sp/hard\libc_nano.a(lib_a-memset.o)

.debug_loc      0x0000000000000000     0x3eff
 .debug_loc     0x0000000000000000       0x2c App/hooks.o
 .debug_loc     0x000000000000002c       0x58 App/led.o
 .debug_loc     0x0000000000000084      0x127 Core/Src/main.o
 .debug_loc     0x00000000000001ab      0x106 Core/Src/stm32f3xx_hal_msp.o
 .debug_loc     0x00000000000002b1       0xe2 Core/Src/system_stm32f3xx.o
 .debug_loc     0x0000000000000393      0x115 Drivers/STM32F3xx_HAL_Driver/Src/stm32f3xx_hal.o
 .debug_loc     0x00000000000004a8      0xa35 Drivers/STM32F3xx_HAL_Driver/Src/stm32f3xx_hal_can.o
 .debug_loc     0x0000000000000edd      0x47a Drivers/STM32F3xx_HAL_Driver/Src/stm32f3xx_hal_cortex.o
 .debug_loc     0x0000000000001357      0x326 Drivers/STM32F3xx_HAL_Driver/Src/stm32f3xx_hal_flash.o
 .debug_loc     0x000000000000167d      0x631 Drivers/STM32F3xx_HAL_Driver/Src/stm32f3xx_hal_flash_ex.o
 .debug_loc     0x0000000000001cae      0x28b Drivers/STM32F3xx_HAL_Driver/Src/stm32f3xx_hal_gpio.o
 .debug_loc     0x0000000000001f39      0x3b7 Drivers/STM32F3xx_HAL_Driver/Src/stm32f3xx_ll_gpio.o
 .debug_loc     0x00000000000022f0      0x353 Drivers/STM32F3xx_HAL_Driver/Src/stm32f3xx_ll_rcc.o
 .debug_loc     0x0000000000002643      0x424 Drivers/STM32F3xx_HAL_Driver/Src/stm32f3xx_ll_usart.o
 .debug_loc     0x0000000000002a67      0x599 Drivers/STM32F3xx_HAL_Driver/Src/stm32f3xx_ll_utils.o
 .debug_loc     0x0000000000003000      0x184 Loader/ARMCM4_STM32F3/can.o
 .debug_loc     0x0000000000003184      0x153 Loader/ARMCM4_STM32F3/cpu.o
 .debug_loc     0x00000000000032d7      0x599 Loader/ARMCM4_STM32F3/flash.o
 .debug_loc     0x0000000000003870       0xa5 Loader/ARMCM4_STM32F3/nvm.o
 .debug_loc     0x0000000000003915       0x42 Loader/assert.o
 .debug_loc     0x0000000000003957       0x67 Loader/com.o
 .debug_loc     0x00000000000039be      0x541 Loader/xcp.o
