Archive member included to satisfy reference by file (symbol)

c:/st/stm32cubeide_1.5.1/stm32cubeide/plugins/com.st.stm32cube.ide.mcu.externaltools.gnu-tools-for-stm32.7-2018-q2-update.win32_1.5.0.202011040924/tools/bin/../lib/gcc/arm-none-eabi/7.3.1/../../../../arm-none-eabi/lib/thumb/v7e-m/fpv4-sp/hard\libc_nano.a(lib_a-errno.o)
                              Core/Src/syscalls.o (__errno)
c:/st/stm32cubeide_1.5.1/stm32cubeide/plugins/com.st.stm32cube.ide.mcu.externaltools.gnu-tools-for-stm32.7-2018-q2-update.win32_1.5.0.202011040924/tools/bin/../lib/gcc/arm-none-eabi/7.3.1/../../../../arm-none-eabi/lib/thumb/v7e-m/fpv4-sp/hard\libc_nano.a(lib_a-exit.o)
                              c:/st/stm32cubeide_1.5.1/stm32cubeide/plugins/com.st.stm32cube.ide.mcu.externaltools.gnu-tools-for-stm32.7-2018-q2-update.win32_1.5.0.202011040924/tools/bin/../lib/gcc/arm-none-eabi/7.3.1/../../../../arm-none-eabi/lib/thumb/v7e-m/fpv4-sp/hard/crt0.o (exit)
c:/st/stm32cubeide_1.5.1/stm32cubeide/plugins/com.st.stm32cube.ide.mcu.externaltools.gnu-tools-for-stm32.7-2018-q2-update.win32_1.5.0.202011040924/tools/bin/../lib/gcc/arm-none-eabi/7.3.1/../../../../arm-none-eabi/lib/thumb/v7e-m/fpv4-sp/hard\libc_nano.a(lib_a-impure.o)
                              c:/st/stm32cubeide_1.5.1/stm32cubeide/plugins/com.st.stm32cube.ide.mcu.externaltools.gnu-tools-for-stm32.7-2018-q2-update.win32_1.5.0.202011040924/tools/bin/../lib/gcc/arm-none-eabi/7.3.1/../../../../arm-none-eabi/lib/thumb/v7e-m/fpv4-sp/hard\libc_nano.a(lib_a-exit.o) (_global_impure_ptr)
c:/st/stm32cubeide_1.5.1/stm32cubeide/plugins/com.st.stm32cube.ide.mcu.externaltools.gnu-tools-for-stm32.7-2018-q2-update.win32_1.5.0.202011040924/tools/bin/../lib/gcc/arm-none-eabi/7.3.1/../../../../arm-none-eabi/lib/thumb/v7e-m/fpv4-sp/hard\libc_nano.a(lib_a-init.o)
                              c:/st/stm32cubeide_1.5.1/stm32cubeide/plugins/com.st.stm32cube.ide.mcu.externaltools.gnu-tools-for-stm32.7-2018-q2-update.win32_1.5.0.202011040924/tools/bin/../lib/gcc/arm-none-eabi/7.3.1/../../../../arm-none-eabi/lib/thumb/v7e-m/fpv4-sp/hard/crt0.o (__libc_init_array)
c:/st/stm32cubeide_1.5.1/stm32cubeide/plugins/com.st.stm32cube.ide.mcu.externaltools.gnu-tools-for-stm32.7-2018-q2-update.win32_1.5.0.202011040924/tools/bin/../lib/gcc/arm-none-eabi/7.3.1/../../../../arm-none-eabi/lib/thumb/v7e-m/fpv4-sp/hard\libc_nano.a(lib_a-memset.o)
                              c:/st/stm32cubeide_1.5.1/stm32cubeide/plugins/com.st.stm32cube.ide.mcu.externaltools.gnu-tools-for-stm32.7-2018-q2-update.win32_1.5.0.202011040924/tools/bin/../lib/gcc/arm-none-eabi/7.3.1/../../../../arm-none-eabi/lib/thumb/v7e-m/fpv4-sp/hard/crt0.o (memset)

Allocating common symbols
Common symbol       size              file

hcan                0x28              Core/Src/main.o
uwTick              0x4               Drivers/STM32F3xx_HAL_Driver/Src/stm32f3xx_hal.o
pFlash              0x20              Drivers/STM32F3xx_HAL_Driver/Src/stm32f3xx_hal_flash.o
huart2              0x80              Core/Src/main.o

Discarded input sections

 .text          0x0000000000000000        0x0 c:/st/stm32cubeide_1.5.1/stm32cubeide/plugins/com.st.stm32cube.ide.mcu.externaltools.gnu-tools-for-stm32.7-2018-q2-update.win32_1.5.0.202011040924/tools/bin/../lib/gcc/arm-none-eabi/7.3.1/thumb/v7e-m/fpv4-sp/hard/crti.o
 .data          0x0000000000000000        0x0 c:/st/stm32cubeide_1.5.1/stm32cubeide/plugins/com.st.stm32cube.ide.mcu.externaltools.gnu-tools-for-stm32.7-2018-q2-update.win32_1.5.0.202011040924/tools/bin/../lib/gcc/arm-none-eabi/7.3.1/thumb/v7e-m/fpv4-sp/hard/crti.o
 .bss           0x0000000000000000        0x0 c:/st/stm32cubeide_1.5.1/stm32cubeide/plugins/com.st.stm32cube.ide.mcu.externaltools.gnu-tools-for-stm32.7-2018-q2-update.win32_1.5.0.202011040924/tools/bin/../lib/gcc/arm-none-eabi/7.3.1/thumb/v7e-m/fpv4-sp/hard/crti.o
 .data          0x0000000000000000        0x4 c:/st/stm32cubeide_1.5.1/stm32cubeide/plugins/com.st.stm32cube.ide.mcu.externaltools.gnu-tools-for-stm32.7-2018-q2-update.win32_1.5.0.202011040924/tools/bin/../lib/gcc/arm-none-eabi/7.3.1/thumb/v7e-m/fpv4-sp/hard/crtbegin.o
 .text          0x0000000000000000       0x74 c:/st/stm32cubeide_1.5.1/stm32cubeide/plugins/com.st.stm32cube.ide.mcu.externaltools.gnu-tools-for-stm32.7-2018-q2-update.win32_1.5.0.202011040924/tools/bin/../lib/gcc/arm-none-eabi/7.3.1/../../../../arm-none-eabi/lib/thumb/v7e-m/fpv4-sp/hard/crt0.o
 .data          0x0000000000000000        0x0 c:/st/stm32cubeide_1.5.1/stm32cubeide/plugins/com.st.stm32cube.ide.mcu.externaltools.gnu-tools-for-stm32.7-2018-q2-update.win32_1.5.0.202011040924/tools/bin/../lib/gcc/arm-none-eabi/7.3.1/../../../../arm-none-eabi/lib/thumb/v7e-m/fpv4-sp/hard/crt0.o
[...]
Memory Configuration

Name             Origin             Length             Attributes
CCMRAM           0x0000000010000000 0x0000000000001000 xrw
RAM              0x0000000020000000 0x0000000000003000 xrw
FLASH            0x0000000008002000 0x000000000000e000 xr
*default*        0x0000000000000000 0xffffffffffffffff

Linker script and memory map

LOAD c:/st/stm32cubeide_1.5.1/stm32cubeide/plugins/com.st.stm32cube.ide.mcu.externaltools.gnu-tools-for-stm32.7-2018-q2-update.win32_1.5.0.202011040924/tools/bin/../lib/gcc/arm-none-eabi/7.3.1/thumb/v7e-m/fpv4-sp/hard/crti.o
LOAD c:/st/stm32cubeide_1.5.1/stm32cubeide/plugins/com.st.stm32cube.ide.mcu.externaltools.gnu-tools-for-stm32.7-2018-q2-update.win32_1.5.0.202011040924/tools/bin/../lib/gcc/arm-none-eabi/7.3.1/thumb/v7e-m/fpv4-sp/hard/crtbegin.o
LOAD c:/st/stm32cubeide_1.5.1/stm32cubeide/plugins/com.st.stm32cube.ide.mcu.externaltools.gnu-tools-for-stm32.7-2018-q2-update.win32_1.5.0.202011040924/tools/bin/../lib/gcc/arm-none-eabi/7.3.1/../../../../arm-none-eabi/lib/thumb/v7e-m/fpv4-sp/hard/crt0.o
LOAD App/app.o
LOAD App/boot.o
LOAD App/led.o
LOAD App/timer.o
LOAD Core/Src/main.o
LOAD Core/Src/stm32f3xx_hal_msp.o
LOAD Core/Src/stm32f3xx_it.o
LOAD Core/Src/syscalls.o
LOAD Core/Src/sysmem.o
LOAD Core/Src/system_stm32f3xx.o
LOAD Core/Startup/startup_stm32f303k8tx.o
LOAD Drivers/STM32F3xx_HAL_Driver/Src/stm32f3xx_hal.o
LOAD Drivers/STM32F3xx_HAL_Driver/Src/stm32f3xx_hal_can.o
LOAD Drivers/STM32F3xx_HAL_Driver/Src/stm32f3xx_hal_cortex.o
LOAD Drivers/STM32F3xx_HAL_Driver/Src/stm32f3xx_hal_dma.o
LOAD Drivers/STM32F3xx_HAL_Driver/Src/stm32f3xx_hal_exti.o
LOAD Drivers/STM32F3xx_HAL_Driver/Src/stm32f3xx_hal_flash.o
LOAD Drivers/STM32F3xx_HAL_Driver/Src/stm32f3xx_hal_flash_ex.o
LOAD Drivers/STM32F3xx_HAL_Driver/Src/stm32f3xx_hal_gpio.o
LOAD Drivers/STM32F3xx_HAL_Driver/Src/stm32f3xx_hal_i2c.o
LOAD Drivers/STM32F3xx_HAL_Driver/Src/stm32f3xx_hal_i2c_ex.o
LOAD Drivers/STM32F3xx_HAL_Driver/Src/stm32f3xx_hal_pwr.o
LOAD Drivers/STM32F3xx_HAL_Driver/Src/stm32f3xx_hal_pwr_ex.o
LOAD Drivers/STM32F3xx_HAL_Driver/Src/stm32f3xx_hal_rcc.o
LOAD Drivers/STM32F3xx_HAL_Driver/Src/stm32f3xx_hal_rcc_ex.o
LOAD Drivers/STM32F3xx_HAL_Driver/Src/stm32f3xx_hal_tim.o
LOAD Drivers/STM32F3xx_HAL_Driver/Src/stm32f3xx_hal_tim_ex.o
LOAD Drivers/STM32F3xx_HAL_Driver/Src/stm32f3xx_hal_uart.o
LOAD Drivers/STM32F3xx_HAL_Driver/Src/stm32f3xx_hal_uart_ex.o
START GROUP
LOAD c:/st/stm32cubeide_1.5.1/stm32cubeide/plugins/com.st.stm32cube.ide.mcu.externaltools.gnu-tools-for-stm32.7-2018-q2-update.win32_1.5.0.202011040924/tools/bin/../lib/gcc/arm-none-eabi/7.3.1/../../../../arm-none-eabi/lib/thumb/v7e-m/fpv4-sp/hard\libc_nano.a
LOAD c:/st/stm32cubeide_1.5.1/stm32cubeide/plugins/com.st.stm32cube.ide.mcu.externaltools.gnu-tools-for-stm32.7-2018-q2-update.win32_1.5.0.202011040924/tools/bin/../lib/gcc/arm-none-eabi/7.3.1/../../../../arm-none-eabi/lib/thumb/v7e-m/fpv4-sp/hard\libm.a
END GROUP
START GROUP
LOAD c:/st/stm32cubeide_1.5.1/stm32cubeide/plugins/com.st.stm32cube.ide.mcu.externaltools.gnu-tools-for-stm32.7-2018-q2-update.win32_1.5.0.202011040924/tools/bin/../lib/gcc/arm-none-eabi/7.3.1/thumb/v7e-m/fpv4-sp/hard\libgcc.a
LOAD c:/st/stm32cubeide_1.5.1/stm32cubeide/plugins/com.st.stm32cube.ide.mcu.externaltools.gnu-tools-for-stm32.7-2018-q2-update.win32_1.5.0.202011040924/tools/bin/../lib/gcc/arm-none-eabi/7.3.1/../../../../arm-none-eabi/lib/thumb/v7e-m/fpv4-sp/hard\libc_nano.a
END GROUP
START GROUP
LOAD c:/st/stm32cubeide_1.5.1/stm32cubeide/plugins/com.st.stm32cube.ide.mcu.externaltools.gnu-tools-for-stm32.7-2018-q2-update.win32_1.5.0.202011040924/tools/bin/../lib/gcc/arm-none-eabi/7.3.1/thumb/v7e-m/fpv4-sp/hard\libgcc.a
LOAD c:/st/stm32cubeide_1.5.1/stm32cubeide/plugins/com.st.stm32cube.ide.mcu.externaltools.gnu-tools-for-stm32.7-2018-q2-update.win32_1.5.0.202011040924/tools/bin/../lib/gcc/arm-none-eabi/7.3.1/../../../../arm-none-eabi/lib/thumb/v7e-m/fpv4-sp/hard\libc_nano.a
LOAD c:/st/stm32cubeide_1.5.1/stm32cubeide/plugins/com.st.stm32cube.ide.mcu.externaltools.gnu-tools-for-stm32.7-2018-q2-update.win32_1.5.0.202011040924/tools/bin/../lib/gcc/arm-none-eabi/7.3.1/../../../../arm-none-eabi/lib/thumb/v7e-m/fpv4-sp/hard\libnosys.a
END GROUP
START GROUP
LOAD c:/st/stm32cubeide_1.5.1/stm32cubeide/plugins/com.st.stm32cube.ide.mcu.externaltools.gnu-tools-for-stm32.7-2018-q2-update.win32_1.5.0.202011040924/tools/bin/../lib/gcc/arm-none-eabi/7.3.1/thumb/v7e-m/fpv4-sp/hard\libgcc.a
LOAD c:/st/stm32cubeide_1.5.1/stm32cubeide/plugins/com.st.stm32cube.ide.mcu.externaltools.gnu-tools-for-stm32.7-2018-q2-update.win32_1.5.0.202011040924/tools/bin/../lib/gcc/arm-none-eabi/7.3.1/../../../../arm-none-eabi/lib/thumb/v7e-m/fpv4-sp/hard\libc_nano.a
LOAD c:/st/stm32cubeide_1.5.1/stm32cubeide/plugins/com.st.stm32cube.ide.mcu.externaltools.gnu-tools-for-stm32.7-2018-q2-update.win32_1.5.0.202011040924/tools/bin/../lib/gcc/arm-none-eabi/7.3.1/../../../../arm-none-eabi/lib/thumb/v7e-m/fpv4-sp/hard\libnosys.a
END GROUP
LOAD c:/st/stm32cubeide_1.5.1/stm32cubeide/plugins/com.st.stm32cube.ide.mcu.externaltools.gnu-tools-for-stm32.7-2018-q2-update.win32_1.5.0.202011040924/tools/bin/../lib/gcc/arm-none-eabi/7.3.1/thumb/v7e-m/fpv4-sp/hard/crtend.o
LOAD c:/st/stm32cubeide_1.5.1/stm32cubeide/plugins/com.st.stm32cube.ide.mcu.externaltools.gnu-tools-for-stm32.7-2018-q2-update.win32_1.5.0.202011040924/tools/bin/../lib/gcc/arm-none-eabi/7.3.1/thumb/v7e-m/fpv4-sp/hard/crtn.o
                0x0000000020003000                _estack = (ORIGIN (RAM) + LENGTH (RAM))
                0x0000000000000200                _Min_Heap_Size = 0x200
                0x0000000000000400                _Min_Stack_Size = 0x400

.isr_vector     0x0000000008002000      0x18c
                0x0000000008002000                . = ALIGN (0x4)
 *(.isr_vector)
 .isr_vector    0x0000000008002000      0x18c Core/Startup/startup_stm32f303k8tx.o
                0x0000000008002000                g_pfnVectors
                0x000000000800218c                . = ALIGN (0x4)

.text           0x000000000800218c     0x141c
                0x000000000800218c                . = ALIGN (0x4)
 *(.text)
 .text          0x000000000800218c       0x40 c:/st/stm32cubeide_1.5.1/stm32cubeide/plugins/com.st.stm32cube.ide.mcu.externaltools.gnu-tools-for-stm32.7-2018-q2-update.win32_1.5.0.202011040924/tools/bin/../lib/gcc/arm-none-eabi/7.3.1/thumb/v7e-m/fpv4-sp/hard/crtbegin.o
 *(.text*)
 .text.AppInit  0x00000000080021cc       0x10 App/app.o
                0x00000000080021cc                AppInit
 .text.AppTask  0x00000000080021dc        0xc App/app.o
                0x00000000080021dc                AppTask
 .text.CanGetSpeedConfig
                0x00000000080021e8       0x70 App/boot.o
 .text.BootComCanInit
                0x0000000008002258       0x98 App/boot.o
 .text.BootComInit
                0x00000000080022f0        0x8 App/boot.o
                0x00000000080022f0                BootComInit
 .text.BootActivate
                0x00000000080022f8       0x24 App/boot.o
                0x00000000080022f8                BootActivate
 .text.BootComCanCheckActivationRequest
                0x000000000800231c       0x40 App/boot.o
 .text.BootComCheckActivationRequest
                0x000000000800235c        0x8 App/boot.o
                0x000000000800235c                BootComCheckActivationRequest
 .text.LedInit  0x0000000008002364       0x14 App/led.o
                0x0000000008002364                LedInit
 .text.LedToggle
                0x0000000008002378       0x4c App/led.o
                0x0000000008002378                LedToggle
 .text.TimerInit
                0x00000000080023c4        0x2 App/timer.o
                0x00000000080023c4                TimerInit
 .text.TimerGet
                0x00000000080023c6        0x8 App/timer.o
                0x00000000080023c6                TimerGet
 *fill*         0x00000000080023ce        0x2 
 .text.VectorBase_Config
                0x00000000080023d0       0x10 Core/Src/main.o
 .text.MX_GPIO_Init
                0x00000000080023e0       0x74 Core/Src/main.o
 .text.SystemClock_Config
                0x0000000008002454       0x50 Core/Src/main.o
                0x0000000008002454                SystemClock_Config
 .text.main     0x00000000080024a4       0x2c Core/Src/main.o
                0x00000000080024a4                main
 .text.HAL_MspInit
                0x00000000080024d0       0x30 Core/Src/stm32f3xx_hal_msp.o
                0x00000000080024d0                HAL_MspInit
 .text.HAL_CAN_MspInit
                0x0000000008002500       0x68 Core/Src/stm32f3xx_hal_msp.o
                0x0000000008002500                HAL_CAN_MspInit
 .text.NMI_Handler
                0x0000000008002568        0x2 Core/Src/stm32f3xx_it.o
                0x0000000008002568                NMI_Handler
 .text.HardFault_Handler
                0x000000000800256a        0x2 Core/Src/stm32f3xx_it.o
                0x000000000800256a                HardFault_Handler
 .text.MemManage_Handler
                0x000000000800256c        0x2 Core/Src/stm32f3xx_it.o
                0x000000000800256c                MemManage_Handler
 .text.BusFault_Handler
                0x000000000800256e        0x2 Core/Src/stm32f3xx_it.o
                0x000000000800256e                BusFault_Handler
 .text.UsageFault_Handler
                0x0000000008002570        0x2 Core/Src/stm32f3xx_it.o
                0x0000000008002570                UsageFault_Handler
 .text.SVC_Handler
                0x0000000008002572        0x2 Core/Src/stm32f3xx_it.o
                0x0000000008002572                SVC_Handler
 .text.DebugMon_Handler
                0x0000000008002574        0x2 Core/Src/stm32f3xx_it.o
                0x0000000008002574                DebugMon_Handler
 .text.PendSV_Handler
                0x0000000008002576        0x2 Core/Src/stm32f3xx_it.o
                0x0000000008002576                PendSV_Handler
 .text.SysTick_Handler
                0x0000000008002578        0x8 Core/Src/stm32f3xx_it.o
                0x0000000008002578                SysTick_Handler
 .text.SystemInit
                0x0000000008002580       0x1c Core/Src/system_stm32f3xx.o
                0x0000000008002580                SystemInit
 .text.Reset_Handler
                0x000000000800259c       0x50 Core/Startup/startup_stm32f303k8tx.o
                0x000000000800259c                Reset_Handler
 .text.Default_Handler
                0x00000000080025ec        0x2 Core/Startup/startup_stm32f303k8tx.o
                0x00000000080025ec                RTC_Alarm_IRQHandler
                0x00000000080025ec                TIM1_CC_IRQHandler
                0x00000000080025ec                PVD_IRQHandler
                0x00000000080025ec                TAMP_STAMP_IRQHandler
                0x00000000080025ec                EXTI3_IRQHandler
                0x00000000080025ec                EXTI0_IRQHandler
                0x00000000080025ec                FPU_IRQHandler
                0x00000000080025ec                CAN_TX_IRQHandler
                0x00000000080025ec                TIM1_UP_TIM16_IRQHandler
                0x00000000080025ec                ADC1_2_IRQHandler
                0x00000000080025ec                SPI1_IRQHandler
                0x00000000080025ec                CAN_SCE_IRQHandler
                0x00000000080025ec                DMA1_Channel4_IRQHandler
                0x00000000080025ec                USART3_IRQHandler
                0x00000000080025ec                DMA1_Channel7_IRQHandler
                0x00000000080025ec                TIM7_DAC2_IRQHandler
                0x00000000080025ec                CAN_RX1_IRQHandler
                0x00000000080025ec                I2C1_EV_IRQHandler
                0x00000000080025ec                DMA1_Channel6_IRQHandler
                0x00000000080025ec                TIM3_IRQHandler
                0x00000000080025ec                RCC_IRQHandler
                0x00000000080025ec                DMA1_Channel1_IRQHandler
                0x00000000080025ec                Default_Handler
                0x00000000080025ec                EXTI15_10_IRQHandler
                0x00000000080025ec                COMP2_IRQHandler
                0x00000000080025ec                TIM6_DAC1_IRQHandler
                0x00000000080025ec                EXTI9_5_IRQHandler
                0x00000000080025ec                RTC_WKUP_IRQHandler
                0x00000000080025ec                DMA1_Channel5_IRQHandler
                0x00000000080025ec                EXTI4_IRQHandler
                0x00000000080025ec                TIM1_TRG_COM_TIM17_IRQHandler
                0x00000000080025ec                DMA1_Channel3_IRQHandler
                0x00000000080025ec                WWDG_IRQHandler
                0x00000000080025ec                TIM2_IRQHandler
                0x00000000080025ec                EXTI1_IRQHandler
                0x00000000080025ec                COMP4_6_IRQHandler
                0x00000000080025ec                USART2_IRQHandler
                0x00000000080025ec                DMA1_Channel2_IRQHandler
                0x00000000080025ec                FLASH_IRQHandler
                0x00000000080025ec                USART1_IRQHandler
                0x00000000080025ec                CAN_RX0_IRQHandler
                0x00000000080025ec                I2C1_ER_IRQHandler
                0x00000000080025ec                EXTI2_TSC_IRQHandler
                0x00000000080025ec                TIM1_BRK_TIM15_IRQHandler
 *fill*         0x00000000080025ee        0x2 
 .text.HAL_InitTick
                0x00000000080025f0       0x4c Drivers/STM32F3xx_HAL_Driver/Src/stm32f3xx_hal.o
                0x00000000080025f0                HAL_InitTick
 .text.HAL_Init
                0x000000000800263c       0x24 Drivers/STM32F3xx_HAL_Driver/Src/stm32f3xx_hal.o
                0x000000000800263c                HAL_Init
 .text.HAL_IncTick
                0x0000000008002660       0x18 Drivers/STM32F3xx_HAL_Driver/Src/stm32f3xx_hal.o
                0x0000000008002660                HAL_IncTick
 .text.HAL_GetTick
                0x0000000008002678        0xc Drivers/STM32F3xx_HAL_Driver/Src/stm32f3xx_hal.o
                0x0000000008002678                HAL_GetTick
 .text.HAL_CAN_Init
                0x0000000008002684      0x14c Drivers/STM32F3xx_HAL_Driver/Src/stm32f3xx_hal_can.o
                0x0000000008002684                HAL_CAN_Init
 .text.HAL_CAN_ConfigFilter
                0x00000000080027d0       0xfc Drivers/STM32F3xx_HAL_Driver/Src/stm32f3xx_hal_can.o
                0x00000000080027d0                HAL_CAN_ConfigFilter
 .text.HAL_CAN_Start
                0x00000000080028cc       0x5c Drivers/STM32F3xx_HAL_Driver/Src/stm32f3xx_hal_can.o
                0x00000000080028cc                HAL_CAN_Start
 .text.HAL_CAN_GetRxMessage
                0x0000000008002928      0x134 Drivers/STM32F3xx_HAL_Driver/Src/stm32f3xx_hal_can.o
                0x0000000008002928                HAL_CAN_GetRxMessage
 .text.HAL_NVIC_SetPriorityGrouping
                0x0000000008002a5c       0x24 Drivers/STM32F3xx_HAL_Driver/Src/stm32f3xx_hal_cortex.o
                0x0000000008002a5c                HAL_NVIC_SetPriorityGrouping
 .text.HAL_NVIC_SetPriority
                0x0000000008002a80       0x68 Drivers/STM32F3xx_HAL_Driver/Src/stm32f3xx_hal_cortex.o
                0x0000000008002a80                HAL_NVIC_SetPriority
 .text.HAL_SYSTICK_Config
                0x0000000008002ae8       0x2c Drivers/STM32F3xx_HAL_Driver/Src/stm32f3xx_hal_cortex.o
                0x0000000008002ae8                HAL_SYSTICK_Config
 .text.HAL_GPIO_Init
                0x0000000008002b14      0x188 Drivers/STM32F3xx_HAL_Driver/Src/stm32f3xx_hal_gpio.o
                0x0000000008002b14                HAL_GPIO_Init
 .text.HAL_GPIO_WritePin
                0x0000000008002c9c        0xa Drivers/STM32F3xx_HAL_Driver/Src/stm32f3xx_hal_gpio.o
                0x0000000008002c9c                HAL_GPIO_WritePin
 *fill*         0x0000000008002ca6        0x2 
 .text.HAL_RCC_OscConfig
                0x0000000008002ca8      0x644 Drivers/STM32F3xx_HAL_Driver/Src/stm32f3xx_hal_rcc.o
                0x0000000008002ca8                HAL_RCC_OscConfig
 .text.HAL_RCC_GetSysClockFreq
                0x00000000080032ec       0x70 Drivers/STM32F3xx_HAL_Driver/Src/stm32f3xx_hal_rcc.o
                0x00000000080032ec                HAL_RCC_GetSysClockFreq
 .text.HAL_RCC_ClockConfig
                0x000000000800335c      0x1a4 Drivers/STM32F3xx_HAL_Driver/Src/stm32f3xx_hal_rcc.o
                0x000000000800335c                HAL_RCC_ClockConfig
 .text.HAL_RCC_GetHCLKFreq
                0x0000000008003500        0xc Drivers/STM32F3xx_HAL_Driver/Src/stm32f3xx_hal_rcc.o
                0x0000000008003500                HAL_RCC_GetHCLKFreq
 .text.HAL_RCC_GetPCLK1Freq
                0x000000000800350c       0x2c Drivers/STM32F3xx_HAL_Driver/Src/stm32f3xx_hal_rcc.o
                0x000000000800350c                HAL_RCC_GetPCLK1Freq
 .text.__libc_init_array
                0x0000000008003538       0x48 c:/st/stm32cubeide_1.5.1/stm32cubeide/plugins/com.st.stm32cube.ide.mcu.externaltools.gnu-tools-for-stm32.7-2018-q2-update.win32_1.5.0.202011040924/tools/bin/../lib/gcc/arm-none-eabi/7.3.1/../../../../arm-none-eabi/lib/thumb/v7e-m/fpv4-sp/hard\libc_nano.a(lib_a-init.o)
                0x0000000008003538                __libc_init_array
 .text.memset   0x0000000008003580       0x10 c:/st/stm32cubeide_1.5.1/stm32cubeide/plugins/com.st.stm32cube.ide.mcu.externaltools.gnu-tools-for-stm32.7-2018-q2-update.win32_1.5.0.202011040924/tools/bin/../lib/gcc/arm-none-eabi/7.3.1/../../../../arm-none-eabi/lib/thumb/v7e-m/fpv4-sp/hard\libc_nano.a(lib_a-memset.o)
                0x0000000008003580                memset
 *(.glue_7)
 .glue_7        0x0000000008003590        0x0 linker stubs
 *(.glue_7t)
 .glue_7t       0x0000000008003590        0x0 linker stubs
 *(.eh_frame)
 .eh_frame      0x0000000008003590        0x0 c:/st/stm32cubeide_1.5.1/stm32cubeide/plugins/com.st.stm32cube.ide.mcu.externaltools.gnu-tools-for-stm32.7-2018-q2-update.win32_1.5.0.202011040924/tools/bin/../lib/gcc/arm-none-eabi/7.3.1/thumb/v7e-m/fpv4-sp/hard/crtbegin.o
 *(.init)
 .init          0x0000000008003590        0x4 c:/st/stm32cubeide_1.5.1/stm32cubeide/plugins/com.st.stm32cube.ide.mcu.externaltools.gnu-tools-for-stm32.7-2018-q2-update.win32_1.5.0.202011040924/tools/bin/../lib/gcc/arm-none-eabi/7.3.1/thumb/v7e-m/fpv4-sp/hard/crti.o
                0x0000000008003590                _init
 .init          0x0000000008003594        0x8 c:/st/stm32cubeide_1.5.1/stm32cubeide/plugins/com.st.stm32cube.ide.mcu.externaltools.gnu-tools-for-stm32.7-2018-q2-update.win32_1.5.0.202011040924/tools/bin/../lib/gcc/arm-none-eabi/7.3.1/thumb/v7e-m/fpv4-sp/hard/crtn.o
 *(.fini)
 .fini          0x000000000800359c        0x4 c:/st/stm32cubeide_1.5.1/stm32cubeide/plugins/com.st.stm32cube.ide.mcu.externaltools.gnu-tools-for-stm32.7-2018-q2-update.win32_1.5.0.202011040924/tools/bin/../lib/gcc/arm-none-eabi/7.3.1/thumb/v7e-m/fpv4-sp/hard/crti.o
                0x000000000800359c                _fini
 .fini          0x00000000080035a0        0x8 c:/st/stm32cubeide_1.5.1/stm32cubeide/plugins/com.st.stm32cube.ide.mcu.externaltools.gnu-tools-for-stm32.7-2018-q2-update.win32_1.5.0.202011040924/tools/bin/../lib/gcc/arm-none-eabi/7.3.1/thumb/v7e-m/fpv4-sp/hard/crtn.o
                0x00000000080035a8                . = ALIGN (0x4)
                0x00000000080035a8                _etext = .

.vfp11_veneer   0x00000000080035a8        0x0
 .vfp11_veneer  0x00000000080035a8        0x0 linker stubs

.v4_bx          0x00000000080035a8        0x0
 .v4_bx         0x00000000080035a8        0x0 linker stubs

.iplt           0x00000000080035a8        0x0
 .iplt          0x00000000080035a8        0x0 c:/st/stm32cubeide_1.5.1/stm32cubeide/plugins/com.st.stm32cube.ide.mcu.externaltools.gnu-tools-for-stm32.7-2018-q2-update.win32_1.5.0.202011040924/tools/bin/../lib/gcc/arm-none-eabi/7.3.1/thumb/v7e-m/fpv4-sp/hard/crtbegin.o

.rodata         0x00000000080035a8       0x5c
                0x00000000080035a8                . = ALIGN (0x4)
 *(.rodata)
 *(.rodata*)
 .rodata.canTiming
                0x00000000080035a8       0x24 App/boot.o
 .rodata.AHBPrescTable
                0x00000000080035cc       0x10 Core/Src/system_stm32f3xx.o
                0x00000000080035cc                AHBPrescTable
 .rodata.APBPrescTable
                0x00000000080035dc        0x8 Core/Src/system_stm32f3xx.o
                0x00000000080035dc                APBPrescTable
 .rodata.aPLLMULFactorTable
                0x00000000080035e4       0x10 Drivers/STM32F3xx_HAL_Driver/Src/stm32f3xx_hal_rcc.o
                0x00000000080035e4                aPLLMULFactorTable
 .rodata.aPredivFactorTable
                0x00000000080035f4       0x10 Drivers/STM32F3xx_HAL_Driver/Src/stm32f3xx_hal_rcc.o
                0x00000000080035f4                aPredivFactorTable
                0x0000000008003604                . = ALIGN (0x4)

.rel.dyn        0x0000000008003604        0x0
 .rel.iplt      0x0000000008003604        0x0 c:/st/stm32cubeide_1.5.1/stm32cubeide/plugins/com.st.stm32cube.ide.mcu.externaltools.gnu-tools-for-stm32.7-2018-q2-update.win32_1.5.0.202011040924/tools/bin/../lib/gcc/arm-none-eabi/7.3.1/thumb/v7e-m/fpv4-sp/hard/crtbegin.o

.ARM.extab      0x0000000008003604        0x0
                0x0000000008003604                . = ALIGN (0x4)
 *(.ARM.extab* .gnu.linkonce.armextab.*)
                0x0000000008003604                . = ALIGN (0x4)

.ARM            0x0000000008003604        0x0
                0x0000000008003604                . = ALIGN (0x4)
                0x0000000008003604                __exidx_start = .
 *(.ARM.exidx*)
                0x0000000008003604                __exidx_end = .
                0x0000000008003604                . = ALIGN (0x4)

.preinit_array  0x0000000008003604        0x0
                0x0000000008003604                . = ALIGN (0x4)
                0x0000000008003604                PROVIDE (__preinit_array_start = .)
 *(.preinit_array*)
                0x0000000008003604                PROVIDE (__preinit_array_end = .)
                0x0000000008003604                . = ALIGN (0x4)

.init_array     0x0000000008003604        0x4
                0x0000000008003604                . = ALIGN (0x4)
                0x0000000008003604                PROVIDE (__init_array_start = .)
 *(SORT_BY_NAME(.init_array.*))
 *(.init_array*)
 .init_array    0x0000000008003604        0x4 c:/st/stm32cubeide_1.5.1/stm32cubeide/plugins/com.st.stm32cube.ide.mcu.externaltools.gnu-tools-for-stm32.7-2018-q2-update.win32_1.5.0.202011040924/tools/bin/../lib/gcc/arm-none-eabi/7.3.1/thumb/v7e-m/fpv4-sp/hard/crtbegin.o
                0x0000000008003608                PROVIDE (__init_array_end = .)
                0x0000000008003608                . = ALIGN (0x4)

.fini_array     0x0000000008003608        0x4
                0x0000000008003608                . = ALIGN (0x4)
                [!provide]                        PROVIDE (__fini_array_start = .)
 *(SORT_BY_NAME(.fini_array.*))
 *(.fini_array*)
 .fini_array    0x0000000008003608        0x4 c:/st/stm32cubeide_1.5.1/stm32cubeide/plugins/com.st.stm32cube.ide.mcu.externaltools.gnu-tools-for-stm32.7-2018-q2-update.win32_1.5.0.202011040924/tools/bin/../lib/gcc/arm-none-eabi/7.3.1/thumb/v7e-m/fpv4-sp/hard/crtbegin.o
                [!provide]                        PROVIDE (__fini_array_end = .)
                0x000000000800360c                . = ALIGN (0x4)
                0x000000000800360c                _sidata = LOADADDR (.data)

.data           0x0000000020000000        0xc load address 0x000000000800360c
                0x0000000020000000                . = ALIGN (0x4)
                0x0000000020000000                _sdata = .
 *(.data)
 *(.data*)
 .data.SystemCoreClock
                0x0000000020000000        0x4 Core/Src/system_stm32f3xx.o
                0x0000000020000000                SystemCoreClock
 .data.uwTickFreq
                0x0000000020000004        0x1 Drivers/STM32F3xx_HAL_Driver/Src/stm32f3xx_hal.o
                0x0000000020000004                uwTickFreq
 *fill*         0x0000000020000005        0x3 
 .data.uwTickPrio
                0x0000000020000008        0x4 Drivers/STM32F3xx_HAL_Driver/Src/stm32f3xx_hal.o
                0x0000000020000008                uwTickPrio
                0x000000002000000c                . = ALIGN (0x4)
                0x000000002000000c                _edata = .

.igot.plt       0x000000002000000c        0x0 load address 0x0000000008003618
 .igot.plt      0x000000002000000c        0x0 c:/st/stm32cubeide_1.5.1/stm32cubeide/plugins/com.st.stm32cube.ide.mcu.externaltools.gnu-tools-for-stm32.7-2018-q2-update.win32_1.5.0.202011040924/tools/bin/../lib/gcc/arm-none-eabi/7.3.1/thumb/v7e-m/fpv4-sp/hard/crtbegin.o
                0x000000002000000c                . = ALIGN (0x4)

.bss            0x000000002000000c       0x50 load address 0x0000000008003618
                0x000000002000000c                _sbss = .
                0x000000002000000c                __bss_start__ = _sbss
 *(.bss)
 .bss           0x000000002000000c       0x1c c:/st/stm32cubeide_1.5.1/stm32cubeide/plugins/com.st.stm32cube.ide.mcu.externaltools.gnu-tools-for-stm32.7-2018-q2-update.win32_1.5.0.202011040924/tools/bin/../lib/gcc/arm-none-eabi/7.3.1/thumb/v7e-m/fpv4-sp/hard/crtbegin.o
 *(.bss*)
 .bss.canHandle
                0x0000000020000028       0x28 App/boot.o
 .bss.led_toggle_state.7659
                0x0000000020000050        0x1 App/led.o
 *fill*         0x0000000020000051        0x3 
 .bss.timer_counter_last.7660
                0x0000000020000054        0x4 App/led.o
 *(COMMON)
 COMMON         0x0000000020000058        0x4 Drivers/STM32F3xx_HAL_Driver/Src/stm32f3xx_hal.o
                0x0000000020000058                uwTick
                0x000000002000005c                . = ALIGN (0x4)
                0x000000002000005c                _ebss = .
                0x000000002000005c                __bss_end__ = _ebss

._user_heap_stack
                0x000000002000005c      0x604 load address 0x0000000008003618
                0x0000000020000060                . = ALIGN (0x8)
 *fill*         0x000000002000005c        0x4 
                [!provide]                        PROVIDE (end = .)
                0x0000000020000060                PROVIDE (_end = .)
                0x0000000020000260                . = (. + _Min_Heap_Size)
 *fill*         0x0000000020000060      0x200 
                0x0000000020000660                . = (. + _Min_Stack_Size)
 *fill*         0x0000000020000260      0x400 
                0x0000000020000660                . = ALIGN (0x8)

/DISCARD/
 libc.a(*)
 libm.a(*)
 libgcc.a(*)

.ARM.attributes
                0x0000000000000000       0x30
 *(.ARM.attributes)
 .ARM.attributes
                0x0000000000000000       0x22 c:/st/stm32cubeide_1.5.1/stm32cubeide/plugins/com.st.stm32cube.ide.mcu.externaltools.gnu-tools-for-stm32.7-2018-q2-update.win32_1.5.0.202011040924/tools/bin/../lib/gcc/arm-none-eabi/7.3.1/thumb/v7e-m/fpv4-sp/hard/crti.o
 .ARM.attributes
                0x0000000000000022       0x34 c:/st/stm32cubeide_1.5.1/stm32cubeide/plugins/com.st.stm32cube.ide.mcu.externaltools.gnu-tools-for-stm32.7-2018-q2-update.win32_1.5.0.202011040924/tools/bin/../lib/gcc/arm-none-eabi/7.3.1/thumb/v7e-m/fpv4-sp/hard/crtbegin.o
 .ARM.attributes
                0x0000000000000056       0x39 App/app.o
 .ARM.attributes
                0x000000000000008f       0x39 App/boot.o
 .ARM.attributes
                0x00000000000000c8       0x39 App/led.o
 .ARM.attributes
                0x0000000000000101       0x39 App/timer.o
 .ARM.attributes
                0x000000000000013a       0x39 Core/Src/main.o
 .ARM.attributes
                0x0000000000000173       0x39 Core/Src/stm32f3xx_hal_msp.o
 .ARM.attributes
                0x00000000000001ac       0x39 Core/Src/stm32f3xx_it.o
 .ARM.attributes
                0x00000000000001e5       0x39 Core/Src/system_stm32f3xx.o
 .ARM.attributes
                0x000000000000021e       0x21 Core/Startup/startup_stm32f303k8tx.o
 .ARM.attributes
                0x000000000000023f       0x39 Drivers/STM32F3xx_HAL_Driver/Src/stm32f3xx_hal.o
 .ARM.attributes
                0x0000000000000278       0x39 Drivers/STM32F3xx_HAL_Driver/Src/stm32f3xx_hal_can.o
 .ARM.attributes
                0x00000000000002b1       0x39 Drivers/STM32F3xx_HAL_Driver/Src/stm32f3xx_hal_cortex.o
 .ARM.attributes
                0x00000000000002ea       0x39 Drivers/STM32F3xx_HAL_Driver/Src/stm32f3xx_hal_gpio.o
 .ARM.attributes
                0x0000000000000323       0x39 Drivers/STM32F3xx_HAL_Driver/Src/stm32f3xx_hal_rcc.o
 .ARM.attributes
                0x000000000000035c       0x34 c:/st/stm32cubeide_1.5.1/stm32cubeide/plugins/com.st.stm32cube.ide.mcu.externaltools.gnu-tools-for-stm32.7-2018-q2-update.win32_1.5.0.202011040924/tools/bin/../lib/gcc/arm-none-eabi/7.3.1/../../../../arm-none-eabi/lib/thumb/v7e-m/fpv4-sp/hard\libc_nano.a(lib_a-init.o)
 .ARM.attributes
                0x0000000000000390       0x34 c:/st/stm32cubeide_1.5.1/stm32cubeide/plugins/com.st.stm32cube.ide.mcu.externaltools.gnu-tools-for-stm32.7-2018-q2-update.win32_1.5.0.202011040924/tools/bin/../lib/gcc/arm-none-eabi/7.3.1/../../../../arm-none-eabi/lib/thumb/v7e-m/fpv4-sp/hard\libc_nano.a(lib_a-memset.o)
 .ARM.attributes
                0x00000000000003c4       0x22 c:/st/stm32cubeide_1.5.1/stm32cubeide/plugins/com.st.stm32cube.ide.mcu.externaltools.gnu-tools-for-stm32.7-2018-q2-update.win32_1.5.0.202011040924/tools/bin/../lib/gcc/arm-none-eabi/7.3.1/thumb/v7e-m/fpv4-sp/hard/crtn.o
OUTPUT(demoprog_stm32f303.elf elf32-littlearm)

.debug_info     0x0000000000000000     0x79e4
 .debug_info    0x0000000000000000      0x204 App/app.o
 .debug_info    0x0000000000000204      0xb08 App/boot.o
 .debug_info    0x0000000000000d0c      0x329 App/led.o
 .debug_info    0x0000000000001035      0x1b4 App/timer.o
 .debug_info    0x00000000000011e9     0x1183 Core/Src/main.o
 .debug_info    0x000000000000236c      0xdad Core/Src/stm32f3xx_hal_msp.o
 .debug_info    0x0000000000003119      0x227 Core/Src/stm32f3xx_it.o
 .debug_info    0x0000000000003340      0x460 Core/Src/system_stm32f3xx.o
 .debug_info    0x00000000000037a0       0x22 Core/Startup/startup_stm32f303k8tx.o
 .debug_info    0x00000000000037c2      0x804 Drivers/STM32F3xx_HAL_Driver/Src/stm32f3xx_hal.o
 .debug_info    0x0000000000003fc6     0x112b Drivers/STM32F3xx_HAL_Driver/Src/stm32f3xx_hal_can.o
 .debug_info    0x00000000000050f1      0xcb9 Drivers/STM32F3xx_HAL_Driver/Src/stm32f3xx_hal_cortex.o
 .debug_info    0x0000000000005daa      0x7c9 Drivers/STM32F3xx_HAL_Driver/Src/stm32f3xx_hal_gpio.o
 .debug_info    0x0000000000006573     0x1471 Drivers/STM32F3xx_HAL_Driver/Src/stm32f3xx_hal_rcc.o

.debug_abbrev   0x0000000000000000     0x175f
 .debug_abbrev  0x0000000000000000       0xcc App/app.o
 .debug_abbrev  0x00000000000000cc      0x261 App/boot.o
 .debug_abbrev  0x000000000000032d      0x157 App/led.o
 .debug_abbrev  0x0000000000000484       0xe6 App/timer.o
 .debug_abbrev  0x000000000000056a      0x25c Core/Src/main.o
 .debug_abbrev  0x00000000000007c6      0x1d8 Core/Src/stm32f3xx_hal_msp.o
 .debug_abbrev  0x000000000000099e       0xe4 Core/Src/stm32f3xx_it.o
 .debug_abbrev  0x0000000000000a82      0x12b Core/Src/system_stm32f3xx.o
 .debug_abbrev  0x0000000000000bad       0x12 Core/Startup/startup_stm32f303k8tx.o
 .debug_abbrev  0x0000000000000bbf      0x1ed Drivers/STM32F3xx_HAL_Driver/Src/stm32f3xx_hal.o
 .debug_abbrev  0x0000000000000dac      0x229 Drivers/STM32F3xx_HAL_Driver/Src/stm32f3xx_hal_can.o
 .debug_abbrev  0x0000000000000fd5      0x303 Drivers/STM32F3xx_HAL_Driver/Src/stm32f3xx_hal_cortex.o
 .debug_abbrev  0x00000000000012d8      0x1de Drivers/STM32F3xx_HAL_Driver/Src/stm32f3xx_hal_gpio.o
 .debug_abbrev  0x00000000000014b6      0x2a9 Drivers/STM32F3xx_HAL_Driver/Src/stm32f3xx_hal_rcc.o

.debug_aranges  0x0000000000000000      0x588
 .debug_aranges
                0x0000000000000000       0x28 App/app.o
 .debug_aranges
                0x0000000000000028       0x48 App/boot.o
 .debug_aranges
                0x0000000000000070       0x28 App/led.o
 .debug_aranges
                0x0000000000000098       0x28 App/timer.o
 .debug_aranges
                0x00000000000000c0       0x50 Core/Src/main.o
 .debug_aranges
                0x0000000000000110       0x40 Core/Src/stm32f3xx_hal_msp.o
 .debug_aranges
                0x0000000000000150       0x60 Core/Src/stm32f3xx_it.o
 .debug_aranges
                0x00000000000001b0       0x28 Core/Src/system_stm32f3xx.o
 .debug_aranges
                0x00000000000001d8       0x28 Core/Startup/startup_stm32f303k8tx.o
 .debug_aranges
                0x0000000000000200       0xe0 Drivers/STM32F3xx_HAL_Driver/Src/stm32f3xx_hal.o
 .debug_aranges
                0x00000000000002e0      0x138 Drivers/STM32F3xx_HAL_Driver/Src/stm32f3xx_hal_can.o
 .debug_aranges
                0x0000000000000418       0x90 Drivers/STM32F3xx_HAL_Driver/Src/stm32f3xx_hal_cortex.o
 .debug_aranges
                0x00000000000004a8       0x58 Drivers/STM32F3xx_HAL_Driver/Src/stm32f3xx_hal_gpio.o
 .debug_aranges
                0x0000000000000500       0x88 Drivers/STM32F3xx_HAL_Driver/Src/stm32f3xx_hal_rcc.o

.debug_ranges   0x0000000000000000      0x530
 .debug_ranges  0x0000000000000000       0x18 App/app.o
 .debug_ranges  0x0000000000000018       0x38 App/boot.o
 .debug_ranges  0x0000000000000050       0x18 App/led.o
 .debug_ranges  0x0000000000000068       0x18 App/timer.o
 .debug_ranges  0x0000000000000080       0x40 Core/Src/main.o
 .debug_ranges  0x00000000000000c0       0x30 Core/Src/stm32f3xx_hal_msp.o
 .debug_ranges  0x00000000000000f0       0x50 Core/Src/stm32f3xx_it.o
 .debug_ranges  0x0000000000000140       0x18 Core/Src/system_stm32f3xx.o
 .debug_ranges  0x0000000000000158       0x20 Core/Startup/startup_stm32f303k8tx.o
 .debug_ranges  0x0000000000000178       0xd0 Drivers/STM32F3xx_HAL_Driver/Src/stm32f3xx_hal.o
 .debug_ranges  0x0000000000000248      0x128 Drivers/STM32F3xx_HAL_Driver/Src/stm32f3xx_hal_can.o
 .debug_ranges  0x0000000000000370       0xe0 Drivers/STM32F3xx_HAL_Driver/Src/stm32f3xx_hal_cortex.o
 .debug_ranges  0x0000000000000450       0x48 Drivers/STM32F3xx_HAL_Driver/Src/stm32f3xx_hal_gpio.o
 .debug_ranges  0x0000000000000498       0x98 Drivers/STM32F3xx_HAL_Driver/Src/stm32f3xx_hal_rcc.o

.debug_macro    0x0000000000000000    0x16ce8
 .debug_macro   0x0000000000000000      0x1ee App/app.o
 .debug_macro   0x00000000000001ee      0xa5a App/app.o
 .debug_macro   0x0000000000000c48       0x93 App/app.o
 .debug_macro   0x0000000000000cdb       0x2e App/app.o
 .debug_macro   0x0000000000000d09       0x28 App/app.o
 .debug_macro   0x0000000000000d31       0x22 App/app.o
 .debug_macro   0x0000000000000d53       0x8e App/app.o
 .debug_macro   0x0000000000000de1       0x51 App/app.o
 .debug_macro   0x0000000000000e32       0xef App/app.o
 .debug_macro   0x0000000000000f21       0x6a App/app.o
 .debug_macro   0x0000000000000f8b      0x1df App/app.o
 .debug_macro   0x000000000000116a       0x1c App/app.o
 .debug_macro   0x0000000000001186       0x22 App/app.o
 .debug_macro   0x00000000000011a8       0xdf App/app.o
 .debug_macro   0x0000000000001287      0xf07 App/app.o
 .debug_macro   0x000000000000218e    0x10bd9 App/app.o
 .debug_macro   0x0000000000012d67       0x43 App/app.o
 .debug_macro   0x0000000000012daa      0x157 App/app.o
 .debug_macro   0x0000000000012f01      0x174 App/app.o
 .debug_macro   0x0000000000013075       0x53 App/app.o
 .debug_macro   0x00000000000130c8      0x8f9 App/app.o
 .debug_macro   0x00000000000139c1      0x304 App/app.o
 .debug_macro   0x0000000000013cc5      0x12f App/app.o
 .debug_macro   0x0000000000013df4      0x11b App/app.o
 .debug_macro   0x0000000000013f0f      0x1d5 App/app.o
 .debug_macro   0x00000000000140e4      0x1bc App/app.o
 .debug_macro   0x00000000000142a0       0x34 App/app.o
 .debug_macro   0x00000000000142d4       0x3c App/app.o
 .debug_macro   0x0000000000014310       0x57 App/app.o
 .debug_macro   0x0000000000014367      0x408 App/app.o
 .debug_macro   0x000000000001476f       0xc5 App/app.o
 .debug_macro   0x0000000000014834      0x19f App/app.o
 .debug_macro   0x00000000000149d3      0x22c App/app.o
 .debug_macro   0x0000000000014bff       0x5b App/app.o
 .debug_macro   0x0000000000014c5a       0xa5 App/app.o
 .debug_macro   0x0000000000014cff       0x81 App/app.o
 .debug_macro   0x0000000000014d80       0xd3 App/app.o
 .debug_macro   0x0000000000014e53      0x589 App/app.o
 .debug_macro   0x00000000000153dc       0x44 App/app.o
 .debug_macro   0x0000000000015420      0x285 App/app.o
 .debug_macro   0x00000000000156a5      0x1ee App/boot.o
 .debug_macro   0x0000000000015893      0x1f4 App/led.o
 .debug_macro   0x0000000000015a87      0x1ee App/timer.o
 .debug_macro   0x0000000000015c75      0x1fd Core/Src/main.o
 .debug_macro   0x0000000000015e72       0x28 Core/Src/main.o
 .debug_macro   0x0000000000015e9a      0x1c2 Core/Src/stm32f3xx_hal_msp.o
 .debug_macro   0x000000000001605c      0x1cc Core/Src/stm32f3xx_it.o
 .debug_macro   0x0000000000016228      0x1b9 Core/Src/system_stm32f3xx.o
 .debug_macro   0x00000000000163e1      0x1d7 Drivers/STM32F3xx_HAL_Driver/Src/stm32f3xx_hal.o
 .debug_macro   0x00000000000165b8      0x1bb Drivers/STM32F3xx_HAL_Driver/Src/stm32f3xx_hal_can.o
 .debug_macro   0x0000000000016773      0x1b3 Drivers/STM32F3xx_HAL_Driver/Src/stm32f3xx_hal_cortex.o
 .debug_macro   0x0000000000016926      0x1eb Drivers/STM32F3xx_HAL_Driver/Src/stm32f3xx_hal_gpio.o
 .debug_macro   0x0000000000016b11      0x1d7 Drivers/STM32F3xx_HAL_Driver/Src/stm32f3xx_hal_rcc.o

.debug_line     0x0000000000000000     0x6815
 .debug_line    0x0000000000000000      0x6ce App/app.o
 .debug_line    0x00000000000006ce      0x778 App/boot.o
 .debug_line    0x0000000000000e46      0x6d6 App/led.o
 .debug_line    0x000000000000151c      0x6cc App/timer.o
 .debug_line    0x0000000000001be8      0x788 Core/Src/main.o
 .debug_line    0x0000000000002370      0x6f2 Core/Src/stm32f3xx_hal_msp.o
 .debug_line    0x0000000000002a62      0x712 Core/Src/stm32f3xx_it.o
 .debug_line    0x0000000000003174      0x6a2 Core/Src/system_stm32f3xx.o
 .debug_line    0x0000000000003816       0x85 Core/Startup/startup_stm32f303k8tx.o
 .debug_line    0x000000000000389b      0x856 Drivers/STM32F3xx_HAL_Driver/Src/stm32f3xx_hal.o
 .debug_line    0x00000000000040f1      0xb67 Drivers/STM32F3xx_HAL_Driver/Src/stm32f3xx_hal_can.o
 .debug_line    0x0000000000004c58      0x865 Drivers/STM32F3xx_HAL_Driver/Src/stm32f3xx_hal_cortex.o
 .debug_line    0x00000000000054bd      0x7d3 Drivers/STM32F3xx_HAL_Driver/Src/stm32f3xx_hal_gpio.o
 .debug_line    0x0000000000005c90      0xb85 Drivers/STM32F3xx_HAL_Driver/Src/stm32f3xx_hal_rcc.o

.debug_str      0x0000000000000000    0x80030
 .debug_str     0x0000000000000000    0x7dfa7 App/app.o
                                      0x7e18a (size before relaxing)
 .debug_str     0x000000000007dfa7      0x52a App/boot.o
                                      0x7e6ca (size before relaxing)
 .debug_str     0x000000000007e4d1       0xcb App/led.o
                                      0x7e20d (size before relaxing)
 .debug_str     0x000000000007e59c       0x1b App/timer.o
                                      0x7e155 (size before relaxing)
 .debug_str     0x000000000007e5b7      0x673 Core/Src/main.o
                                      0x7eb79 (size before relaxing)
 .debug_str     0x000000000007ec2a       0x88 Core/Src/stm32f3xx_hal_msp.o
                                      0x7e67b (size before relaxing)
 .debug_str     0x000000000007ecb2       0xc9 Core/Src/stm32f3xx_it.o
                                      0x7dfa9 (size before relaxing)
 .debug_str     0x000000000007ed7b       0x73 Core/Src/system_stm32f3xx.o
                                      0x7df7b (size before relaxing)
 .debug_str     0x000000000007edee       0x36 Core/Startup/startup_stm32f303k8tx.o
                                         0x80 (size before relaxing)
 .debug_str     0x000000000007ee24      0x63a Drivers/STM32F3xx_HAL_Driver/Src/stm32f3xx_hal.o
                                      0x7e5fa (size before relaxing)
 .debug_str     0x000000000007f45e      0x46e Drivers/STM32F3xx_HAL_Driver/Src/stm32f3xx_hal_can.o
                                      0x7e71a (size before relaxing)
 .debug_str     0x000000000007f8cc      0x255 Drivers/STM32F3xx_HAL_Driver/Src/stm32f3xx_hal_cortex.o
                                      0x7e596 (size before relaxing)
 .debug_str     0x000000000007fb21      0x24d Drivers/STM32F3xx_HAL_Driver/Src/stm32f3xx_hal_gpio.o
                                      0x7e23f (size before relaxing)
 .debug_str     0x000000000007fd6e      0x2c2 Drivers/STM32F3xx_HAL_Driver/Src/stm32f3xx_hal_rcc.o
                                      0x7e3fc (size before relaxing)

.comment        0x0000000000000000       0x7b
 .comment       0x0000000000000000       0x7b App/app.o
                                         0x7c (size before relaxing)
 .comment       0x000000000000007b       0x7c App/boot.o
 .comment       0x000000000000007b       0x7c App/led.o
 .comment       0x000000000000007b       0x7c App/timer.o
 .comment       0x000000000000007b       0x7c Core/Src/main.o
 .comment       0x000000000000007b       0x7c Core/Src/stm32f3xx_hal_msp.o
 .comment       0x000000000000007b       0x7c Core/Src/stm32f3xx_it.o
 .comment       0x000000000000007b       0x7c Core/Src/system_stm32f3xx.o
 .comment       0x000000000000007b       0x7c Drivers/STM32F3xx_HAL_Driver/Src/stm32f3xx_hal.o
 .comment       0x000000000000007b       0x7c Drivers/STM32F3xx_HAL_Driver/Src/stm32f3xx_hal_can.o
 .comment       0x000000000000007b       0x7c Drivers/STM32F3xx_HAL_Driver/Src/stm32f3xx_hal_cortex.o
 .comment       0x000000000000007b       0x7c Drivers/STM32F3xx_HAL_Driver/Src/stm32f3xx_hal_gpio.o
 .comment       0x000000000000007b       0x7c Drivers/STM32F3xx_HAL_Driver/Src/stm32f3xx_hal_rcc.o

.debug_frame    0x0000000000000000      0xbfc
 .debug_frame   0x0000000000000000       0x40 App/app.o
 .debug_frame   0x0000000000000040       0xb4 App/boot.o
 .debug_frame   0x00000000000000f4       0x40 App/led.o
 .debug_frame   0x0000000000000134       0x38 App/timer.o
 .debug_frame   0x000000000000016c       0xb8 Core/Src/main.o
 .debug_frame   0x0000000000000224       0x98 Core/Src/stm32f3xx_hal_msp.o
 .debug_frame   0x00000000000002bc       0xa8 Core/Src/stm32f3xx_it.o
 .debug_frame   0x0000000000000364       0x30 Core/Src/system_stm32f3xx.o
 .debug_frame   0x0000000000000394      0x1cc Drivers/STM32F3xx_HAL_Driver/Src/stm32f3xx_hal.o
 .debug_frame   0x0000000000000560      0x2e4 Drivers/STM32F3xx_HAL_Driver/Src/stm32f3xx_hal_can.o
 .debug_frame   0x0000000000000844      0x12c Drivers/STM32F3xx_HAL_Driver/Src/stm32f3xx_hal_cortex.o
 .debug_frame   0x0000000000000970       0xd0 Drivers/STM32F3xx_HAL_Driver/Src/stm32f3xx_hal_gpio.o
 .debug_frame   0x0000000000000a40      0x170 Drivers/STM32F3xx_HAL_Driver/Src/stm32f3xx_hal_rcc.o
 .debug_frame   0x0000000000000bb0       0x2c c:/st/stm32cubeide_1.5.1/stm32cubeide/plugins/com.st.stm32cube.ide.mcu.externaltools.gnu-tools-for-stm32.7-2018-q2-update.win32_1.5.0.202011040924/tools/bin/../lib/gcc/arm-none-eabi/7.3.1/../../../../arm-none-eabi/lib/thumb/v7e-m/fpv4-sp/hard\libc_nano.a(lib_a-init.o)
 .debug_frame   0x0000000000000bdc       0x20 c:/st/stm32cubeide_1.5.1/stm32cubeide/plugins/com.st.stm32cube.ide.mcu.externaltools.gnu-tools-for-stm32.7-2018-q2-update.win32_1.5.0.202011040924/tools/bin/../lib/gcc/arm-none-eabi/7.3.1/../../../../arm-none-eabi/lib/thumb/v7e-m/fpv4-sp/hard\libc_nano.a(lib_a-memset.o)

.debug_loc      0x0000000000000000     0x2252
 .debug_loc     0x0000000000000000      0x119 App/boot.o
 .debug_loc     0x0000000000000119       0x34 App/led.o
 .debug_loc     0x000000000000014d       0xe8 Core/Src/stm32f3xx_hal_msp.o
 .debug_loc     0x0000000000000235       0xff Core/Src/system_stm32f3xx.o
 .debug_loc     0x0000000000000334      0x11b Drivers/STM32F3xx_HAL_Driver/Src/stm32f3xx_hal.o
 .debug_loc     0x000000000000044f      0xc41 Drivers/STM32F3xx_HAL_Driver/Src/stm32f3xx_hal_can.o
 .debug_loc     0x0000000000001090      0x5ad Drivers/STM32F3xx_HAL_Driver/Src/stm32f3xx_hal_cortex.o
 .debug_loc     0x000000000000163d      0x2bd Drivers/STM32F3xx_HAL_Driver/Src/stm32f3xx_hal_gpio.o
 .debug_loc     0x00000000000018fa      0x958 Drivers/STM32F3xx_HAL_Driver/Src/stm32f3xx_hal_rcc.o
