Archive member included to satisfy reference by file (symbol)

c:/st/stm32cubeide_1.5.1/stm32cubeide/plugins/com.st.stm32cube.ide.mcu.externaltools.gnu-tools-for-stm32.7-2018-q2-update.win32_1.5.0.202011040924/tools/bin/../lib/gcc/arm-none-eabi/7.3.1/../../../../arm-none-eabi/lib/thumb/v7e-m/fpv4-sp/hard\libc_nano.a(lib_a-errno.o)
                              Core/Src/syscalls.o (__errno)
c:/st/stm32cubeide_1.5.1/stm32cubeide/plugins/com.st.stm32cube.ide.mcu.externaltools.gnu-tools-for-stm32.7-2018-q2-update.win32_1.5.0.202011040924/tools/bin/../lib/gcc/arm-none-eabi/7.3.1/../../../../arm-none-eabi/lib/thumb/v7e-m/fpv4-sp/hard\libc_nano.a(lib_a-exit.o)
                              c:/st/stm32cubeide_1.5.1/stm32cubeide/plugins/com.st.stm32cube.ide.mcu.externaltools.gnu-tools-for-stm32.7-2018-q2-update.win32_1.5.0.202011040924/tools/bin/../lib/gcc/arm-none-eabi/7.3.1/../../../../arm-none-eabi/lib/thumb/v7e-m/fpv4-sp/hard/crt0.o (exit)
c:/st/stm32cubeide_1.5.1/stm32cubeide/plugins/com.st.stm32cube.ide.mcu.externaltools.gnu-tools-for-stm32.7-2018-q2-update.win32_1.5.0.202011040924/tools/bin/../lib/gcc/arm-none-eabi/7.3.1/../../../../arm-none-eabi/lib/thumb/v7e-m/fpv4-sp/hard\libc_nano.a(lib_a-impure.o)
                              c:/st/stm32cubeide_1.5.1/stm32cubeide/plugins/com.st.stm32cube.ide.mcu.externaltools.gnu-tools-for-stm32.7-2018-q2-update.win32_1.5.0.202011040924/tools/bin/../lib/gcc/arm-none-eabi/7.3.1/../../../../arm-none-eabi/lib/thumb/v7e-m/fpv4-sp/hard\libc_nano.a(lib_a-exit.o) (_global_impure_ptr)
c:/st/stm32cubeide_1.5.1/stm32cubeide/plugins/com.st.stm32cube.ide.mcu.externaltools.gnu-tools-for-stm32.7-2018-q2-update.win32_1.5.0.202011040924/tools/bin/../lib/gcc/arm-none-eabi/7.3.1/../../../../arm-none-eabi/lib/thumb/v7e-m/fpv4-sp/hard\libc_nano.a(lib_a-init.o)
                              c:/st/stm32cubeide_1.5.1/stm32cubeide/plugins/com.st.stm32cube.ide.mcu.externaltools.gnu-tools-for-stm32.7-2018-q2-update.win32_1.5.0.202011040924/tools/bin/../lib/gcc/arm-none-eabi/7.3.1/../../../../arm-none-eabi/lib/thumb/v7e-m/fpv4-sp/hard/crt0.o (__libc_init_array)
c:/st/stm32cubeide_1.5.1/stm32cubeide/plugins/com.st.stm32cube.ide.mcu.externaltools.gnu-tools-for-stm32.7-2018-q2-update.win32_1.5.0.202011040924/tools/bin/../lib/gcc/arm-none-eabi/7.3.1/../../../../arm-none-eabi/lib/thumb/v7e-m/fpv4-sp/hard\libc_nano.a(lib_a-memset.o)
                              c:/st/stm32cubeide_1.5.1/stm32cubeide/plugins/com.st.stm32cube.ide.mcu.externaltools.gnu-tools-for-stm32.7-2018-q2-update.win32_1.5.0.202011040924/tools/bin/../lib/gcc/arm-none-eabi/7.3.1/../../../../arm-none-eabi/lib/thumb/v7e-m/fpv4-sp/hard/crt0.o (memset)

Allocating common symbols
Common symbol       size              file

hcan                0x28              Core/Src/main.o
uwTick              0x4               Drivers/STM32F3xx_HAL_Driver/Src/stm32f3xx_hal.o
pFlash              0x20              Drivers/STM32F3xx_HAL_Driver/Src/stm32f3xx_hal_flash.o
huart2              0x80              Core/Src/main.o

Discarded input sections

 .text          0x0000000000000000        0x0 c:/st/stm32cubeide_1.5.1/stm32cubeide/plugins/com.st.stm32cube.ide.mcu.externaltools.gnu-tools-for-stm32.7-2018-q2-update.win32_1.5.0.202011040924/tools/bin/../lib/gcc/arm-none-eabi/7.3.1/thumb/v7e-m/fpv4-sp/hard/crti.o
 .data          0x0000000000000000        0x0 c:/st/stm32cubeide_1.5.1/stm32cubeide/plugins/com.st.stm32cube.ide.mcu.externaltools.gnu-tools-for-stm32.7-2018-q2-update.win32_1.5.0.202011040924/tools/bin/../lib/gcc/arm-none-eabi/7.3.1/thumb/v7e-m/fpv4-sp/hard/crti.o
 .bss           0x0000000000000000        0x0 c:/st/stm32cubeide_1.5.1/stm32cubeide/plugins/com.st.stm32cube.ide.mcu.externaltools.gnu-tools-for-stm32.7-2018-q2-update.win32_1.5.0.202011040924/tools/bin/../lib/gcc/arm-none-eabi/7.3.1/thumb/v7e-m/fpv4-sp/hard/crti.o
 .data          0x0000000000000000        0x4 c:/st/stm32cubeide_1.5.1/stm32cubeide/plugins/com.st.stm32cube.ide.mcu.externaltools.gnu-tools-for-stm32.7-2018-q2-update.win32_1.5.0.202011040924/tools/bin/../lib/gcc/arm-none-eabi/7.3.1/thumb/v7e-m/fpv4-sp/hard/crtbegin.o
 .text          0x0000000000000000       0x74 c:/st/stm32cubeide_1.5.1/stm32cubeide/plugins/com.st.stm32cube.ide.mcu.externaltools.gnu-tools-for-stm32.7-2018-q2-update.win32_1.5.0.202011040924/tools/bin/../lib/gcc/arm-none-eabi/7.3.1/../../../../arm-none-eabi/lib/thumb/v7e-m/fpv4-sp/hard/crt0.o
 .data          0x0000000000000000        0x0 c:/st/stm32cubeide_1.5.1/stm32cubeide/plugins/com.st.stm32cube.ide.mcu.externaltools.gnu-tools-for-stm32.7-2018-q2-update.win32_1.5.0.202011040924/tools/bin/../lib/gcc/arm-none-eabi/7.3.1/../../../../arm-none-eabi/lib/thumb/v7e-m/fpv4-sp/hard/crt0.o
[...]
Memory Configuration

Name             Origin             Length             Attributes
CCMRAM           0x0000000010000000 0x0000000000001000 xrw
RAM              0x0000000020000000 0x0000000000003000 xrw
FLASH            0x0000000008002000 0x000000000000e000 xr
*default*        0x0000000000000000 0xffffffffffffffff

Linker script and memory map

LOAD c:/st/stm32cubeide_1.5.1/stm32cubeide/plugins/com.st.stm32cube.ide.mcu.externaltools.gnu-tools-for-stm32.7-2018-q2-update.win32_1.5.0.202011040924/tools/bin/../lib/gcc/arm-none-eabi/7.3.1/thumb/v7e-m/fpv4-sp/hard/crti.o
LOAD c:/st/stm32cubeide_1.5.1/stm32cubeide/plugins/com.st.stm32cube.ide.mcu.externaltools.gnu-tools-for-stm32.7-2018-q2-update.win32_1.5.0.202011040924/tools/bin/../lib/gcc/arm-none-eabi/7.3.1/thumb/v7e-m/fpv4-sp/hard/crtbegin.o
LOAD c:/st/stm32cubeide_1.5.1/stm32cubeide/plugins/com.st.stm32cube.ide.mcu.externaltools.gnu-tools-for-stm32.7-2018-q2-update.win32_1.5.0.202011040924/tools/bin/../lib/gcc/arm-none-eabi/7.3.1/../../../../arm-none-eabi/lib/thumb/v7e-m/fpv4-sp/hard/crt0.o
LOAD App/app.o
LOAD App/boot.o
LOAD App/led.o
LOAD App/timer.o
LOAD Core/Src/main.o
LOAD Core/Src/stm32f3xx_hal_msp.o
LOAD Core/Src/stm32f3xx_it.o
LOAD Core/Src/syscalls.o
LOAD Core/Src/sysmem.o
LOAD Core/Src/system_stm32f3xx.o
LOAD Core/Startup/startup_stm32f303k8tx.o
LOAD Drivers/STM32F3xx_HAL_Driver/Src/stm32f3xx_hal.o
LOAD Drivers/STM32F3xx_HAL_Driver/Src/stm32f3xx_hal_can.o
LOAD Drivers/STM32F3xx_HAL_Driver/Src/stm32f3xx_hal_cortex.o
LOAD Drivers/STM32F3xx_HAL_Driver/Src/stm32f3xx_hal_dma.o
LOAD Drivers/STM32F3xx_HAL_Driver/Src/stm32f3xx_hal_exti.o
LOAD Drivers/STM32F3xx_HAL_Driver/Src/stm32f3xx_hal_flash.o
LOAD Drivers/STM32F3xx_HAL_Driver/Src/stm32f3xx_hal_flash_ex.o
LOAD Drivers/STM32F3xx_HAL_Driver/Src/stm32f3xx_hal_gpio.o
LOAD Drivers/STM32F3xx_HAL_Driver/Src/stm32f3xx_hal_i2c.o
LOAD Drivers/STM32F3xx_HAL_Driver/Src/stm32f3xx_hal_i2c_ex.o
LOAD Drivers/STM32F3xx_HAL_Driver/Src/stm32f3xx_hal_pwr.o
LOAD Drivers/STM32F3xx_HAL_Driver/Src/stm32f3xx_hal_pwr_ex.o
LOAD Drivers/STM32F3xx_HAL_Driver/Src/stm32f3xx_hal_rcc.o
LOAD Drivers/STM32F3xx_HAL_Driver/Src/stm32f3xx_hal_rcc_ex.o
LOAD Drivers/STM32F3xx_HAL_Driver/Src/stm32f3xx_hal_tim.o
LOAD Drivers/STM32F3xx_HAL_Driver/Src/stm32f3xx_hal_tim_ex.o
LOAD Drivers/STM32F3xx_HAL_Driver/Src/stm32f3xx_hal_uart.o
LOAD Drivers/STM32F3xx_HAL_Driver/Src/stm32f3xx_hal_uart_ex.o
START GROUP
LOAD c:/st/stm32cubeide_1.5.1/stm32cubeide/plugins/com.st.stm32cube.ide.mcu.externaltools.gnu-tools-for-stm32.7-2018-q2-update.win32_1.5.0.202011040924/tools/bin/../lib/gcc/arm-none-eabi/7.3.1/../../../../arm-none-eabi/lib/thumb/v7e-m/fpv4-sp/hard\libc_nano.a
LOAD c:/st/stm32cubeide_1.5.1/stm32cubeide/plugins/com.st.stm32cube.ide.mcu.externaltools.gnu-tools-for-stm32.7-2018-q2-update.win32_1.5.0.202011040924/tools/bin/../lib/gcc/arm-none-eabi/7.3.1/../../../../arm-none-eabi/lib/thumb/v7e-m/fpv4-sp/hard\libm.a
END GROUP
START GROUP
LOAD c:/st/stm32cubeide_1.5.1/stm32cubeide/plugins/com.st.stm32cube.ide.mcu.externaltools.gnu-tools-for-stm32.7-2018-q2-update.win32_1.5.0.202011040924/tools/bin/../lib/gcc/arm-none-eabi/7.3.1/thumb/v7e-m/fpv4-sp/hard\libgcc.a
LOAD c:/st/stm32cubeide_1.5.1/stm32cubeide/plugins/com.st.stm32cube.ide.mcu.externaltools.gnu-tools-for-stm32.7-2018-q2-update.win32_1.5.0.202011040924/tools/bin/../lib/gcc/arm-none-eabi/7.3.1/../../../../arm-none-eabi/lib/thumb/v7e-m/fpv4-sp/hard\libc_nano.a
END GROUP
START GROUP
LOAD c:/st/stm32cubeide_1.5.1/stm32cubeide/plugins/com.st.stm32cube.ide.mcu.externaltools.gnu-tools-for-stm32.7-2018-q2-update.win32_1.5.0.202011040924/tools/bin/../lib/gcc/arm-none-eabi/7.3.1/thumb/v7e-m/fpv4-sp/hard\libgcc.a
LOAD c:/st/stm32cubeide_1.5.1/stm32cubeide/plugins/com.st.stm32cube.ide.mcu.externaltools.gnu-tools-for-stm32.7-2018-q2-update.win32_1.5.0.202011040924/tools/bin/../lib/gcc/arm-none-eabi/7.3.1/../../../../arm-none-eabi/lib/thumb/v7e-m/fpv4-sp/hard\libc_nano.a
LOAD c:/st/stm32cubeide_1.5.1/stm32cubeide/plugins/com.st.stm32cube.ide.mcu.externaltools.gnu-tools-for-stm32.7-2018-q2-update.win32_1.5.0.202011040924/tools/bin/../lib/gcc/arm-none-eabi/7.3.1/../../../../arm-none-eabi/lib/thumb/v7e-m/fpv4-sp/hard\libnosys.a
END GROUP
START GROUP
LOAD c:/st/stm32cubeide_1.5.1/stm32cubeide/plugins/com.st.stm32cube.ide.mcu.externaltools.gnu-tools-for-stm32.7-2018-q2-update.win32_1.5.0.202011040924/tools/bin/../lib/gcc/arm-none-eabi/7.3.1/thumb/v7e-m/fpv4-sp/hard\libgcc.a
LOAD c:/st/stm32cubeide_1.5.1/stm32cubeide/plugins/com.st.stm32cube.ide.mcu.externaltools.gnu-tools-for-stm32.7-2018-q2-update.win32_1.5.0.202011040924/tools/bin/../lib/gcc/arm-none-eabi/7.3.1/../../../../arm-none-eabi/lib/thumb/v7e-m/fpv4-sp/hard\libc_nano.a
LOAD c:/st/stm32cubeide_1.5.1/stm32cubeide/plugins/com.st.stm32cube.ide.mcu.externaltools.gnu-tools-for-stm32.7-2018-q2-update.win32_1.5.0.202011040924/tools/bin/../lib/gcc/arm-none-eabi/7.3.1/../../../../arm-none-eabi/lib/thumb/v7e-m/fpv4-sp/hard\libnosys.a
END GROUP
LOAD c:/st/stm32cubeide_1.5.1/stm32cubeide/plugins/com.st.stm32cube.ide.mcu.externaltools.gnu-tools-for-stm32.7-2018-q2-update.win32_1.5.0.202011040924/tools/bin/../lib/gcc/arm-none-eabi/7.3.1/thumb/v7e-m/fpv4-sp/hard/crtend.o
LOAD c:/st/stm32cubeide_1.5.1/stm32cubeide/plugins/com.st.stm32cube.ide.mcu.externaltools.gnu-tools-for-stm32.7-2018-q2-update.win32_1.5.0.202011040924/tools/bin/../lib/gcc/arm-none-eabi/7.3.1/thumb/v7e-m/fpv4-sp/hard/crtn.o
                0x0000000020003000                _estack = (ORIGIN (RAM) + LENGTH (RAM))
                0x0000000000000200                _Min_Heap_Size = 0x200
                0x0000000000000400                _Min_Stack_Size = 0x400

.isr_vector     0x0000000008002000      0x18c
                0x0000000008002000                . = ALIGN (0x4)
 *(.isr_vector)
 .isr_vector    0x0000000008002000      0x18c Core/Startup/startup_stm32f303k8tx.o
                0x0000000008002000                g_pfnVectors
                0x000000000800218c                . = ALIGN (0x4)

.text           0x000000000800218c     0x1b04
                0x000000000800218c                . = ALIGN (0x4)
 *(.text)
 .text          0x000000000800218c       0x40 c:/st/stm32cubeide_1.5.1/stm32cubeide/plugins/com.st.stm32cube.ide.mcu.externaltools.gnu-tools-for-stm32.7-2018-q2-update.win32_1.5.0.202011040924/tools/bin/../lib/gcc/arm-none-eabi/7.3.1/thumb/v7e-m/fpv4-sp/hard/crtbegin.o
 *(.text*)
 .text.AppInit  0x00000000080021cc       0x10 App/app.o
                0x00000000080021cc                AppInit
 .text.AppTask  0x00000000080021dc        0xc App/app.o
                0x00000000080021dc                AppTask
 .text.BootComRs232Init
                0x00000000080021e8       0x30 App/boot.o
 .text.CanGetSpeedConfig
                0x0000000008002218       0x70 App/boot.o
 .text.BootComCanInit
                0x0000000008002288       0x98 App/boot.o
 .text.Rs232ReceiveByte
                0x0000000008002320       0x1c App/boot.o
 .text.BootComInit
                0x000000000800233c        0xc App/boot.o
                0x000000000800233c                BootComInit
 .text.BootActivate
                0x0000000008002348       0x24 App/boot.o
                0x0000000008002348                BootActivate
 .text.BootComRs232CheckActivationRequest
                0x000000000800236c       0x98 App/boot.o
 .text.BootComCanCheckActivationRequest
                0x0000000008002404       0x40 App/boot.o
 .text.BootComCheckActivationRequest
                0x0000000008002444        0xc App/boot.o
                0x0000000008002444                BootComCheckActivationRequest
 .text.LedInit  0x0000000008002450       0x14 App/led.o
                0x0000000008002450                LedInit
 .text.LedToggle
                0x0000000008002464       0x4c App/led.o
                0x0000000008002464                LedToggle
 .text.TimerInit
                0x00000000080024b0        0x2 App/timer.o
                0x00000000080024b0                TimerInit
 .text.TimerGet
                0x00000000080024b2        0x8 App/timer.o
                0x00000000080024b2                TimerGet
 *fill*         0x00000000080024ba        0x2 
 .text.VectorBase_Config
                0x00000000080024bc       0x10 Core/Src/main.o
 .text.MX_GPIO_Init
                0x00000000080024cc       0x74 Core/Src/main.o
 .text.SystemClock_Config
                0x0000000008002540       0x50 Core/Src/main.o
                0x0000000008002540                SystemClock_Config
 .text.main     0x0000000008002590       0x44 Core/Src/main.o
                0x0000000008002590                main
 .text.HAL_MspInit
                0x00000000080025d4       0x30 Core/Src/stm32f3xx_hal_msp.o
                0x00000000080025d4                HAL_MspInit
 .text.HAL_CAN_MspInit
                0x0000000008002604       0x68 Core/Src/stm32f3xx_hal_msp.o
                0x0000000008002604                HAL_CAN_MspInit
 .text.HAL_UART_MspInit
                0x000000000800266c       0x68 Core/Src/stm32f3xx_hal_msp.o
                0x000000000800266c                HAL_UART_MspInit
 .text.NMI_Handler
                0x00000000080026d4        0x2 Core/Src/stm32f3xx_it.o
                0x00000000080026d4                NMI_Handler
 .text.HardFault_Handler
                0x00000000080026d6        0x2 Core/Src/stm32f3xx_it.o
                0x00000000080026d6                HardFault_Handler
 .text.MemManage_Handler
                0x00000000080026d8        0x2 Core/Src/stm32f3xx_it.o
                0x00000000080026d8                MemManage_Handler
 .text.BusFault_Handler
                0x00000000080026da        0x2 Core/Src/stm32f3xx_it.o
                0x00000000080026da                BusFault_Handler
 .text.UsageFault_Handler
                0x00000000080026dc        0x2 Core/Src/stm32f3xx_it.o
                0x00000000080026dc                UsageFault_Handler
 .text.SVC_Handler
                0x00000000080026de        0x2 Core/Src/stm32f3xx_it.o
                0x00000000080026de                SVC_Handler
 .text.DebugMon_Handler
                0x00000000080026e0        0x2 Core/Src/stm32f3xx_it.o
                0x00000000080026e0                DebugMon_Handler
 .text.PendSV_Handler
                0x00000000080026e2        0x2 Core/Src/stm32f3xx_it.o
                0x00000000080026e2                PendSV_Handler
 .text.SysTick_Handler
                0x00000000080026e4        0x8 Core/Src/stm32f3xx_it.o
                0x00000000080026e4                SysTick_Handler
 .text.SystemInit
                0x00000000080026ec       0x1c Core/Src/system_stm32f3xx.o
                0x00000000080026ec                SystemInit
 .text.Reset_Handler
                0x0000000008002708       0x50 Core/Startup/startup_stm32f303k8tx.o
                0x0000000008002708                Reset_Handler
 .text.Default_Handler
                0x0000000008002758        0x2 Core/Startup/startup_stm32f303k8tx.o
                0x0000000008002758                RTC_Alarm_IRQHandler
                0x0000000008002758                TIM1_CC_IRQHandler
                0x0000000008002758                PVD_IRQHandler
                0x0000000008002758                TAMP_STAMP_IRQHandler
                0x0000000008002758                EXTI3_IRQHandler
                0x0000000008002758                EXTI0_IRQHandler
                0x0000000008002758                FPU_IRQHandler
                0x0000000008002758                CAN_TX_IRQHandler
                0x0000000008002758                TIM1_UP_TIM16_IRQHandler
                0x0000000008002758                ADC1_2_IRQHandler
                0x0000000008002758                SPI1_IRQHandler
                0x0000000008002758                CAN_SCE_IRQHandler
                0x0000000008002758                DMA1_Channel4_IRQHandler
                0x0000000008002758                USART3_IRQHandler
                0x0000000008002758                DMA1_Channel7_IRQHandler
                0x0000000008002758                TIM7_DAC2_IRQHandler
                0x0000000008002758                CAN_RX1_IRQHandler
                0x0000000008002758                I2C1_EV_IRQHandler
                0x0000000008002758                DMA1_Channel6_IRQHandler
                0x0000000008002758                TIM3_IRQHandler
                0x0000000008002758                RCC_IRQHandler
                0x0000000008002758                DMA1_Channel1_IRQHandler
                0x0000000008002758                Default_Handler
                0x0000000008002758                EXTI15_10_IRQHandler
                0x0000000008002758                COMP2_IRQHandler
                0x0000000008002758                TIM6_DAC1_IRQHandler
                0x0000000008002758                EXTI9_5_IRQHandler
                0x0000000008002758                RTC_WKUP_IRQHandler
                0x0000000008002758                DMA1_Channel5_IRQHandler
                0x0000000008002758                EXTI4_IRQHandler
                0x0000000008002758                TIM1_TRG_COM_TIM17_IRQHandler
                0x0000000008002758                DMA1_Channel3_IRQHandler
                0x0000000008002758                WWDG_IRQHandler
                0x0000000008002758                TIM2_IRQHandler
                0x0000000008002758                EXTI1_IRQHandler
                0x0000000008002758                COMP4_6_IRQHandler
                0x0000000008002758                USART2_IRQHandler
                0x0000000008002758                DMA1_Channel2_IRQHandler
                0x0000000008002758                FLASH_IRQHandler
                0x0000000008002758                USART1_IRQHandler
                0x0000000008002758                CAN_RX0_IRQHandler
                0x0000000008002758                I2C1_ER_IRQHandler
                0x0000000008002758                EXTI2_TSC_IRQHandler
                0x0000000008002758                TIM1_BRK_TIM15_IRQHandler
 *fill*         0x000000000800275a        0x2 
 .text.HAL_InitTick
                0x000000000800275c       0x4c Drivers/STM32F3xx_HAL_Driver/Src/stm32f3xx_hal.o
                0x000000000800275c                HAL_InitTick
 .text.HAL_Init
                0x00000000080027a8       0x24 Drivers/STM32F3xx_HAL_Driver/Src/stm32f3xx_hal.o
                0x00000000080027a8                HAL_Init
 .text.HAL_IncTick
                0x00000000080027cc       0x18 Drivers/STM32F3xx_HAL_Driver/Src/stm32f3xx_hal.o
                0x00000000080027cc                HAL_IncTick
 .text.HAL_GetTick
                0x00000000080027e4        0xc Drivers/STM32F3xx_HAL_Driver/Src/stm32f3xx_hal.o
                0x00000000080027e4                HAL_GetTick
 .text.HAL_Delay
                0x00000000080027f0       0x28 Drivers/STM32F3xx_HAL_Driver/Src/stm32f3xx_hal.o
                0x00000000080027f0                HAL_Delay
 .text.HAL_CAN_Init
                0x0000000008002818      0x14c Drivers/STM32F3xx_HAL_Driver/Src/stm32f3xx_hal_can.o
                0x0000000008002818                HAL_CAN_Init
 .text.HAL_CAN_ConfigFilter
                0x0000000008002964       0xfc Drivers/STM32F3xx_HAL_Driver/Src/stm32f3xx_hal_can.o
                0x0000000008002964                HAL_CAN_ConfigFilter
 .text.HAL_CAN_Start
                0x0000000008002a60       0x5c Drivers/STM32F3xx_HAL_Driver/Src/stm32f3xx_hal_can.o
                0x0000000008002a60                HAL_CAN_Start
 .text.HAL_CAN_GetRxMessage
                0x0000000008002abc      0x134 Drivers/STM32F3xx_HAL_Driver/Src/stm32f3xx_hal_can.o
                0x0000000008002abc                HAL_CAN_GetRxMessage
 .text.HAL_NVIC_SetPriorityGrouping
                0x0000000008002bf0       0x24 Drivers/STM32F3xx_HAL_Driver/Src/stm32f3xx_hal_cortex.o
                0x0000000008002bf0                HAL_NVIC_SetPriorityGrouping
 .text.HAL_NVIC_SetPriority
                0x0000000008002c14       0x68 Drivers/STM32F3xx_HAL_Driver/Src/stm32f3xx_hal_cortex.o
                0x0000000008002c14                HAL_NVIC_SetPriority
 .text.HAL_SYSTICK_Config
                0x0000000008002c7c       0x2c Drivers/STM32F3xx_HAL_Driver/Src/stm32f3xx_hal_cortex.o
                0x0000000008002c7c                HAL_SYSTICK_Config
 .text.HAL_GPIO_Init
                0x0000000008002ca8      0x188 Drivers/STM32F3xx_HAL_Driver/Src/stm32f3xx_hal_gpio.o
                0x0000000008002ca8                HAL_GPIO_Init
 .text.HAL_GPIO_WritePin
                0x0000000008002e30        0xa Drivers/STM32F3xx_HAL_Driver/Src/stm32f3xx_hal_gpio.o
                0x0000000008002e30                HAL_GPIO_WritePin
 *fill*         0x0000000008002e3a        0x2 
 .text.HAL_RCC_OscConfig
                0x0000000008002e3c      0x644 Drivers/STM32F3xx_HAL_Driver/Src/stm32f3xx_hal_rcc.o
                0x0000000008002e3c                HAL_RCC_OscConfig
 .text.HAL_RCC_GetSysClockFreq
                0x0000000008003480       0x70 Drivers/STM32F3xx_HAL_Driver/Src/stm32f3xx_hal_rcc.o
                0x0000000008003480                HAL_RCC_GetSysClockFreq
 .text.HAL_RCC_ClockConfig
                0x00000000080034f0      0x1a4 Drivers/STM32F3xx_HAL_Driver/Src/stm32f3xx_hal_rcc.o
                0x00000000080034f0                HAL_RCC_ClockConfig
 .text.HAL_RCC_GetHCLKFreq
                0x0000000008003694        0xc Drivers/STM32F3xx_HAL_Driver/Src/stm32f3xx_hal_rcc.o
                0x0000000008003694                HAL_RCC_GetHCLKFreq
 .text.HAL_RCC_GetPCLK1Freq
                0x00000000080036a0       0x2c Drivers/STM32F3xx_HAL_Driver/Src/stm32f3xx_hal_rcc.o
                0x00000000080036a0                HAL_RCC_GetPCLK1Freq
 .text.HAL_RCC_GetPCLK2Freq
                0x00000000080036cc       0x2c Drivers/STM32F3xx_HAL_Driver/Src/stm32f3xx_hal_rcc.o
                0x00000000080036cc                HAL_RCC_GetPCLK2Freq
 .text.UART_SetConfig
                0x00000000080036f8      0x1d8 Drivers/STM32F3xx_HAL_Driver/Src/stm32f3xx_hal_uart.o
                0x00000000080036f8                UART_SetConfig
 .text.UART_AdvFeatureConfig
                0x00000000080038d0       0xca Drivers/STM32F3xx_HAL_Driver/Src/stm32f3xx_hal_uart.o
                0x00000000080038d0                UART_AdvFeatureConfig
 .text.UART_WaitOnFlagUntilTimeout
                0x000000000800399a       0x9c Drivers/STM32F3xx_HAL_Driver/Src/stm32f3xx_hal_uart.o
                0x000000000800399a                UART_WaitOnFlagUntilTimeout
 .text.HAL_UART_Receive
                0x0000000008003a36      0x11c Drivers/STM32F3xx_HAL_Driver/Src/stm32f3xx_hal_uart.o
                0x0000000008003a36                HAL_UART_Receive
 .text.UART_CheckIdleState
                0x0000000008003b52       0x6c Drivers/STM32F3xx_HAL_Driver/Src/stm32f3xx_hal_uart.o
                0x0000000008003b52                UART_CheckIdleState
 .text.HAL_UART_Init
                0x0000000008003bbe       0x62 Drivers/STM32F3xx_HAL_Driver/Src/stm32f3xx_hal_uart.o
                0x0000000008003bbe                HAL_UART_Init
 .text.__libc_init_array
                0x0000000008003c20       0x48 c:/st/stm32cubeide_1.5.1/stm32cubeide/plugins/com.st.stm32cube.ide.mcu.externaltools.gnu-tools-for-stm32.7-2018-q2-update.win32_1.5.0.202011040924/tools/bin/../lib/gcc/arm-none-eabi/7.3.1/../../../../arm-none-eabi/lib/thumb/v7e-m/fpv4-sp/hard\libc_nano.a(lib_a-init.o)
                0x0000000008003c20                __libc_init_array
 .text.memset   0x0000000008003c68       0x10 c:/st/stm32cubeide_1.5.1/stm32cubeide/plugins/com.st.stm32cube.ide.mcu.externaltools.gnu-tools-for-stm32.7-2018-q2-update.win32_1.5.0.202011040924/tools/bin/../lib/gcc/arm-none-eabi/7.3.1/../../../../arm-none-eabi/lib/thumb/v7e-m/fpv4-sp/hard\libc_nano.a(lib_a-memset.o)
                0x0000000008003c68                memset
 *(.glue_7)
 .glue_7        0x0000000008003c78        0x0 linker stubs
 *(.glue_7t)
 .glue_7t       0x0000000008003c78        0x0 linker stubs
 *(.eh_frame)
 .eh_frame      0x0000000008003c78        0x0 c:/st/stm32cubeide_1.5.1/stm32cubeide/plugins/com.st.stm32cube.ide.mcu.externaltools.gnu-tools-for-stm32.7-2018-q2-update.win32_1.5.0.202011040924/tools/bin/../lib/gcc/arm-none-eabi/7.3.1/thumb/v7e-m/fpv4-sp/hard/crtbegin.o
 *(.init)
 .init          0x0000000008003c78        0x4 c:/st/stm32cubeide_1.5.1/stm32cubeide/plugins/com.st.stm32cube.ide.mcu.externaltools.gnu-tools-for-stm32.7-2018-q2-update.win32_1.5.0.202011040924/tools/bin/../lib/gcc/arm-none-eabi/7.3.1/thumb/v7e-m/fpv4-sp/hard/crti.o
                0x0000000008003c78                _init
 .init          0x0000000008003c7c        0x8 c:/st/stm32cubeide_1.5.1/stm32cubeide/plugins/com.st.stm32cube.ide.mcu.externaltools.gnu-tools-for-stm32.7-2018-q2-update.win32_1.5.0.202011040924/tools/bin/../lib/gcc/arm-none-eabi/7.3.1/thumb/v7e-m/fpv4-sp/hard/crtn.o
 *(.fini)
 .fini          0x0000000008003c84        0x4 c:/st/stm32cubeide_1.5.1/stm32cubeide/plugins/com.st.stm32cube.ide.mcu.externaltools.gnu-tools-for-stm32.7-2018-q2-update.win32_1.5.0.202011040924/tools/bin/../lib/gcc/arm-none-eabi/7.3.1/thumb/v7e-m/fpv4-sp/hard/crti.o
                0x0000000008003c84                _fini
 .fini          0x0000000008003c88        0x8 c:/st/stm32cubeide_1.5.1/stm32cubeide/plugins/com.st.stm32cube.ide.mcu.externaltools.gnu-tools-for-stm32.7-2018-q2-update.win32_1.5.0.202011040924/tools/bin/../lib/gcc/arm-none-eabi/7.3.1/thumb/v7e-m/fpv4-sp/hard/crtn.o
                0x0000000008003c90                . = ALIGN (0x4)
                0x0000000008003c90                _etext = .

.vfp11_veneer   0x0000000008003c90        0x0
 .vfp11_veneer  0x0000000008003c90        0x0 linker stubs

.v4_bx          0x0000000008003c90        0x0
 .v4_bx         0x0000000008003c90        0x0 linker stubs

.iplt           0x0000000008003c90        0x0
 .iplt          0x0000000008003c90        0x0 c:/st/stm32cubeide_1.5.1/stm32cubeide/plugins/com.st.stm32cube.ide.mcu.externaltools.gnu-tools-for-stm32.7-2018-q2-update.win32_1.5.0.202011040924/tools/bin/../lib/gcc/arm-none-eabi/7.3.1/thumb/v7e-m/fpv4-sp/hard/crtbegin.o

.rodata         0x0000000008003c90       0x5c
                0x0000000008003c90                . = ALIGN (0x4)
 *(.rodata)
 *(.rodata*)
 .rodata.canTiming
                0x0000000008003c90       0x24 App/boot.o
 .rodata.AHBPrescTable
                0x0000000008003cb4       0x10 Core/Src/system_stm32f3xx.o
                0x0000000008003cb4                AHBPrescTable
 .rodata.APBPrescTable
                0x0000000008003cc4        0x8 Core/Src/system_stm32f3xx.o
                0x0000000008003cc4                APBPrescTable
 .rodata.aPLLMULFactorTable
                0x0000000008003ccc       0x10 Drivers/STM32F3xx_HAL_Driver/Src/stm32f3xx_hal_rcc.o
                0x0000000008003ccc                aPLLMULFactorTable
 .rodata.aPredivFactorTable
                0x0000000008003cdc       0x10 Drivers/STM32F3xx_HAL_Driver/Src/stm32f3xx_hal_rcc.o
                0x0000000008003cdc                aPredivFactorTable
                0x0000000008003cec                . = ALIGN (0x4)

.rel.dyn        0x0000000008003cec        0x0
 .rel.iplt      0x0000000008003cec        0x0 c:/st/stm32cubeide_1.5.1/stm32cubeide/plugins/com.st.stm32cube.ide.mcu.externaltools.gnu-tools-for-stm32.7-2018-q2-update.win32_1.5.0.202011040924/tools/bin/../lib/gcc/arm-none-eabi/7.3.1/thumb/v7e-m/fpv4-sp/hard/crtbegin.o

.ARM.extab      0x0000000008003cec        0x0
                0x0000000008003cec                . = ALIGN (0x4)
 *(.ARM.extab* .gnu.linkonce.armextab.*)
                0x0000000008003cec                . = ALIGN (0x4)

.ARM            0x0000000008003cec        0x0
                0x0000000008003cec                . = ALIGN (0x4)
                0x0000000008003cec                __exidx_start = .
 *(.ARM.exidx*)
                0x0000000008003cec                __exidx_end = .
                0x0000000008003cec                . = ALIGN (0x4)

.preinit_array  0x0000000008003cec        0x0
                0x0000000008003cec                . = ALIGN (0x4)
                0x0000000008003cec                PROVIDE (__preinit_array_start = .)
 *(.preinit_array*)
                0x0000000008003cec                PROVIDE (__preinit_array_end = .)
                0x0000000008003cec                . = ALIGN (0x4)

.init_array     0x0000000008003cec        0x4
                0x0000000008003cec                . = ALIGN (0x4)
                0x0000000008003cec                PROVIDE (__init_array_start = .)
 *(SORT_BY_NAME(.init_array.*))
 *(.init_array*)
 .init_array    0x0000000008003cec        0x4 c:/st/stm32cubeide_1.5.1/stm32cubeide/plugins/com.st.stm32cube.ide.mcu.externaltools.gnu-tools-for-stm32.7-2018-q2-update.win32_1.5.0.202011040924/tools/bin/../lib/gcc/arm-none-eabi/7.3.1/thumb/v7e-m/fpv4-sp/hard/crtbegin.o
                0x0000000008003cf0                PROVIDE (__init_array_end = .)
                0x0000000008003cf0                . = ALIGN (0x4)

.fini_array     0x0000000008003cf0        0x4
                0x0000000008003cf0                . = ALIGN (0x4)
                [!provide]                        PROVIDE (__fini_array_start = .)
 *(SORT_BY_NAME(.fini_array.*))
 *(.fini_array*)
 .fini_array    0x0000000008003cf0        0x4 c:/st/stm32cubeide_1.5.1/stm32cubeide/plugins/com.st.stm32cube.ide.mcu.externaltools.gnu-tools-for-stm32.7-2018-q2-update.win32_1.5.0.202011040924/tools/bin/../lib/gcc/arm-none-eabi/7.3.1/thumb/v7e-m/fpv4-sp/hard/crtbegin.o
                [!provide]                        PROVIDE (__fini_array_end = .)
                0x0000000008003cf4                . = ALIGN (0x4)
                0x0000000008003cf4                _sidata = LOADADDR (.data)

.data           0x0000000020000000        0xc load address 0x0000000008003cf4
                0x0000000020000000                . = ALIGN (0x4)
                0x0000000020000000                _sdata = .
 *(.data)
 *(.data*)
 .data.SystemCoreClock
                0x0000000020000000        0x4 Core/Src/system_stm32f3xx.o
                0x0000000020000000                SystemCoreClock
 .data.uwTickFreq
                0x0000000020000004        0x1 Drivers/STM32F3xx_HAL_Driver/Src/stm32f3xx_hal.o
                0x0000000020000004                uwTickFreq
 *fill*         0x0000000020000005        0x3 
 .data.uwTickPrio
                0x0000000020000008        0x4 Drivers/STM32F3xx_HAL_Driver/Src/stm32f3xx_hal.o
                0x0000000020000008                uwTickPrio
                0x000000002000000c                . = ALIGN (0x4)
                0x000000002000000c                _edata = .

.igot.plt       0x000000002000000c        0x0 load address 0x0000000008003d00
 .igot.plt      0x000000002000000c        0x0 c:/st/stm32cubeide_1.5.1/stm32cubeide/plugins/com.st.stm32cube.ide.mcu.externaltools.gnu-tools-for-stm32.7-2018-q2-update.win32_1.5.0.202011040924/tools/bin/../lib/gcc/arm-none-eabi/7.3.1/thumb/v7e-m/fpv4-sp/hard/crtbegin.o
                0x000000002000000c                . = ALIGN (0x4)

.bss            0x000000002000000c      0x118 load address 0x0000000008003d00
                0x000000002000000c                _sbss = .
                0x000000002000000c                __bss_start__ = _sbss
 *(.bss)
 .bss           0x000000002000000c       0x1c c:/st/stm32cubeide_1.5.1/stm32cubeide/plugins/com.st.stm32cube.ide.mcu.externaltools.gnu-tools-for-stm32.7-2018-q2-update.win32_1.5.0.202011040924/tools/bin/../lib/gcc/arm-none-eabi/7.3.1/thumb/v7e-m/fpv4-sp/hard/crtbegin.o
 *(.bss*)
 .bss.canHandle
                0x0000000020000028       0x28 App/boot.o
 .bss.rs232Handle
                0x0000000020000050       0x80 App/boot.o
 .bss.xcpCtoReqPacket.7679
                0x00000000200000d0       0x41 App/boot.o
 .bss.xcpCtoRxInProgress.7681
                0x0000000020000111        0x1 App/boot.o
 .bss.xcpCtoRxLength.7680
                0x0000000020000112        0x1 App/boot.o
 *fill*         0x0000000020000113        0x1 
 .bss.xcpCtoRxStartTime.7682
                0x0000000020000114        0x4 App/boot.o
 .bss.led_toggle_state.7659
                0x0000000020000118        0x1 App/led.o
 *fill*         0x0000000020000119        0x3 
 .bss.timer_counter_last.7660
                0x000000002000011c        0x4 App/led.o
 *(COMMON)
 COMMON         0x0000000020000120        0x4 Drivers/STM32F3xx_HAL_Driver/Src/stm32f3xx_hal.o
                0x0000000020000120                uwTick
                0x0000000020000124                . = ALIGN (0x4)
                0x0000000020000124                _ebss = .
                0x0000000020000124                __bss_end__ = _ebss

._user_heap_stack
                0x0000000020000124      0x604 load address 0x0000000008003d00
                0x0000000020000128                . = ALIGN (0x8)
 *fill*         0x0000000020000124        0x4 
                [!provide]                        PROVIDE (end = .)
                0x0000000020000128                PROVIDE (_end = .)
                0x0000000020000328                . = (. + _Min_Heap_Size)
 *fill*         0x0000000020000128      0x200 
                0x0000000020000728                . = (. + _Min_Stack_Size)
 *fill*         0x0000000020000328      0x400 
                0x0000000020000728                . = ALIGN (0x8)

/DISCARD/
 libc.a(*)
 libm.a(*)
 libgcc.a(*)

.ARM.attributes
                0x0000000000000000       0x30
 *(.ARM.attributes)
 .ARM.attributes
                0x0000000000000000       0x22 c:/st/stm32cubeide_1.5.1/stm32cubeide/plugins/com.st.stm32cube.ide.mcu.externaltools.gnu-tools-for-stm32.7-2018-q2-update.win32_1.5.0.202011040924/tools/bin/../lib/gcc/arm-none-eabi/7.3.1/thumb/v7e-m/fpv4-sp/hard/crti.o
 .ARM.attributes
                0x0000000000000022       0x34 c:/st/stm32cubeide_1.5.1/stm32cubeide/plugins/com.st.stm32cube.ide.mcu.externaltools.gnu-tools-for-stm32.7-2018-q2-update.win32_1.5.0.202011040924/tools/bin/../lib/gcc/arm-none-eabi/7.3.1/thumb/v7e-m/fpv4-sp/hard/crtbegin.o
 .ARM.attributes
                0x0000000000000056       0x39 App/app.o
 .ARM.attributes
                0x000000000000008f       0x39 App/boot.o
 .ARM.attributes
                0x00000000000000c8       0x39 App/led.o
 .ARM.attributes
                0x0000000000000101       0x39 App/timer.o
 .ARM.attributes
                0x000000000000013a       0x39 Core/Src/main.o
 .ARM.attributes
                0x0000000000000173       0x39 Core/Src/stm32f3xx_hal_msp.o
 .ARM.attributes
                0x00000000000001ac       0x39 Core/Src/stm32f3xx_it.o
 .ARM.attributes
                0x00000000000001e5       0x39 Core/Src/system_stm32f3xx.o
 .ARM.attributes
                0x000000000000021e       0x21 Core/Startup/startup_stm32f303k8tx.o
 .ARM.attributes
                0x000000000000023f       0x39 Drivers/STM32F3xx_HAL_Driver/Src/stm32f3xx_hal.o
 .ARM.attributes
                0x0000000000000278       0x39 Drivers/STM32F3xx_HAL_Driver/Src/stm32f3xx_hal_can.o
 .ARM.attributes
                0x00000000000002b1       0x39 Drivers/STM32F3xx_HAL_Driver/Src/stm32f3xx_hal_cortex.o
 .ARM.attributes
                0x00000000000002ea       0x39 Drivers/STM32F3xx_HAL_Driver/Src/stm32f3xx_hal_gpio.o
 .ARM.attributes
                0x0000000000000323       0x39 Drivers/STM32F3xx_HAL_Driver/Src/stm32f3xx_hal_rcc.o
 .ARM.attributes
                0x000000000000035c       0x39 Drivers/STM32F3xx_HAL_Driver/Src/stm32f3xx_hal_uart.o
 .ARM.attributes
                0x0000000000000395       0x34 c:/st/stm32cubeide_1.5.1/stm32cubeide/plugins/com.st.stm32cube.ide.mcu.externaltools.gnu-tools-for-stm32.7-2018-q2-update.win32_1.5.0.202011040924/tools/bin/../lib/gcc/arm-none-eabi/7.3.1/../../../../arm-none-eabi/lib/thumb/v7e-m/fpv4-sp/hard\libc_nano.a(lib_a-init.o)
 .ARM.attributes
                0x00000000000003c9       0x34 c:/st/stm32cubeide_1.5.1/stm32cubeide/plugins/com.st.stm32cube.ide.mcu.externaltools.gnu-tools-for-stm32.7-2018-q2-update.win32_1.5.0.202011040924/tools/bin/../lib/gcc/arm-none-eabi/7.3.1/../../../../arm-none-eabi/lib/thumb/v7e-m/fpv4-sp/hard\libc_nano.a(lib_a-memset.o)
 .ARM.attributes
                0x00000000000003fd       0x22 c:/st/stm32cubeide_1.5.1/stm32cubeide/plugins/com.st.stm32cube.ide.mcu.externaltools.gnu-tools-for-stm32.7-2018-q2-update.win32_1.5.0.202011040924/tools/bin/../lib/gcc/arm-none-eabi/7.3.1/thumb/v7e-m/fpv4-sp/hard/crtn.o
OUTPUT(demoprog_stm32f303.elf elf32-littlearm)

.debug_info     0x0000000000000000     0x9c2c
 .debug_info    0x0000000000000000      0x204 App/app.o
 .debug_info    0x0000000000000204     0x118b App/boot.o
 .debug_info    0x000000000000138f      0x329 App/led.o
 .debug_info    0x00000000000016b8      0x1b4 App/timer.o
 .debug_info    0x000000000000186c     0x11d4 Core/Src/main.o
 .debug_info    0x0000000000002a40      0xdad Core/Src/stm32f3xx_hal_msp.o
 .debug_info    0x00000000000037ed      0x227 Core/Src/stm32f3xx_it.o
 .debug_info    0x0000000000003a14      0x460 Core/Src/system_stm32f3xx.o
 .debug_info    0x0000000000003e74       0x22 Core/Startup/startup_stm32f303k8tx.o
 .debug_info    0x0000000000003e96      0x804 Drivers/STM32F3xx_HAL_Driver/Src/stm32f3xx_hal.o
 .debug_info    0x000000000000469a     0x112b Drivers/STM32F3xx_HAL_Driver/Src/stm32f3xx_hal_can.o
 .debug_info    0x00000000000057c5      0xcb9 Drivers/STM32F3xx_HAL_Driver/Src/stm32f3xx_hal_cortex.o
 .debug_info    0x000000000000647e      0x7c9 Drivers/STM32F3xx_HAL_Driver/Src/stm32f3xx_hal_gpio.o
 .debug_info    0x0000000000006c47     0x1471 Drivers/STM32F3xx_HAL_Driver/Src/stm32f3xx_hal_rcc.o
 .debug_info    0x00000000000080b8     0x1b74 Drivers/STM32F3xx_HAL_Driver/Src/stm32f3xx_hal_uart.o

.debug_abbrev   0x0000000000000000     0x1a33
 .debug_abbrev  0x0000000000000000       0xcc App/app.o
 .debug_abbrev  0x00000000000000cc      0x2e8 App/boot.o
 .debug_abbrev  0x00000000000003b4      0x157 App/led.o
 .debug_abbrev  0x000000000000050b       0xe6 App/timer.o
 .debug_abbrev  0x00000000000005f1      0x25c Core/Src/main.o
 .debug_abbrev  0x000000000000084d      0x1d8 Core/Src/stm32f3xx_hal_msp.o
 .debug_abbrev  0x0000000000000a25       0xe4 Core/Src/stm32f3xx_it.o
 .debug_abbrev  0x0000000000000b09      0x12b Core/Src/system_stm32f3xx.o
 .debug_abbrev  0x0000000000000c34       0x12 Core/Startup/startup_stm32f303k8tx.o
 .debug_abbrev  0x0000000000000c46      0x1ed Drivers/STM32F3xx_HAL_Driver/Src/stm32f3xx_hal.o
 .debug_abbrev  0x0000000000000e33      0x229 Drivers/STM32F3xx_HAL_Driver/Src/stm32f3xx_hal_can.o
 .debug_abbrev  0x000000000000105c      0x303 Drivers/STM32F3xx_HAL_Driver/Src/stm32f3xx_hal_cortex.o
 .debug_abbrev  0x000000000000135f      0x1de Drivers/STM32F3xx_HAL_Driver/Src/stm32f3xx_hal_gpio.o
 .debug_abbrev  0x000000000000153d      0x2a9 Drivers/STM32F3xx_HAL_Driver/Src/stm32f3xx_hal_rcc.o
 .debug_abbrev  0x00000000000017e6      0x24d Drivers/STM32F3xx_HAL_Driver/Src/stm32f3xx_hal_uart.o

.debug_aranges  0x0000000000000000      0x7b0
 .debug_aranges
                0x0000000000000000       0x28 App/app.o
 .debug_aranges
                0x0000000000000028       0x60 App/boot.o
 .debug_aranges
                0x0000000000000088       0x28 App/led.o
 .debug_aranges
                0x00000000000000b0       0x28 App/timer.o
 .debug_aranges
                0x00000000000000d8       0x50 Core/Src/main.o
 .debug_aranges
                0x0000000000000128       0x40 Core/Src/stm32f3xx_hal_msp.o
 .debug_aranges
                0x0000000000000168       0x60 Core/Src/stm32f3xx_it.o
 .debug_aranges
                0x00000000000001c8       0x28 Core/Src/system_stm32f3xx.o
 .debug_aranges
                0x00000000000001f0       0x28 Core/Startup/startup_stm32f303k8tx.o
 .debug_aranges
                0x0000000000000218       0xe0 Drivers/STM32F3xx_HAL_Driver/Src/stm32f3xx_hal.o
 .debug_aranges
                0x00000000000002f8      0x138 Drivers/STM32F3xx_HAL_Driver/Src/stm32f3xx_hal_can.o
 .debug_aranges
                0x0000000000000430       0x90 Drivers/STM32F3xx_HAL_Driver/Src/stm32f3xx_hal_cortex.o
 .debug_aranges
                0x00000000000004c0       0x58 Drivers/STM32F3xx_HAL_Driver/Src/stm32f3xx_hal_gpio.o
 .debug_aranges
                0x0000000000000518       0x88 Drivers/STM32F3xx_HAL_Driver/Src/stm32f3xx_hal_rcc.o
 .debug_aranges
                0x00000000000005a0      0x210 Drivers/STM32F3xx_HAL_Driver/Src/stm32f3xx_hal_uart.o

.debug_ranges   0x0000000000000000      0x748
 .debug_ranges  0x0000000000000000       0x18 App/app.o
 .debug_ranges  0x0000000000000018       0x50 App/boot.o
 .debug_ranges  0x0000000000000068       0x18 App/led.o
 .debug_ranges  0x0000000000000080       0x18 App/timer.o
 .debug_ranges  0x0000000000000098       0x40 Core/Src/main.o
 .debug_ranges  0x00000000000000d8       0x30 Core/Src/stm32f3xx_hal_msp.o
 .debug_ranges  0x0000000000000108       0x50 Core/Src/stm32f3xx_it.o
 .debug_ranges  0x0000000000000158       0x18 Core/Src/system_stm32f3xx.o
 .debug_ranges  0x0000000000000170       0x20 Core/Startup/startup_stm32f303k8tx.o
 .debug_ranges  0x0000000000000190       0xd0 Drivers/STM32F3xx_HAL_Driver/Src/stm32f3xx_hal.o
 .debug_ranges  0x0000000000000260      0x128 Drivers/STM32F3xx_HAL_Driver/Src/stm32f3xx_hal_can.o
 .debug_ranges  0x0000000000000388       0xe0 Drivers/STM32F3xx_HAL_Driver/Src/stm32f3xx_hal_cortex.o
 .debug_ranges  0x0000000000000468       0x48 Drivers/STM32F3xx_HAL_Driver/Src/stm32f3xx_hal_gpio.o
 .debug_ranges  0x00000000000004b0       0x98 Drivers/STM32F3xx_HAL_Driver/Src/stm32f3xx_hal_rcc.o
 .debug_ranges  0x0000000000000548      0x200 Drivers/STM32F3xx_HAL_Driver/Src/stm32f3xx_hal_uart.o

.debug_macro    0x0000000000000000    0x16ebe
 .debug_macro   0x0000000000000000      0x1ee App/app.o
 .debug_macro   0x00000000000001ee      0xa5a App/app.o
 .debug_macro   0x0000000000000c48       0x93 App/app.o
 .debug_macro   0x0000000000000cdb       0x2e App/app.o
 .debug_macro   0x0000000000000d09       0x28 App/app.o
 .debug_macro   0x0000000000000d31       0x22 App/app.o
 .debug_macro   0x0000000000000d53       0x8e App/app.o
 .debug_macro   0x0000000000000de1       0x51 App/app.o
 .debug_macro   0x0000000000000e32       0xef App/app.o
 .debug_macro   0x0000000000000f21       0x6a App/app.o
 .debug_macro   0x0000000000000f8b      0x1df App/app.o
 .debug_macro   0x000000000000116a       0x1c App/app.o
 .debug_macro   0x0000000000001186       0x22 App/app.o
 .debug_macro   0x00000000000011a8       0xdf App/app.o
 .debug_macro   0x0000000000001287      0xf07 App/app.o
 .debug_macro   0x000000000000218e    0x10bd9 App/app.o
 .debug_macro   0x0000000000012d67       0x43 App/app.o
 .debug_macro   0x0000000000012daa      0x157 App/app.o
 .debug_macro   0x0000000000012f01      0x174 App/app.o
 .debug_macro   0x0000000000013075       0x53 App/app.o
 .debug_macro   0x00000000000130c8      0x8f9 App/app.o
 .debug_macro   0x00000000000139c1      0x304 App/app.o
 .debug_macro   0x0000000000013cc5      0x12f App/app.o
 .debug_macro   0x0000000000013df4      0x11b App/app.o
 .debug_macro   0x0000000000013f0f      0x1d5 App/app.o
 .debug_macro   0x00000000000140e4      0x1bc App/app.o
 .debug_macro   0x00000000000142a0       0x34 App/app.o
 .debug_macro   0x00000000000142d4       0x3c App/app.o
 .debug_macro   0x0000000000014310       0x57 App/app.o
 .debug_macro   0x0000000000014367      0x408 App/app.o
 .debug_macro   0x000000000001476f       0xc5 App/app.o
 .debug_macro   0x0000000000014834      0x19f App/app.o
 .debug_macro   0x00000000000149d3      0x22c App/app.o
 .debug_macro   0x0000000000014bff       0x5b App/app.o
 .debug_macro   0x0000000000014c5a       0xa5 App/app.o
 .debug_macro   0x0000000000014cff       0x81 App/app.o
 .debug_macro   0x0000000000014d80       0xd3 App/app.o
 .debug_macro   0x0000000000014e53      0x589 App/app.o
 .debug_macro   0x00000000000153dc       0x44 App/app.o
 .debug_macro   0x0000000000015420      0x285 App/app.o
 .debug_macro   0x00000000000156a5      0x1f4 App/boot.o
 .debug_macro   0x0000000000015899      0x1f4 App/led.o
 .debug_macro   0x0000000000015a8d      0x1ee App/timer.o
 .debug_macro   0x0000000000015c7b      0x1fd Core/Src/main.o
 .debug_macro   0x0000000000015e78       0x28 Core/Src/main.o
 .debug_macro   0x0000000000015ea0      0x1c2 Core/Src/stm32f3xx_hal_msp.o
 .debug_macro   0x0000000000016062      0x1cc Core/Src/stm32f3xx_it.o
 .debug_macro   0x000000000001622e      0x1b9 Core/Src/system_stm32f3xx.o
 .debug_macro   0x00000000000163e7      0x1d7 Drivers/STM32F3xx_HAL_Driver/Src/stm32f3xx_hal.o
 .debug_macro   0x00000000000165be      0x1bb Drivers/STM32F3xx_HAL_Driver/Src/stm32f3xx_hal_can.o
 .debug_macro   0x0000000000016779      0x1b3 Drivers/STM32F3xx_HAL_Driver/Src/stm32f3xx_hal_cortex.o
 .debug_macro   0x000000000001692c      0x1eb Drivers/STM32F3xx_HAL_Driver/Src/stm32f3xx_hal_gpio.o
 .debug_macro   0x0000000000016b17      0x1d7 Drivers/STM32F3xx_HAL_Driver/Src/stm32f3xx_hal_rcc.o
 .debug_macro   0x0000000000016cee      0x1d0 Drivers/STM32F3xx_HAL_Driver/Src/stm32f3xx_hal_uart.o

.debug_line     0x0000000000000000     0x7a4f
 .debug_line    0x0000000000000000      0x6ce App/app.o
 .debug_line    0x00000000000006ce      0x7d6 App/boot.o
 .debug_line    0x0000000000000ea4      0x6d6 App/led.o
 .debug_line    0x000000000000157a      0x6cc App/timer.o
 .debug_line    0x0000000000001c46      0x797 Core/Src/main.o
 .debug_line    0x00000000000023dd      0x6f2 Core/Src/stm32f3xx_hal_msp.o
 .debug_line    0x0000000000002acf      0x712 Core/Src/stm32f3xx_it.o
 .debug_line    0x00000000000031e1      0x6a2 Core/Src/system_stm32f3xx.o
 .debug_line    0x0000000000003883       0x85 Core/Startup/startup_stm32f303k8tx.o
 .debug_line    0x0000000000003908      0x856 Drivers/STM32F3xx_HAL_Driver/Src/stm32f3xx_hal.o
 .debug_line    0x000000000000415e      0xb67 Drivers/STM32F3xx_HAL_Driver/Src/stm32f3xx_hal_can.o
 .debug_line    0x0000000000004cc5      0x865 Drivers/STM32F3xx_HAL_Driver/Src/stm32f3xx_hal_cortex.o
 .debug_line    0x000000000000552a      0x7d3 Drivers/STM32F3xx_HAL_Driver/Src/stm32f3xx_hal_gpio.o
 .debug_line    0x0000000000005cfd      0xb85 Drivers/STM32F3xx_HAL_Driver/Src/stm32f3xx_hal_rcc.o
 .debug_line    0x0000000000006882     0x11cd Drivers/STM32F3xx_HAL_Driver/Src/stm32f3xx_hal_uart.o

.debug_str      0x0000000000000000    0x80939
 .debug_str     0x0000000000000000    0x7dfa7 App/app.o
                                      0x7e18a (size before relaxing)
 .debug_str     0x000000000007dfa7      0x98e App/boot.o
                                      0x7eb6f (size before relaxing)
 .debug_str     0x000000000007e935       0xb7 App/led.o
                                      0x7e20d (size before relaxing)
 .debug_str     0x000000000007e9ec       0x1b App/timer.o
                                      0x7e155 (size before relaxing)
 .debug_str     0x000000000007ea07      0x312 Core/Src/main.o
                                      0x7eb83 (size before relaxing)
 .debug_str     0x000000000007ed19       0x88 Core/Src/stm32f3xx_hal_msp.o
                                      0x7e67b (size before relaxing)
 .debug_str     0x000000000007eda1       0xc9 Core/Src/stm32f3xx_it.o
                                      0x7dfa9 (size before relaxing)
 .debug_str     0x000000000007ee6a       0x73 Core/Src/system_stm32f3xx.o
                                      0x7df7b (size before relaxing)
 .debug_str     0x000000000007eedd       0x36 Core/Startup/startup_stm32f303k8tx.o
                                         0x80 (size before relaxing)
 .debug_str     0x000000000007ef13      0x61e Drivers/STM32F3xx_HAL_Driver/Src/stm32f3xx_hal.o
                                      0x7e5fa (size before relaxing)
 .debug_str     0x000000000007f531      0x467 Drivers/STM32F3xx_HAL_Driver/Src/stm32f3xx_hal_can.o
                                      0x7e71a (size before relaxing)
 .debug_str     0x000000000007f998      0x255 Drivers/STM32F3xx_HAL_Driver/Src/stm32f3xx_hal_cortex.o
                                      0x7e596 (size before relaxing)
 .debug_str     0x000000000007fbed      0x248 Drivers/STM32F3xx_HAL_Driver/Src/stm32f3xx_hal_gpio.o
                                      0x7e23f (size before relaxing)
 .debug_str     0x000000000007fe35      0x2c2 Drivers/STM32F3xx_HAL_Driver/Src/stm32f3xx_hal_rcc.o
                                      0x7e3fc (size before relaxing)
 .debug_str     0x00000000000800f7      0x842 Drivers/STM32F3xx_HAL_Driver/Src/stm32f3xx_hal_uart.o
                                      0x7ebde (size before relaxing)

.comment        0x0000000000000000       0x7b
 .comment       0x0000000000000000       0x7b App/app.o
                                         0x7c (size before relaxing)
 .comment       0x000000000000007b       0x7c App/boot.o
 .comment       0x000000000000007b       0x7c App/led.o
 .comment       0x000000000000007b       0x7c App/timer.o
 .comment       0x000000000000007b       0x7c Core/Src/main.o
 .comment       0x000000000000007b       0x7c Core/Src/stm32f3xx_hal_msp.o
 .comment       0x000000000000007b       0x7c Core/Src/stm32f3xx_it.o
 .comment       0x000000000000007b       0x7c Core/Src/system_stm32f3xx.o
 .comment       0x000000000000007b       0x7c Drivers/STM32F3xx_HAL_Driver/Src/stm32f3xx_hal.o
 .comment       0x000000000000007b       0x7c Drivers/STM32F3xx_HAL_Driver/Src/stm32f3xx_hal_can.o
 .comment       0x000000000000007b       0x7c Drivers/STM32F3xx_HAL_Driver/Src/stm32f3xx_hal_cortex.o
 .comment       0x000000000000007b       0x7c Drivers/STM32F3xx_HAL_Driver/Src/stm32f3xx_hal_gpio.o
 .comment       0x000000000000007b       0x7c Drivers/STM32F3xx_HAL_Driver/Src/stm32f3xx_hal_rcc.o
 .comment       0x000000000000007b       0x7c Drivers/STM32F3xx_HAL_Driver/Src/stm32f3xx_hal_uart.o

.debug_frame    0x0000000000000000     0x11e8
 .debug_frame   0x0000000000000000       0x40 App/app.o
 .debug_frame   0x0000000000000040       0xfc App/boot.o
 .debug_frame   0x000000000000013c       0x40 App/led.o
 .debug_frame   0x000000000000017c       0x38 App/timer.o
 .debug_frame   0x00000000000001b4       0xb8 Core/Src/main.o
 .debug_frame   0x000000000000026c       0x98 Core/Src/stm32f3xx_hal_msp.o
 .debug_frame   0x0000000000000304       0xa8 Core/Src/stm32f3xx_it.o
 .debug_frame   0x00000000000003ac       0x30 Core/Src/system_stm32f3xx.o
 .debug_frame   0x00000000000003dc      0x1cc Drivers/STM32F3xx_HAL_Driver/Src/stm32f3xx_hal.o
 .debug_frame   0x00000000000005a8      0x2e4 Drivers/STM32F3xx_HAL_Driver/Src/stm32f3xx_hal_can.o
 .debug_frame   0x000000000000088c      0x12c Drivers/STM32F3xx_HAL_Driver/Src/stm32f3xx_hal_cortex.o
 .debug_frame   0x00000000000009b8       0xd0 Drivers/STM32F3xx_HAL_Driver/Src/stm32f3xx_hal_gpio.o
 .debug_frame   0x0000000000000a88      0x170 Drivers/STM32F3xx_HAL_Driver/Src/stm32f3xx_hal_rcc.o
 .debug_frame   0x0000000000000bf8      0x5a4 Drivers/STM32F3xx_HAL_Driver/Src/stm32f3xx_hal_uart.o
 .debug_frame   0x000000000000119c       0x2c c:/st/stm32cubeide_1.5.1/stm32cubeide/plugins/com.st.stm32cube.ide.mcu.externaltools.gnu-tools-for-stm32.7-2018-q2-update.win32_1.5.0.202011040924/tools/bin/../lib/gcc/arm-none-eabi/7.3.1/../../../../arm-none-eabi/lib/thumb/v7e-m/fpv4-sp/hard\libc_nano.a(lib_a-init.o)
 .debug_frame   0x00000000000011c8       0x20 c:/st/stm32cubeide_1.5.1/stm32cubeide/plugins/com.st.stm32cube.ide.mcu.externaltools.gnu-tools-for-stm32.7-2018-q2-update.win32_1.5.0.202011040924/tools/bin/../lib/gcc/arm-none-eabi/7.3.1/../../../../arm-none-eabi/lib/thumb/v7e-m/fpv4-sp/hard\libc_nano.a(lib_a-memset.o)

.debug_loc      0x0000000000000000     0x3a6b
 .debug_loc     0x0000000000000000      0x163 App/boot.o
 .debug_loc     0x0000000000000163       0x34 App/led.o
 .debug_loc     0x0000000000000197       0xe8 Core/Src/stm32f3xx_hal_msp.o
 .debug_loc     0x000000000000027f       0xff Core/Src/system_stm32f3xx.o
 .debug_loc     0x000000000000037e      0x11b Drivers/STM32F3xx_HAL_Driver/Src/stm32f3xx_hal.o
 .debug_loc     0x0000000000000499      0xc41 Drivers/STM32F3xx_HAL_Driver/Src/stm32f3xx_hal_can.o
 .debug_loc     0x00000000000010da      0x5ad Drivers/STM32F3xx_HAL_Driver/Src/stm32f3xx_hal_cortex.o
 .debug_loc     0x0000000000001687      0x2bd Drivers/STM32F3xx_HAL_Driver/Src/stm32f3xx_hal_gpio.o
 .debug_loc     0x0000000000001944      0x958 Drivers/STM32F3xx_HAL_Driver/Src/stm32f3xx_hal_rcc.o
 .debug_loc     0x000000000000229c     0x17cf Drivers/STM32F3xx_HAL_Driver/Src/stm32f3xx_hal_uart.o
